Component: ARM Compiler 5.06 update 7 (build 960) Tool: armlink [4d3601]

==============================================================================

Section Cross References

    startup_stm32f10x_hd.o(RESET) refers to startup_stm32f10x_hd.o(STACK) for __initial_sp
    startup_stm32f10x_hd.o(RESET) refers to startup_stm32f10x_hd.o(.text) for Reset_Handler
    startup_stm32f10x_hd.o(RESET) refers to stm32f10x_it.o(.text) for NMI_Handler
    startup_stm32f10x_hd.o(RESET) refers to timer.o(.text) for TIM3_IRQHandler
    startup_stm32f10x_hd.o(RESET) refers to usart1.o(.text) for USART1_IRQHandler
    startup_stm32f10x_hd.o(RESET) refers to usart2.o(.text) for USART2_IRQHandler
    startup_stm32f10x_hd.o(.text) refers to system_stm32f10x.o(.text) for SystemInit
    startup_stm32f10x_hd.o(.text) refers to entry.o(.ARM.Collect$$$$00000000) for __main
    system_stm32f10x.o(.text) refers to system_stm32f10x.o(.data) for SystemCoreClock
    stm32f10x_adc.o(.text) refers to stm32f10x_rcc.o(.text) for RCC_APB2PeriphResetCmd
    stm32f10x_bkp.o(.text) refers to stm32f10x_rcc.o(.text) for RCC_BackupResetCmd
    stm32f10x_can.o(.text) refers to stm32f10x_rcc.o(.text) for RCC_APB1PeriphResetCmd
    stm32f10x_cec.o(.text) refers to stm32f10x_rcc.o(.text) for RCC_APB1PeriphResetCmd
    stm32f10x_dac.o(.text) refers to stm32f10x_rcc.o(.text) for RCC_APB1PeriphResetCmd
    stm32f10x_gpio.o(.text) refers to stm32f10x_rcc.o(.text) for RCC_APB2PeriphResetCmd
    stm32f10x_i2c.o(.text) refers to stm32f10x_rcc.o(.text) for RCC_APB1PeriphResetCmd
    stm32f10x_pwr.o(.text) refers to stm32f10x_rcc.o(.text) for RCC_APB1PeriphResetCmd
    stm32f10x_rcc.o(.text) refers to stm32f10x_rcc.o(.data) for APBAHBPrescTable
    stm32f10x_spi.o(.text) refers to stm32f10x_rcc.o(.text) for RCC_APB2PeriphResetCmd
    stm32f10x_tim.o(.text) refers to stm32f10x_rcc.o(.text) for RCC_APB2PeriphResetCmd
    stm32f10x_usart.o(.text) refers to stm32f10x_rcc.o(.text) for RCC_APB2PeriphResetCmd
    stm32f10x_wwdg.o(.text) refers to stm32f10x_rcc.o(.text) for RCC_APB1PeriphResetCmd
    main.o(.text) refers to oled.o(.text) for OLED_Clear
    main.o(.text) refers to key.o(.text) for KEY_Scan
    main.o(.text) refers to printf8.o(i.__0sprintf$8) for __2sprintf
    main.o(.text) refers to main.o(.data) for mode
    main.o(.text) refers to main.o(.bss) for buff
    main.o(.text) refers to stmflash.o(.text) for STMFLASH_Write
    main.o(.text) refers to gizwits_protocol.o(.text) for gizwitsSetMode
    main.o(.text) refers to bmp280.o(.text) for bmp280GetData
    main.o(.text) refers to ffixui.o(.text) for __aeabi_f2uiz
    main.o(.text) refers to dht11.o(.text) for DHT11_Read_Data
    main.o(.text) refers to adc.o(.text) for get_Adc_Value
    main.o(.text) refers to timer.o(.text) for TIM3_Int_Init
    main.o(.text) refers to usart2.o(.text) for usart2_init
    main.o(.text) refers to memseta.o(.text) for __aeabi_memclr
    main.o(.text) refers to sys.o(.text) for delay_init
    main.o(.text) refers to misc.o(.text) for NVIC_PriorityGroupConfig
    main.o(.text) refers to beep.o(.text) for BEEP_Init
    main.o(.text) refers to led.o(.text) for LED_Init
    main.o(.text) refers to iic.o(.text) for IIC_Init
    main.o(.text) refers to usart1.o(.text) for uart1_init
    main.o(.text) refers to motor.o(.text) for Motor_Init
    main.o(.text) refers to dht11.o(.data) for DHT11_Hum
    main.o(.text) refers to gizwits_product.o(.bss) for currentDataPoint
    main.o(.text) refers to gizwits_product.o(.text) for userHandle
    sys.o(.text) refers to misc.o(.text) for SysTick_CLKSourceConfig
    sys.o(.text) refers to system_stm32f10x.o(.data) for SystemCoreClock
    sys.o(.text) refers to sys.o(.data) for fac_us
    usart2.o(.text) refers to stm32f10x_rcc.o(.text) for RCC_APB2PeriphClockCmd
    usart2.o(.text) refers to stm32f10x_usart.o(.text) for USART_DeInit
    usart2.o(.text) refers to stm32f10x_gpio.o(.text) for GPIO_Init
    usart2.o(.text) refers to misc.o(.text) for NVIC_Init
    usart2.o(.text) refers to printfa.o(i.__0vsprintf) for __c89vsprintf
    usart2.o(.text) refers to strlen.o(.text) for strlen
    usart2.o(.text) refers to gizwits_protocol.o(.text) for gizPutData
    usart2.o(.text) refers to usart2.o(.bss) for USART2_TX_BUF
    usart1.o(.text) refers to stm32f10x_rcc.o(.text) for RCC_APB2PeriphClockCmd
    usart1.o(.text) refers to stm32f10x_gpio.o(.text) for GPIO_Init
    usart1.o(.text) refers to misc.o(.text) for NVIC_Init
    usart1.o(.text) refers to stm32f10x_usart.o(.text) for USART_Init
    usart1.o(.text) refers to usart1.o(.data) for USART_RX_STA
    usart1.o(.text) refers to usart1.o(.bss) for USART_RX_BUF
    oled.o(.text) refers to iic.o(.text) for IIC_Start
    oled.o(.text) refers to oled.o(.constdata) for F8X16
    oled.o(.text) refers to oled.o(.data) for Hzk
    adc.o(.text) refers to stm32f10x_rcc.o(.text) for RCC_APB2PeriphClockCmd
    adc.o(.text) refers to stm32f10x_gpio.o(.text) for GPIO_Init
[...]
    .text                                    0x08007a54   Section        0  dflti.o(.text)
    .text                                    0x08007a76   Section        0  dfltui.o(.text)
    .text                                    0x08007a90   Section        0  ffixui.o(.text)
    .text                                    0x08007ab8   Section        0  f2d.o(.text)
    .text                                    0x08007ae0   Section       48  cdcmple.o(.text)
    .text                                    0x08007b10   Section        0  d2f.o(.text)
    .text                                    0x08007b48   Section       20  cfcmple.o(.text)
    .text                                    0x08007b5c   Section       20  cfrcmple.o(.text)
    .text                                    0x08007b70   Section        0  uidiv.o(.text)
    .text                                    0x08007b9c   Section        0  uldiv.o(.text)
    .text                                    0x08007bfe   Section        0  llshl.o(.text)
    .text                                    0x08007c1c   Section        0  llsshr.o(.text)
    .text                                    0x08007c40   Section        0  fepilogue.o(.text)
    .text                                    0x08007c40   Section        0  iusefp.o(.text)
    .text                                    0x08007cae   Section        0  depilogue.o(.text)
    .text                                    0x08007d68   Section        0  dscalb.o(.text)
    .text                                    0x08007d96   Section        0  dfixul.o(.text)
    .text                                    0x08007dc8   Section       48  cdrcmple.o(.text)
    .text                                    0x08007df8   Section       36  init.o(.text)
    .text                                    0x08007e1c   Section        0  llushr.o(.text)
    .text                                    0x08007e3c   Section        0  dsqrt.o(.text)
    .text                                    0x08007ede   Section        0  __dclz77c.o(.text)
    i.__0printf$8                            0x08007f3c   Section        0  printf8.o(i.__0printf$8)
    i.__0sprintf$8                           0x08007f5c   Section        0  printf8.o(i.__0sprintf$8)
    i.__0vsprintf                            0x08007f84   Section        0  printfa.o(i.__0vsprintf)
    i.__ARM_fpclassify                       0x08007fa8   Section        0  fpclassify.o(i.__ARM_fpclassify)
    i.__kernel_poly                          0x08007fd0   Section        0  poly.o(i.__kernel_poly)
    i.__mathlib_dbl_divzero                  0x0800807c   Section        0  dunder.o(i.__mathlib_dbl_divzero)
    i.__mathlib_dbl_infnan2                  0x0800808c   Section        0  dunder.o(i.__mathlib_dbl_infnan2)
    i.__mathlib_dbl_invalid                  0x08008090   Section        0  dunder.o(i.__mathlib_dbl_invalid)
    i.__mathlib_dbl_overflow                 0x0800809c   Section        0  dunder.o(i.__mathlib_dbl_overflow)
    i.__mathlib_dbl_underflow                0x080080ac   Section        0  dunder.o(i.__mathlib_dbl_underflow)
    i.__scatterload_copy                     0x080080bc   Section       14  handlers.o(i.__scatterload_copy)
    i.__scatterload_null                     0x080080ca   Section        2  handlers.o(i.__scatterload_null)
    i.__scatterload_zeroinit                 0x080080cc   Section       14  handlers.o(i.__scatterload_zeroinit)
    i.__set_errno                            0x080080dc   Section        0  errno.o(i.__set_errno)
    i._fp_digits                             0x080080e8   Section        0  printfa.o(i._fp_digits)
    _fp_digits                               0x080080e9   Thumb Code   366  printfa.o(i._fp_digits)
    i._printf_core                           0x0800826c   Section        0  printf8.o(i._printf_core)
    _printf_core                             0x0800826d   Thumb Code   984  printf8.o(i._printf_core)
    i._printf_core                           0x08008670   Section        0  printfa.o(i._printf_core)
    _printf_core                             0x08008671   Thumb Code  1704  printfa.o(i._printf_core)
    i._printf_post_padding                   0x08008d24   Section        0  printf8.o(i._printf_post_padding)
    _printf_post_padding                     0x08008d25   Thumb Code    36  printf8.o(i._printf_post_padding)
    i._printf_post_padding                   0x08008d48   Section        0  printfa.o(i._printf_post_padding)
    _printf_post_padding                     0x08008d49   Thumb Code    36  printfa.o(i._printf_post_padding)
    i._printf_pre_padding                    0x08008d6c   Section        0  printf8.o(i._printf_pre_padding)
    _printf_pre_padding                      0x08008d6d   Thumb Code    46  printf8.o(i._printf_pre_padding)
    i._printf_pre_padding                    0x08008d9a   Section        0  printfa.o(i._printf_pre_padding)
    _printf_pre_padding                      0x08008d9b   Thumb Code    46  printfa.o(i._printf_pre_padding)
    i._sputc                                 0x08008dc8   Section        0  printf8.o(i._sputc)
    _sputc                                   0x08008dc9   Thumb Code    10  printf8.o(i._sputc)
    i._sputc                                 0x08008dd2   Section        0  printfa.o(i._sputc)
    _sputc                                   0x08008dd3   Thumb Code    10  printfa.o(i._sputc)
    i.pow                                    0x08008ddc   Section        0  pow.o(i.pow)
    i.sqrt                                   0x080097b4   Section        0  sqrt.o(i.sqrt)
    .constdata                               0x08009800   Section     2088  oled.o(.constdata)
    .constdata                               0x0800a028   Section       48  common.o(.constdata)
    .constdata                               0x0800a058   Section      136  pow.o(.constdata)
    bp                                       0x0800a058   Data          16  pow.o(.constdata)
    dp_h                                     0x0800a068   Data          16  pow.o(.constdata)
    dp_l                                     0x0800a078   Data          16  pow.o(.constdata)
    L                                        0x0800a088   Data          48  pow.o(.constdata)
    P                                        0x0800a0b8   Data          40  pow.o(.constdata)
    .constdata                               0x0800a0e0   Section        8  qnan.o(.constdata)
    .data                                    0x20000000   Section       20  system_stm32f10x.o(.data)
    .data                                    0x20000014   Section       20  stm32f10x_rcc.o(.data)
    APBAHBPrescTable                         0x20000014   Data          16  stm32f10x_rcc.o(.data)
    ADCPrescTable                            0x20000024   Data           4  stm32f10x_rcc.o(.data)
    .data                                    0x20000028   Section       48  main.o(.data)
    bmp280_press                             0x2000004c   Data           4  main.o(.data)
    bmp280_temp                              0x20000050   Data           4  main.o(.data)
    bmp280_asi                               0x20000054   Data           4  main.o(.data)
    .data                                    0x20000058   Section        4  sys.o(.data)
    fac_us                                   0x20000058   Data           1  sys.o(.data)
    fac_ms                                   0x2000005a   Data           2  sys.o(.data)
    .data                                    0x2000005c   Section       10  usart1.o(.data)
    .data                                    0x20000066   Section     4480  oled.o(.data)
    .data                                    0x200011e8   Section        8  adc.o(.data)
    i                                        0x200011e8   Data           4  adc.o(.data)
    j                                        0x200011ec   Data           4  adc.o(.data)
    .data                                    0x200011f0   Section        1  key.o(.data)
    key_up                                   0x200011f0   Data           1  key.o(.data)
    .data                                    0x200011f1   Section        2  dht11.o(.data)
    .data                                    0x200011f4   Section       24  bmp280.o(.data)
    bmp280ID                                 0x200011f4   Data           1  bmp280.o(.data)
    isInit                                   0x200011f5   Data           1  bmp280.o(.data)
    bmp280RawPressure                        0x200011f8   Data           4  bmp280.o(.data)
    bmp280RawTemperature                     0x200011fc   Data           4  bmp280.o(.data)
    i                                        0x20001200   Data           1  bmp280.o(.data)
    t                                        0x20001204   Data           4  bmp280.o(.data)
    p                                        0x20001208   Data           4  bmp280.o(.data)
    .data                                    0x2000120c   Section        4  gizwits_product.o(.data)
    timerMsCount                             0x2000120c   Data           4  gizwits_product.o(.data)
    .data                                    0x20001210   Section       16  gizwits_protocol.o(.data)
    lastReportTime                           0x20001210   Data           4  gizwits_protocol.o(.data)
    lastRepTime                              0x20001214   Data           4  gizwits_protocol.o(.data)
    protocolFlag                             0x20001218   Data           1  gizwits_protocol.o(.data)
    protocolCount                            0x2000121a   Data           2  gizwits_protocol.o(.data)
    lastData                                 0x2000121c   Data           1  gizwits_protocol.o(.data)
    debugCount                               0x2000121d   Data           1  gizwits_protocol.o(.data)
    lastStatus                               0x2000121e   Data           2  gizwits_protocol.o(.data)
    .data                                    0x20001220   Section        4  errno.o(.data)
    _errno                                   0x20001220   Data           4  errno.o(.data)
    .bss                                     0x20001224   Section       30  main.o(.bss)
    .bss                                     0x20001242   Section     1200  usart2.o(.bss)
    .bss                                     0x200016f2   Section      200  usart1.o(.bss)
    .bss                                     0x200017ba   Section       48  adc.o(.bss)
    AD_Val_LB                                0x200017ba   Data          48  adc.o(.bss)
    .bss                                     0x200017ec   Section       48  bmp280.o(.bss)
    filter_buf                               0x20001808   Data          20  bmp280.o(.bss)
    .bss                                     0x2000181c   Section     1024  stmflash.o(.bss)
    .bss                                     0x20001c1c   Section       30  gizwits_product.o(.bss)
    .bss                                     0x20001c3c   Section      596  gizwits_protocol.o(.bss)
    rbBuf                                    0x20001e10   Data         128  gizwits_protocol.o(.bss)
    STACK                                    0x20001e90   Section     1024  startup_stm32f10x_hd.o(STACK)

    Global Symbols

    Symbol Name                              Value     Ov Type        Size  Object(Section)

    BuildAttributes$$THM_ISAv4$P$D$K$B$S$PE$A:L22UL41UL21$X:L11$S22US41US21$IEEE1$IW$USESV6$~STKCKD$USESV7$~SHL$OTIME$ROPI$IEEEX$EBA8$MICROLIB$REQ8$PRES8$EABIv2 0x00000000   Number         0  anon$$obj.o ABSOLUTE
    __ARM_use_no_argv                        0x00000000   Number         0  main.o ABSOLUTE
    __use_no_errno                           0x00000000   Number         0  useno.o ABSOLUTE
    __use_no_exception_handling              0x00000000   Number         0  useno.o ABSOLUTE
    __use_no_fp                              0x00000000   Number         0  useno.o ABSOLUTE
    __use_no_heap                            0x00000000   Number         0  useno.o ABSOLUTE
    __use_no_heap_region                     0x00000000   Number         0  useno.o ABSOLUTE
    __use_no_semihosting                     0x00000000   Number         0  useno.o ABSOLUTE
    __use_no_semihosting_swi                 0x00000000   Number         0  useno.o ABSOLUTE
    __use_no_signal_handling                 0x00000000   Number         0  useno.o ABSOLUTE
    _printf_a                                0x00000000   Number         0  stubs.o ABSOLUTE
    _printf_c                                0x00000000   Number         0  stubs.o ABSOLUTE
    _printf_charcount                        0x00000000   Number         0  stubs.o ABSOLUTE
    _printf_d                                0x00000000   Number         0  stubs.o ABSOLUTE
    _printf_e                                0x00000000   Number         0  stubs.o ABSOLUTE
    _printf_f                                0x00000000   Number         0  stubs.o ABSOLUTE
    _printf_flags                            0x00000000   Number         0  stubs.o ABSOLUTE
    _printf_fp_dec                           0x00000000   Number         0  stubs.o ABSOLUTE
    _printf_fp_hex                           0x00000000   Number         0  stubs.o ABSOLUTE
    _printf_g                                0x00000000   Number         0  stubs.o ABSOLUTE
    _printf_i                                0x00000000   Number         0  stubs.o ABSOLUTE
    _printf_int_dec                          0x00000000   Number         0  stubs.o ABSOLUTE
    _printf_l                                0x00000000   Number         0  stubs.o ABSOLUTE
    _printf_lc                               0x00000000   Number         0  stubs.o ABSOLUTE
    _printf_ll                               0x00000000   Number         0  stubs.o ABSOLUTE
    _printf_lld                              0x00000000   Number         0  stubs.o ABSOLUTE
    _printf_lli                              0x00000000   Number         0  stubs.o ABSOLUTE
    _printf_llo                              0x00000000   Number         0  stubs.o ABSOLUTE
    _printf_llu                              0x00000000   Number         0  stubs.o ABSOLUTE
    _printf_llx                              0x00000000   Number         0  stubs.o ABSOLUTE
    _printf_longlong_dec                     0x00000000   Number         0  stubs.o ABSOLUTE
    _printf_longlong_hex                     0x00000000   Number         0  stubs.o ABSOLUTE
    _printf_longlong_oct                     0x00000000   Number         0  stubs.o ABSOLUTE
    _printf_ls                               0x00000000   Number         0  stubs.o ABSOLUTE
    _printf_mbtowc                           0x00000000   Number         0  stubs.o ABSOLUTE
    _printf_n                                0x00000000   Number         0  stubs.o ABSOLUTE
    _printf_o                                0x00000000   Number         0  stubs.o ABSOLUTE
    _printf_p                                0x00000000   Number         0  stubs.o ABSOLUTE
    _printf_percent                          0x00000000   Number         0  stubs.o ABSOLUTE
    _printf_pre_padding                      0x00000000   Number         0  stubs.o ABSOLUTE
    _printf_return_value                     0x00000000   Number         0  stubs.o ABSOLUTE
    _printf_s                                0x00000000   Number         0  stubs.o ABSOLUTE
    _printf_sizespec                         0x00000000   Number         0  stubs.o ABSOLUTE
    _printf_str                              0x00000000   Number         0  stubs.o ABSOLUTE
    _printf_truncate_signed                  0x00000000   Number         0  stubs.o ABSOLUTE
    _printf_truncate_unsigned                0x00000000   Number         0  stubs.o ABSOLUTE
    _printf_u                                0x00000000   Number         0  stubs.o ABSOLUTE
    _printf_wc                               0x00000000   Number         0  stubs.o ABSOLUTE
    _printf_wctomb                           0x00000000   Number         0  stubs.o ABSOLUTE
    _printf_widthprec                        0x00000000   Number         0  stubs.o ABSOLUTE
    _printf_x                                0x00000000   Number         0  stubs.o ABSOLUTE
    __arm_fini_                               - Undefined Weak Reference
    __cpp_initialize__aeabi_                  - Undefined Weak Reference
    __cxa_finalize                            - Undefined Weak Reference
    _clock_init                               - Undefined Weak Reference
    _microlib_exit                            - Undefined Weak Reference
    __Vectors_Size                           0x00000130   Number         0  startup_stm32f10x_hd.o ABSOLUTE
    __Vectors                                0x08000000   Data           4  startup_stm32f10x_hd.o(RESET)
    __Vectors_End                            0x08000130   Data           0  startup_stm32f10x_hd.o(RESET)
    __main                                   0x08000131   Thumb Code     0  entry.o(.ARM.Collect$$$$00000000)
    _main_stk                                0x08000131   Thumb Code     0  entry2.o(.ARM.Collect$$$$00000001)
    _main_scatterload                        0x08000135   Thumb Code     0  entry5.o(.ARM.Collect$$$$00000004)
    __main_after_scatterload                 0x08000139   Thumb Code     0  entry5.o(.ARM.Collect$$$$00000004)
    _main_clock                              0x08000139   Thumb Code     0  entry7b.o(.ARM.Collect$$$$00000008)
    _main_cpp_init                           0x08000139   Thumb Code     0  entry8b.o(.ARM.Collect$$$$0000000A)
    _main_init                               0x08000139   Thumb Code     0  entry9a.o(.ARM.Collect$$$$0000000B)
    __rt_lib_shutdown_fini                   0x08000141   Thumb Code     0  entry12b.o(.ARM.Collect$$$$0000000E)
    __rt_final_cpp                           0x08000145   Thumb Code     0  entry10a.o(.ARM.Collect$$$$0000000F)
    __rt_final_exit                          0x08000145   Thumb Code     0  entry11a.o(.ARM.Collect$$$$00000011)
    Reset_Handler                            0x08000149   Thumb Code     8  startup_stm32f10x_hd.o(.text)
    SysTick_Handler                          0x08000161   Thumb Code     2  startup_stm32f10x_hd.o(.text)
    ADC1_2_IRQHandler                        0x08000163   Thumb Code     0  startup_stm32f10x_hd.o(.text)
    ADC3_IRQHandler                          0x08000163   Thumb Code     0  startup_stm32f10x_hd.o(.text)
    CAN1_RX1_IRQHandler                      0x08000163   Thumb Code     0  startup_stm32f10x_hd.o(.text)
    CAN1_SCE_IRQHandler                      0x08000163   Thumb Code     0  startup_stm32f10x_hd.o(.text)
    DMA1_Channel1_IRQHandler                 0x08000163   Thumb Code     0  startup_stm32f10x_hd.o(.text)
    DMA1_Channel2_IRQHandler                 0x08000163   Thumb Code     0  startup_stm32f10x_hd.o(.text)
    DMA1_Channel3_IRQHandler                 0x08000163   Thumb Code     0  startup_stm32f10x_hd.o(.text)
    DMA1_Channel4_IRQHandler                 0x08000163   Thumb Code     0  startup_stm32f10x_hd.o(.text)
    DMA1_Channel5_IRQHandler                 0x08000163   Thumb Code     0  startup_stm32f10x_hd.o(.text)
    DMA1_Channel6_IRQHandler                 0x08000163   Thumb Code     0  startup_stm32f10x_hd.o(.text)
    DMA1_Channel7_IRQHandler                 0x08000163   Thumb Code     0  startup_stm32f10x_hd.o(.text)
    DMA2_Channel1_IRQHandler                 0x08000163   Thumb Code     0  startup_stm32f10x_hd.o(.text)
    DMA2_Channel2_IRQHandler                 0x08000163   Thumb Code     0  startup_stm32f10x_hd.o(.text)
    DMA2_Channel3_IRQHandler                 0x08000163   Thumb Code     0  startup_stm32f10x_hd.o(.text)
    DMA2_Channel4_5_IRQHandler               0x08000163   Thumb Code     0  startup_stm32f10x_hd.o(.text)
    EXTI0_IRQHandler                         0x08000163   Thumb Code     0  startup_stm32f10x_hd.o(.text)
    EXTI15_10_IRQHandler                     0x08000163   Thumb Code     0  startup_stm32f10x_hd.o(.text)
    EXTI1_IRQHandler                         0x08000163   Thumb Code     0  startup_stm32f10x_hd.o(.text)
    EXTI2_IRQHandler                         0x08000163   Thumb Code     0  startup_stm32f10x_hd.o(.text)
    EXTI3_IRQHandler                         0x08000163   Thumb Code     0  startup_stm32f10x_hd.o(.text)
    EXTI4_IRQHandler                         0x08000163   Thumb Code     0  startup_stm32f10x_hd.o(.text)
    EXTI9_5_IRQHandler                       0x08000163   Thumb Code     0  startup_stm32f10x_hd.o(.text)
    FLASH_IRQHandler                         0x08000163   Thumb Code     0  startup_stm32f10x_hd.o(.text)
    FSMC_IRQHandler                          0x08000163   Thumb Code     0  startup_stm32f10x_hd.o(.text)
    I2C1_ER_IRQHandler                       0x08000163   Thumb Code     0  startup_stm32f10x_hd.o(.text)
    I2C1_EV_IRQHandler                       0x08000163   Thumb Code     0  startup_stm32f10x_hd.o(.text)
    I2C2_ER_IRQHandler                       0x08000163   Thumb Code     0  startup_stm32f10x_hd.o(.text)
    I2C2_EV_IRQHandler                       0x08000163   Thumb Code     0  startup_stm32f10x_hd.o(.text)
    PVD_IRQHandler                           0x08000163   Thumb Code     0  startup_stm32f10x_hd.o(.text)
    RCC_IRQHandler                           0x08000163   Thumb Code     0  startup_stm32f10x_hd.o(.text)
    RTCAlarm_IRQHandler                      0x08000163   Thumb Code     0  startup_stm32f10x_hd.o(.text)
    RTC_IRQHandler                           0x08000163   Thumb Code     0  startup_stm32f10x_hd.o(.text)
    SDIO_IRQHandler                          0x08000163   Thumb Code     0  startup_stm32f10x_hd.o(.text)
    SPI1_IRQHandler                          0x08000163   Thumb Code     0  startup_stm32f10x_hd.o(.text)
    SPI2_IRQHandler                          0x08000163   Thumb Code     0  startup_stm32f10x_hd.o(.text)
    SPI3_IRQHandler                          0x08000163   Thumb Code     0  startup_stm32f10x_hd.o(.text)
    TAMPER_IRQHandler                        0x08000163   Thumb Code     0  startup_stm32f10x_hd.o(.text)
    TIM1_BRK_IRQHandler                      0x08000163   Thumb Code     0  startup_stm32f10x_hd.o(.text)
    TIM1_CC_IRQHandler                       0x08000163   Thumb Code     0  startup_stm32f10x_hd.o(.text)
    TIM1_TRG_COM_IRQHandler                  0x08000163   Thumb Code     0  startup_stm32f10x_hd.o(.text)
    TIM1_UP_IRQHandler                       0x08000163   Thumb Code     0  startup_stm32f10x_hd.o(.text)
    TIM2_IRQHandler                          0x08000163   Thumb Code     0  startup_stm32f10x_hd.o(.text)
    TIM4_IRQHandler                          0x08000163   Thumb Code     0  startup_stm32f10x_hd.o(.text)
    TIM5_IRQHandler                          0x08000163   Thumb Code     0  startup_stm32f10x_hd.o(.text)
    TIM6_IRQHandler                          0x08000163   Thumb Code     0  startup_stm32f10x_hd.o(.text)
    TIM7_IRQHandler                          0x08000163   Thumb Code     0  startup_stm32f10x_hd.o(.text)
    TIM8_BRK_IRQHandler                      0x08000163   Thumb Code     0  startup_stm32f10x_hd.o(.text)
    TIM8_CC_IRQHandler                       0x08000163   Thumb Code     0  startup_stm32f10x_hd.o(.text)
    TIM8_TRG_COM_IRQHandler                  0x08000163   Thumb Code     0  startup_stm32f10x_hd.o(.text)
    TIM8_UP_IRQHandler                       0x08000163   Thumb Code     0  startup_stm32f10x_hd.o(.text)
    UART4_IRQHandler                         0x08000163   Thumb Code     0  startup_stm32f10x_hd.o(.text)
    UART5_IRQHandler                         0x08000163   Thumb Code     0  startup_stm32f10x_hd.o(.text)
    USART3_IRQHandler                        0x08000163   Thumb Code     0  startup_stm32f10x_hd.o(.text)
    USBWakeUp_IRQHandler                     0x08000163   Thumb Code     0  startup_stm32f10x_hd.o(.text)
    USB_HP_CAN1_TX_IRQHandler                0x08000163   Thumb Code     0  startup_stm32f10x_hd.o(.text)
    USB_LP_CAN1_RX0_IRQHandler               0x08000163   Thumb Code     0  startup_stm32f10x_hd.o(.text)
    WWDG_IRQHandler                          0x08000163   Thumb Code     0  startup_stm32f10x_hd.o(.text)
    SystemInit                               0x0800024b   Thumb Code    78  system_stm32f10x.o(.text)
    SystemCoreClockUpdate                    0x08000299   Thumb Code   142  system_stm32f10x.o(.text)
    NVIC_PriorityGroupConfig                 0x0800034d   Thumb Code    10  misc.o(.text)
    NVIC_Init                                0x08000357   Thumb Code   100  misc.o(.text)
    NVIC_SetVectorTable                      0x080003bb   Thumb Code    14  misc.o(.text)
    NVIC_SystemLPConfig                      0x080003c9   Thumb Code    34  misc.o(.text)
    SysTick_CLKSourceConfig                  0x080003eb   Thumb Code    40  misc.o(.text)
    ADC_DeInit                               0x08000429   Thumb Code    78  stm32f10x_adc.o(.text)
    ADC_Init                                 0x08000477   Thumb Code    70  stm32f10x_adc.o(.text)
    ADC_StructInit                           0x080004bd   Thumb Code    18  stm32f10x_adc.o(.text)
    ADC_Cmd                                  0x080004cf   Thumb Code    22  stm32f10x_adc.o(.text)
    ADC_DMACmd                               0x080004e5   Thumb Code    22  stm32f10x_adc.o(.text)
    ADC_ITConfig                             0x080004fb   Thumb Code    24  stm32f10x_adc.o(.text)
    ADC_ResetCalibration                     0x08000513   Thumb Code    10  stm32f10x_adc.o(.text)
    ADC_GetResetCalibrationStatus            0x0800051d   Thumb Code    20  stm32f10x_adc.o(.text)
    ADC_StartCalibration                     0x08000531   Thumb Code    10  stm32f10x_adc.o(.text)
    ADC_GetCalibrationStatus                 0x0800053b   Thumb Code    20  stm32f10x_adc.o(.text)
    ADC_SoftwareStartConvCmd                 0x0800054f   Thumb Code    22  stm32f10x_adc.o(.text)
    ADC_GetSoftwareStartConvStatus           0x08000565   Thumb Code    20  stm32f10x_adc.o(.text)
    ADC_DiscModeChannelCountConfig           0x08000579   Thumb Code    24  stm32f10x_adc.o(.text)
    ADC_DiscModeCmd                          0x08000591   Thumb Code    22  stm32f10x_adc.o(.text)
    ADC_RegularChannelConfig                 0x080005a7   Thumb Code   184  stm32f10x_adc.o(.text)
    ADC_ExternalTrigConvCmd                  0x0800065f   Thumb Code    22  stm32f10x_adc.o(.text)
    ADC_GetConversionValue                   0x08000675   Thumb Code     8  stm32f10x_adc.o(.text)
    ADC_GetDualModeConversionValue           0x0800067d   Thumb Code     8  stm32f10x_adc.o(.text)
    ADC_AutoInjectedConvCmd                  0x08000685   Thumb Code    22  stm32f10x_adc.o(.text)
    ADC_InjectedDiscModeCmd                  0x0800069b   Thumb Code    22  stm32f10x_adc.o(.text)
    ADC_ExternalTrigInjectedConvConfig       0x080006b1   Thumb Code    16  stm32f10x_adc.o(.text)
    ADC_ExternalTrigInjectedConvCmd          0x080006c1   Thumb Code    22  stm32f10x_adc.o(.text)
    ADC_SoftwareStartInjectedConvCmd         0x080006d7   Thumb Code    22  stm32f10x_adc.o(.text)
    ADC_GetSoftwareStartInjectedConvCmdStatus 0x080006ed   Thumb Code    20  stm32f10x_adc.o(.text)
    ADC_InjectedChannelConfig                0x08000701   Thumb Code   130  stm32f10x_adc.o(.text)
    ADC_InjectedSequencerLengthConfig        0x08000783   Thumb Code    24  stm32f10x_adc.o(.text)
    ADC_SetInjectedOffset                    0x0800079b   Thumb Code    20  stm32f10x_adc.o(.text)
    ADC_GetInjectedConversionValue           0x080007af   Thumb Code    28  stm32f10x_adc.o(.text)
    ADC_AnalogWatchdogCmd                    0x080007cb   Thumb Code    16  stm32f10x_adc.o(.text)
    ADC_AnalogWatchdogThresholdsConfig       0x080007db   Thumb Code     6  stm32f10x_adc.o(.text)
    ADC_AnalogWatchdogSingleChannelConfig    0x080007e1   Thumb Code    16  stm32f10x_adc.o(.text)
    ADC_TempSensorVrefintCmd                 0x080007f1   Thumb Code    64  stm32f10x_adc.o(.text)
    ADC_GetFlagStatus                        0x08000831   Thumb Code    18  stm32f10x_adc.o(.text)
    ADC_ClearFlag                            0x08000843   Thumb Code     6  stm32f10x_adc.o(.text)
    ADC_GetITStatus                          0x08000849   Thumb Code    36  stm32f10x_adc.o(.text)
    ADC_ClearITPendingBit                    0x0800086d   Thumb Code    10  stm32f10x_adc.o(.text)
    FLASH_SetLatency                         0x08000879   Thumb Code    18  stm32f10x_flash.o(.text)
    FLASH_HalfCycleAccessCmd                 0x0800088b   Thumb Code    22  stm32f10x_flash.o(.text)
    FLASH_PrefetchBufferCmd                  0x080008a1   Thumb Code    22  stm32f10x_flash.o(.text)
    FLASH_Unlock                             0x080008b7   Thumb Code    12  stm32f10x_flash.o(.text)
    FLASH_UnlockBank1                        0x080008c3   Thumb Code    12  stm32f10x_flash.o(.text)
    FLASH_Lock                               0x080008cf   Thumb Code    14  stm32f10x_flash.o(.text)
    FLASH_LockBank1                          0x080008dd   Thumb Code    14  stm32f10x_flash.o(.text)
    FLASH_GetBank1Status                     0x080008eb   Thumb Code    48  stm32f10x_flash.o(.text)
    FLASH_WaitForLastOperation               0x0800091b   Thumb Code    38  stm32f10x_flash.o(.text)
    FLASH_ErasePage                          0x08000941   Thumb Code    72  stm32f10x_flash.o(.text)
    FLASH_EraseAllPages                      0x08000989   Thumb Code    68  stm32f10x_flash.o(.text)
    FLASH_WaitForLastBank1Operation          0x080009cd   Thumb Code    38  stm32f10x_flash.o(.text)
    FLASH_EraseAllBank1Pages                 0x080009f3   Thumb Code    68  stm32f10x_flash.o(.text)
    FLASH_GetReadOutProtectionStatus         0x08000a37   Thumb Code    20  stm32f10x_flash.o(.text)
    FLASH_EraseOptionBytes                   0x08000a4b   Thumb Code   150  stm32f10x_flash.o(.text)
    FLASH_ProgramWord                        0x08000ae1   Thumb Code   102  stm32f10x_flash.o(.text)
    FLASH_ProgramHalfWord                    0x08000b47   Thumb Code    60  stm32f10x_flash.o(.text)
    FLASH_ProgramOptionByteData              0x08000b83   Thumb Code    72  stm32f10x_flash.o(.text)
    FLASH_EnableWriteProtection              0x08000bcb   Thumb Code   200  stm32f10x_flash.o(.text)
    FLASH_ReadOutProtection                  0x08000c93   Thumb Code   156  stm32f10x_flash.o(.text)
    FLASH_UserOptionByteConfig               0x08000d2f   Thumb Code    88  stm32f10x_flash.o(.text)
    FLASH_GetUserOptionByte                  0x08000d87   Thumb Code     8  stm32f10x_flash.o(.text)
    FLASH_GetWriteProtectionOptionByte       0x08000d8f   Thumb Code     6  stm32f10x_flash.o(.text)
    FLASH_GetPrefetchBufferStatus            0x08000d95   Thumb Code    20  stm32f10x_flash.o(.text)
    FLASH_ITConfig                           0x08000da9   Thumb Code    26  stm32f10x_flash.o(.text)
    FLASH_GetFlagStatus                      0x08000dc3   Thumb Code    42  stm32f10x_flash.o(.text)
    FLASH_ClearFlag                          0x08000ded   Thumb Code     6  stm32f10x_flash.o(.text)
    FLASH_GetStatus                          0x08000df3   Thumb Code    48  stm32f10x_flash.o(.text)
    GPIO_DeInit                              0x08000e35   Thumb Code   172  stm32f10x_gpio.o(.text)
    GPIO_AFIODeInit                          0x08000ee1   Thumb Code    20  stm32f10x_gpio.o(.text)
    GPIO_Init                                0x08000ef5   Thumb Code   278  stm32f10x_gpio.o(.text)
    GPIO_StructInit                          0x0800100b   Thumb Code    16  stm32f10x_gpio.o(.text)
    GPIO_ReadInputDataBit                    0x0800101b   Thumb Code    18  stm32f10x_gpio.o(.text)
    GPIO_ReadInputData                       0x0800102d   Thumb Code     8  stm32f10x_gpio.o(.text)
    GPIO_ReadOutputDataBit                   0x08001035   Thumb Code    18  stm32f10x_gpio.o(.text)
    GPIO_ReadOutputData                      0x08001047   Thumb Code     8  stm32f10x_gpio.o(.text)
    GPIO_SetBits                             0x0800104f   Thumb Code     4  stm32f10x_gpio.o(.text)
    GPIO_ResetBits                           0x08001053   Thumb Code     4  stm32f10x_gpio.o(.text)
    GPIO_WriteBit                            0x08001057   Thumb Code    10  stm32f10x_gpio.o(.text)
    GPIO_Write                               0x08001061   Thumb Code     4  stm32f10x_gpio.o(.text)
    GPIO_PinLockConfig                       0x08001065   Thumb Code    18  stm32f10x_gpio.o(.text)
    GPIO_EventOutputConfig                   0x08001077   Thumb Code    26  stm32f10x_gpio.o(.text)
    GPIO_EventOutputCmd                      0x08001091   Thumb Code     6  stm32f10x_gpio.o(.text)
    GPIO_PinRemapConfig                      0x08001097   Thumb Code   138  stm32f10x_gpio.o(.text)
    GPIO_EXTILineConfig                      0x08001121   Thumb Code    66  stm32f10x_gpio.o(.text)
    GPIO_ETH_MediaInterfaceConfig            0x08001163   Thumb Code     8  stm32f10x_gpio.o(.text)
    RCC_DeInit                               0x08001191   Thumb Code    64  stm32f10x_rcc.o(.text)
    RCC_HSEConfig                            0x080011d1   Thumb Code    70  stm32f10x_rcc.o(.text)
    RCC_GetFlagStatus                        0x08001217   Thumb Code    56  stm32f10x_rcc.o(.text)
    RCC_WaitForHSEStartUp                    0x0800124f   Thumb Code    56  stm32f10x_rcc.o(.text)
    RCC_AdjustHSICalibrationValue            0x08001287   Thumb Code    20  stm32f10x_rcc.o(.text)
    RCC_HSICmd                               0x0800129b   Thumb Code     6  stm32f10x_rcc.o(.text)
    RCC_PLLConfig                            0x080012a1   Thumb Code    24  stm32f10x_rcc.o(.text)
    RCC_PLLCmd                               0x080012b9   Thumb Code     6  stm32f10x_rcc.o(.text)
    RCC_SYSCLKConfig                         0x080012bf   Thumb Code    18  stm32f10x_rcc.o(.text)
    RCC_GetSYSCLKSource                      0x080012d1   Thumb Code    10  stm32f10x_rcc.o(.text)
    RCC_HCLKConfig                           0x080012db   Thumb Code    18  stm32f10x_rcc.o(.text)
    RCC_PCLK1Config                          0x080012ed   Thumb Code    18  stm32f10x_rcc.o(.text)
    RCC_PCLK2Config                          0x080012ff   Thumb Code    20  stm32f10x_rcc.o(.text)
    RCC_ITConfig                             0x08001313   Thumb Code    26  stm32f10x_rcc.o(.text)
    RCC_USBCLKConfig                         0x0800132d   Thumb Code     8  stm32f10x_rcc.o(.text)
    RCC_ADCCLKConfig                         0x08001335   Thumb Code    18  stm32f10x_rcc.o(.text)
    RCC_LSEConfig                            0x08001347   Thumb Code    50  stm32f10x_rcc.o(.text)
    RCC_LSICmd                               0x08001379   Thumb Code     6  stm32f10x_rcc.o(.text)
    RCC_RTCCLKConfig                         0x0800137f   Thumb Code    12  stm32f10x_rcc.o(.text)
    RCC_RTCCLKCmd                            0x0800138b   Thumb Code     8  stm32f10x_rcc.o(.text)
    RCC_GetClocksFreq                        0x08001393   Thumb Code   192  stm32f10x_rcc.o(.text)
    RCC_AHBPeriphClockCmd                    0x08001453   Thumb Code    26  stm32f10x_rcc.o(.text)
    RCC_APB2PeriphClockCmd                   0x0800146d   Thumb Code    26  stm32f10x_rcc.o(.text)
    RCC_APB1PeriphClockCmd                   0x08001487   Thumb Code    26  stm32f10x_rcc.o(.text)
    RCC_APB2PeriphResetCmd                   0x080014a1   Thumb Code    26  stm32f10x_rcc.o(.text)
    RCC_APB1PeriphResetCmd                   0x080014bb   Thumb Code    26  stm32f10x_rcc.o(.text)
    RCC_BackupResetCmd                       0x080014d5   Thumb Code     8  stm32f10x_rcc.o(.text)
    RCC_ClockSecuritySystemCmd               0x080014dd   Thumb Code     6  stm32f10x_rcc.o(.text)
    RCC_MCOConfig                            0x080014e3   Thumb Code     6  stm32f10x_rcc.o(.text)
    RCC_ClearFlag                            0x080014e9   Thumb Code    14  stm32f10x_rcc.o(.text)
    RCC_GetITStatus                          0x080014f7   Thumb Code    20  stm32f10x_rcc.o(.text)
    RCC_ClearITPendingBit                    0x0800150b   Thumb Code     6  stm32f10x_rcc.o(.text)
    TIM_DeInit                               0x08001535   Thumb Code   424  stm32f10x_tim.o(.text)
    TIM_TimeBaseInit                         0x080016dd   Thumb Code   122  stm32f10x_tim.o(.text)
    TIM_OC1Init                              0x08001757   Thumb Code   132  stm32f10x_tim.o(.text)
    TIM_OC2Init                              0x080017db   Thumb Code   154  stm32f10x_tim.o(.text)
    TIM_OC3Init                              0x08001875   Thumb Code   150  stm32f10x_tim.o(.text)
    TIM_OC4Init                              0x0800190b   Thumb Code   182  stm32f10x_tim.o(.text)
    TIM_SetIC4Prescaler                      0x080019c1   Thumb Code    26  stm32f10x_tim.o(.text)
    TIM_SetIC3Prescaler                      0x08001a5d   Thumb Code    18  stm32f10x_tim.o(.text)
    TIM_SetIC2Prescaler                      0x08001ae9   Thumb Code    26  stm32f10x_tim.o(.text)
    TIM_SetIC1Prescaler                      0x08001b85   Thumb Code    18  stm32f10x_tim.o(.text)
    TIM_ICInit                               0x08001c03   Thumb Code   150  stm32f10x_tim.o(.text)
    TIM_PWMIConfig                           0x08001c99   Thumb Code   124  stm32f10x_tim.o(.text)
    TIM_BDTRConfig                           0x08001d15   Thumb Code    32  stm32f10x_tim.o(.text)
    TIM_TimeBaseStructInit                   0x08001d35   Thumb Code    18  stm32f10x_tim.o(.text)
    TIM_OCStructInit                         0x08001d47   Thumb Code    20  stm32f10x_tim.o(.text)
    TIM_ICStructInit                         0x08001d5b   Thumb Code    18  stm32f10x_tim.o(.text)
    TIM_BDTRStructInit                       0x08001d6d   Thumb Code    40  stm32f10x_tim.o(.text)
    TIM_Cmd                                  0x08001d95   Thumb Code    24  stm32f10x_tim.o(.text)
    TIM_CtrlPWMOutputs                       0x08001dad   Thumb Code    30  stm32f10x_tim.o(.text)
    TIM_ITConfig                             0x08001dcb   Thumb Code    18  stm32f10x_tim.o(.text)
    TIM_GenerateEvent                        0x08001ddd   Thumb Code     4  stm32f10x_tim.o(.text)
    TIM_DMAConfig                            0x08001de1   Thumb Code    10  stm32f10x_tim.o(.text)
    TIM_DMACmd                               0x08001deb   Thumb Code    18  stm32f10x_tim.o(.text)
    TIM_InternalClockConfig                  0x08001dfd   Thumb Code    12  stm32f10x_tim.o(.text)
    TIM_SelectInputTrigger                   0x08001e09   Thumb Code    18  stm32f10x_tim.o(.text)
    TIM_ITRxExternalClockConfig              0x08001e1b   Thumb Code    24  stm32f10x_tim.o(.text)
    TIM_TIxExternalClockConfig               0x08001e33   Thumb Code    62  stm32f10x_tim.o(.text)
    TIM_ETRConfig                            0x08001e71   Thumb Code    28  stm32f10x_tim.o(.text)
    TIM_ETRClockMode1Config                  0x08001e8d   Thumb Code    54  stm32f10x_tim.o(.text)
    TIM_ETRClockMode2Config                  0x08001ec3   Thumb Code    32  stm32f10x_tim.o(.text)
    TIM_PrescalerConfig                      0x08001ee3   Thumb Code     6  stm32f10x_tim.o(.text)
    TIM_CounterModeConfig                    0x08001ee9   Thumb Code    18  stm32f10x_tim.o(.text)
    TIM_EncoderInterfaceConfig               0x08001efb   Thumb Code    66  stm32f10x_tim.o(.text)
    TIM_ForcedOC1Config                      0x08001f3d   Thumb Code    18  stm32f10x_tim.o(.text)
    TIM_ForcedOC2Config                      0x08001f4f   Thumb Code    26  stm32f10x_tim.o(.text)
    TIM_ForcedOC3Config                      0x08001f69   Thumb Code    18  stm32f10x_tim.o(.text)
    TIM_ForcedOC4Config                      0x08001f7b   Thumb Code    26  stm32f10x_tim.o(.text)
    TIM_ARRPreloadConfig                     0x08001f95   Thumb Code    24  stm32f10x_tim.o(.text)
    TIM_SelectCOM                            0x08001fad   Thumb Code    24  stm32f10x_tim.o(.text)
    TIM_SelectCCDMA                          0x08001fc5   Thumb Code    24  stm32f10x_tim.o(.text)
    TIM_CCPreloadControl                     0x08001fdd   Thumb Code    24  stm32f10x_tim.o(.text)
    TIM_OC1PreloadConfig                     0x08001ff5   Thumb Code    18  stm32f10x_tim.o(.text)
    TIM_OC2PreloadConfig                     0x08002007   Thumb Code    26  stm32f10x_tim.o(.text)
    TIM_OC3PreloadConfig                     0x08002021   Thumb Code    18  stm32f10x_tim.o(.text)
    TIM_OC4PreloadConfig                     0x08002033   Thumb Code    26  stm32f10x_tim.o(.text)
    TIM_OC1FastConfig                        0x0800204d   Thumb Code    18  stm32f10x_tim.o(.text)
    TIM_OC2FastConfig                        0x0800205f   Thumb Code    26  stm32f10x_tim.o(.text)
    TIM_OC3FastConfig                        0x08002079   Thumb Code    18  stm32f10x_tim.o(.text)
    TIM_OC4FastConfig                        0x0800208b   Thumb Code    26  stm32f10x_tim.o(.text)
    TIM_ClearOC1Ref                          0x080020a5   Thumb Code    18  stm32f10x_tim.o(.text)
    TIM_ClearOC2Ref                          0x080020b7   Thumb Code    24  stm32f10x_tim.o(.text)
    TIM_ClearOC3Ref                          0x080020cf   Thumb Code    18  stm32f10x_tim.o(.text)
    TIM_ClearOC4Ref                          0x080020e1   Thumb Code    24  stm32f10x_tim.o(.text)
    TIM_OC1PolarityConfig                    0x080020f9   Thumb Code    18  stm32f10x_tim.o(.text)
    TIM_OC1NPolarityConfig                   0x0800210b   Thumb Code    18  stm32f10x_tim.o(.text)
    TIM_OC2PolarityConfig                    0x0800211d   Thumb Code    26  stm32f10x_tim.o(.text)
    TIM_OC2NPolarityConfig                   0x08002137   Thumb Code    26  stm32f10x_tim.o(.text)
    TIM_OC3PolarityConfig                    0x08002151   Thumb Code    26  stm32f10x_tim.o(.text)
    TIM_OC3NPolarityConfig                   0x0800216b   Thumb Code    26  stm32f10x_tim.o(.text)
    TIM_OC4PolarityConfig                    0x08002185   Thumb Code    26  stm32f10x_tim.o(.text)
    TIM_CCxCmd                               0x0800219f   Thumb Code    30  stm32f10x_tim.o(.text)
    TIM_CCxNCmd                              0x080021bd   Thumb Code    30  stm32f10x_tim.o(.text)
    TIM_SelectOCxM                           0x080021db   Thumb Code    82  stm32f10x_tim.o(.text)
    TIM_UpdateDisableConfig                  0x0800222d   Thumb Code    24  stm32f10x_tim.o(.text)
    TIM_UpdateRequestConfig                  0x08002245   Thumb Code    24  stm32f10x_tim.o(.text)
    TIM_SelectHallSensor                     0x0800225d   Thumb Code    24  stm32f10x_tim.o(.text)
    TIM_SelectOnePulseMode                   0x08002275   Thumb Code    18  stm32f10x_tim.o(.text)
    TIM_SelectOutputTrigger                  0x08002287   Thumb Code    18  stm32f10x_tim.o(.text)
    TIM_SelectSlaveMode                      0x08002299   Thumb Code    18  stm32f10x_tim.o(.text)
    TIM_SelectMasterSlaveMode                0x080022ab   Thumb Code    18  stm32f10x_tim.o(.text)
    TIM_SetCounter                           0x080022bd   Thumb Code     4  stm32f10x_tim.o(.text)
    TIM_SetAutoreload                        0x080022c1   Thumb Code     4  stm32f10x_tim.o(.text)
    TIM_SetCompare1                          0x080022c5   Thumb Code     4  stm32f10x_tim.o(.text)
    TIM_SetCompare2                          0x080022c9   Thumb Code     4  stm32f10x_tim.o(.text)
    TIM_SetCompare3                          0x080022cd   Thumb Code     4  stm32f10x_tim.o(.text)
    TIM_SetCompare4                          0x080022d1   Thumb Code     6  stm32f10x_tim.o(.text)
    TIM_SetClockDivision                     0x080022d7   Thumb Code    18  stm32f10x_tim.o(.text)
    TIM_GetCapture1                          0x080022e9   Thumb Code     6  stm32f10x_tim.o(.text)
    TIM_GetCapture2                          0x080022ef   Thumb Code     6  stm32f10x_tim.o(.text)
    TIM_GetCapture3                          0x080022f5   Thumb Code     6  stm32f10x_tim.o(.text)
    TIM_GetCapture4                          0x080022fb   Thumb Code     8  stm32f10x_tim.o(.text)
    TIM_GetCounter                           0x08002303   Thumb Code     6  stm32f10x_tim.o(.text)
    TIM_GetPrescaler                         0x08002309   Thumb Code     6  stm32f10x_tim.o(.text)
    TIM_GetFlagStatus                        0x0800230f   Thumb Code    18  stm32f10x_tim.o(.text)
    TIM_ClearFlag                            0x08002321   Thumb Code     6  stm32f10x_tim.o(.text)
    TIM_GetITStatus                          0x08002327   Thumb Code    34  stm32f10x_tim.o(.text)
    TIM_ClearITPendingBit                    0x08002349   Thumb Code     6  stm32f10x_tim.o(.text)
    USART_DeInit                             0x08002351   Thumb Code   134  stm32f10x_usart.o(.text)
    USART_Init                               0x080023d7   Thumb Code   210  stm32f10x_usart.o(.text)
    USART_StructInit                         0x080024a9   Thumb Code    24  stm32f10x_usart.o(.text)
    USART_ClockInit                          0x080024c1   Thumb Code    34  stm32f10x_usart.o(.text)
    USART_ClockStructInit                    0x080024e3   Thumb Code    12  stm32f10x_usart.o(.text)
    USART_Cmd                                0x080024ef   Thumb Code    24  stm32f10x_usart.o(.text)
    USART_ITConfig                           0x08002507   Thumb Code    74  stm32f10x_usart.o(.text)
    USART_DMACmd                             0x08002551   Thumb Code    18  stm32f10x_usart.o(.text)
    USART_SetAddress                         0x08002563   Thumb Code    18  stm32f10x_usart.o(.text)
    USART_WakeUpConfig                       0x08002575   Thumb Code    18  stm32f10x_usart.o(.text)
    USART_ReceiverWakeUpCmd                  0x08002587   Thumb Code    24  stm32f10x_usart.o(.text)
    USART_LINBreakDetectLengthConfig         0x0800259f   Thumb Code    18  stm32f10x_usart.o(.text)
    USART_LINCmd                             0x080025b1   Thumb Code    24  stm32f10x_usart.o(.text)
    USART_SendData                           0x080025c9   Thumb Code     8  stm32f10x_usart.o(.text)
    USART_ReceiveData                        0x080025d1   Thumb Code    10  stm32f10x_usart.o(.text)
    USART_SendBreak                          0x080025db   Thumb Code    10  stm32f10x_usart.o(.text)
    USART_SetGuardTime                       0x080025e5   Thumb Code    16  stm32f10x_usart.o(.text)
    USART_SetPrescaler                       0x080025f5   Thumb Code    16  stm32f10x_usart.o(.text)
    USART_SmartCardCmd                       0x08002605   Thumb Code    24  stm32f10x_usart.o(.text)
    USART_SmartCardNACKCmd                   0x0800261d   Thumb Code    24  stm32f10x_usart.o(.text)
    USART_HalfDuplexCmd                      0x08002635   Thumb Code    24  stm32f10x_usart.o(.text)
    USART_OverSampling8Cmd                   0x0800264d   Thumb Code    22  stm32f10x_usart.o(.text)
    USART_OneBitMethodCmd                    0x08002663   Thumb Code    24  stm32f10x_usart.o(.text)
    USART_IrDAConfig                         0x0800267b   Thumb Code    18  stm32f10x_usart.o(.text)
    USART_IrDACmd                            0x0800268d   Thumb Code    24  stm32f10x_usart.o(.text)
    USART_GetFlagStatus                      0x080026a5   Thumb Code    26  stm32f10x_usart.o(.text)
    USART_ClearFlag                          0x080026bf   Thumb Code    18  stm32f10x_usart.o(.text)
    USART_GetITStatus                        0x080026d1   Thumb Code    84  stm32f10x_usart.o(.text)
    USART_ClearITPendingBit                  0x08002725   Thumb Code    52  stm32f10x_usart.o(.text)
    Canshu_Change                            0x08002759   Thumb Code  1648  main.o(.text)
    WIFI_Contection                          0x08002dc9   Thumb Code    26  main.o(.text)
    Get_Data                                 0x08002de3   Thumb Code    84  main.o(.text)
    Gizwits_Init                             0x08002e37   Thumb Code    34  main.o(.text)
    main                                     0x08002e59   Thumb Code  1338  main.o(.text)
    NMI_Handler                              0x08003401   Thumb Code     2  stm32f10x_it.o(.text)
    HardFault_Handler                        0x08003403   Thumb Code     4  stm32f10x_it.o(.text)
    MemManage_Handler                        0x08003407   Thumb Code     4  stm32f10x_it.o(.text)
    BusFault_Handler                         0x0800340b   Thumb Code     4  stm32f10x_it.o(.text)
    UsageFault_Handler                       0x0800340f   Thumb Code     4  stm32f10x_it.o(.text)
    SVC_Handler                              0x08003413   Thumb Code     2  stm32f10x_it.o(.text)
    DebugMon_Handler                         0x08003415   Thumb Code     2  stm32f10x_it.o(.text)
    PendSV_Handler                           0x08003417   Thumb Code     2  stm32f10x_it.o(.text)
    WFI_SET                                  0x08003419   Thumb Code     4  sys.o(.text)
    INTX_DISABLE                             0x0800341d   Thumb Code     4  sys.o(.text)
    INTX_ENABLE                              0x08003421   Thumb Code     4  sys.o(.text)
    initSysTick                              0x08003425   Thumb Code    42  sys.o(.text)
    delay_init                               0x0800344f   Thumb Code    50  sys.o(.text)
    delay_us                                 0x08003481   Thumb Code    72  sys.o(.text)
    delay_ms                                 0x080034c9   Thumb Code    72  sys.o(.text)
    usart2_init                              0x08003521   Thumb Code   170  usart2.o(.text)
    u2_printf                                0x080035cb   Thumb Code    72  usart2.o(.text)
    sendByte                                 0x08003613   Thumb Code    38  usart2.o(.text)
    sendString                               0x08003639   Thumb Code    26  usart2.o(.text)
    USART2_IRQHandler                        0x08003653   Thumb Code    44  usart2.o(.text)
    _sys_exit                                0x0800368d   Thumb Code     4  usart1.o(.text)
    uart1_init                               0x08003691   Thumb Code   160  usart1.o(.text)
    USART1_IRQHandler                        0x08003731   Thumb Code   122  usart1.o(.text)
    fputc                                    0x080037ab   Thumb Code    40  usart1.o(.text)
    OLED_IIC_Command                         0x080037e5   Thumb Code    46  oled.o(.text)
    OLED_IIC_Data                            0x08003813   Thumb Code    46  oled.o(.text)
    OLED_WR_Byte                             0x08003841   Thumb Code    28  oled.o(.text)
    fill_picture                             0x0800385d   Thumb Code    64  oled.o(.text)
    Delay_50ms                               0x0800389d   Thumb Code    22  oled.o(.text)
    Delay_1ms                                0x080038b3   Thumb Code    26  oled.o(.text)
    OLED_Set_Pos                             0x080038cd   Thumb Code    40  oled.o(.text)
    OLED_Display_On                          0x080038f5   Thumb Code    28  oled.o(.text)
    OLED_Display_Off                         0x08003911   Thumb Code    28  oled.o(.text)
    OLED_Clear                               0x0800392d   Thumb Code    62  oled.o(.text)
    OLED_On                                  0x0800396b   Thumb Code    62  oled.o(.text)
    OLED_ShowChar                            0x080039a9   Thumb Code   154  oled.o(.text)
    oled_pow                                 0x08003a43   Thumb Code    22  oled.o(.text)
    OLED_ShowNum                             0x08003a59   Thumb Code   136  oled.o(.text)
    OLED_ShowString                          0x08003ae1   Thumb Code    58  oled.o(.text)
    OLED_ShowCHinese                         0x08003b1b   Thumb Code    98  oled.o(.text)
    OLED_DrawBMP                             0x08003b7d   Thumb Code   118  oled.o(.text)
    OLED_Init                                0x08003bf3   Thumb Code   220  oled.o(.text)
    Adc1_Channe_Init                         0x08003cdd   Thumb Code   126  adc.o(.text)
    get_Adc_Value                            0x08003d5b   Thumb Code    46  adc.o(.text)
    ADC_Channel_Value                        0x08003d89   Thumb Code   300  adc.o(.text)
    BEEP_Init                                0x08003ed5   Thumb Code    50  beep.o(.text)
    IIC_Start                                0x08003f0d   Thumb Code    72  iic.o(.text)
    IIC_Stop                                 0x08003f55   Thumb Code    60  iic.o(.text)
    IIC_Send_Byte                            0x08003f91   Thumb Code   116  iic.o(.text)
    IIC_Ack                                  0x08004005   Thumb Code    72  iic.o(.text)
    IIC_NAck                                 0x0800404d   Thumb Code    60  iic.o(.text)
    IIC_Read_Byte                            0x08004089   Thumb Code   102  iic.o(.text)
    IIC_Wait_Ack                             0x080040ef   Thumb Code    96  iic.o(.text)
    IIC_Init                                 0x0800414f   Thumb Code    46  iic.o(.text)
    i2c_CheckDevice                          0x0800417d   Thumb Code    32  iic.o(.text)
    iicDevReadByte                           0x0800419d   Thumb Code    64  iic.o(.text)
    iicDevRead                               0x080041dd   Thumb Code    96  iic.o(.text)
    iicDevWriteByte                          0x0800423d   Thumb Code    48  iic.o(.text)
    iicDevWrite                              0x0800426d   Thumb Code    66  iic.o(.text)
    KEY_Init                                 0x080042b5   Thumb Code    40  key.o(.text)
    KEY_Scan                                 0x080042dd   Thumb Code   192  key.o(.text)
    DHT11_Rst                                0x080043a5   Thumb Code    52  dht11.o(.text)
    DHT11_Check                              0x080043d9   Thumb Code    96  dht11.o(.text)
    DHT11_Read_Bit                           0x08004439   Thumb Code    76  dht11.o(.text)
    DHT11_Read_Byte                          0x08004485   Thumb Code    30  dht11.o(.text)
    DHT11_Read_Data                          0x080044a3   Thumb Code    88  dht11.o(.text)
    DHT11_Init                               0x080044fb   Thumb Code    62  dht11.o(.text)
    LED_Init                                 0x08004545   Thumb Code    66  led.o(.text)
    Motor_Init                               0x08004591   Thumb Code    50  motor.o(.text)
    BUJING_Cotrol                            0x080045c3   Thumb Code   282  motor.o(.text)
    TIM3_Int_Init                            0x080046e9   Thumb Code    90  timer.o(.text)
    TIM3_IRQHandler                          0x08004743   Thumb Code    26  timer.o(.text)
    bmp280Init                               0x08004761   Thumb Code    66  bmp280.o(.text)
    bmp280GetData                            0x08004b21   Thumb Code   188  bmp280.o(.text)
    STMFLASH_ReadHalfWord                    0x08004be9   Thumb Code     6  stmflash.o(.text)
    STMFLASH_Write_NoCheck                   0x08004bef   Thumb Code    38  stmflash.o(.text)
    STMFLASH_Read                            0x08004c15   Thumb Code    34  stmflash.o(.text)
    STMFLASH_Write                           0x08004c37   Thumb Code   222  stmflash.o(.text)
    Test_Write                               0x08004d15   Thumb Code    16  stmflash.o(.text)
    gizwitsEventProcess                      0x08004d2d   Thumb Code   268  gizwits_product.o(.text)
    userHandle                               0x08004e39   Thumb Code    60  gizwits_product.o(.text)
    userInit                                 0x08004e75   Thumb Code    12  gizwits_product.o(.text)
    gizTimerMs                               0x08004e81   Thumb Code    12  gizwits_product.o(.text)
    gizGetTimerCount                         0x08004e8d   Thumb Code     6  gizwits_product.o(.text)
    mcuRestart                               0x08004e93   Thumb Code     2  gizwits_product.o(.text)
    TIMER_IRQ_FUN                            0x08004e95   Thumb Code     8  gizwits_product.o(.text)
    UART_IRQ_FUN                             0x08004e9d   Thumb Code    16  gizwits_product.o(.text)
    uartWrite                                0x08004ead   Thumb Code    82  gizwits_product.o(.text)
    gizPutData                               0x08004fdd   Thumb Code    52  gizwits_protocol.o(.text)
    gizwitsInit                              0x08006331   Thumb Code    46  gizwits_protocol.o(.text)
    gizwitsSetMode                           0x0800635f   Thumb Code   922  gizwits_protocol.o(.text)
    gizwitsGetNTP                            0x080066f9   Thumb Code    94  gizwits_protocol.o(.text)
    gizwitsGetModuleInfo                     0x08006757   Thumb Code   100  gizwits_protocol.o(.text)
    gizwitsHandle                            0x080067ff   Thumb Code   542  gizwits_protocol.o(.text)
    gizwitsPassthroughData                   0x08006a1d   Thumb Code   532  gizwits_protocol.o(.text)
    gizProtocolSum                           0x08006c35   Thumb Code    38  common.o(.text)
    exchangeBytes                            0x08006c5b   Thumb Code    26  common.o(.text)
    exchangeWord                             0x08006c75   Thumb Code    26  common.o(.text)
    char2hex                                 0x08006c8f   Thumb Code   106  common.o(.text)
    checkStringIsNotZero                     0x08006cf9   Thumb Code    46  common.o(.text)
    returnWeekDay                            0x08006d27   Thumb Code   156  common.o(.text)
    returnNtp2Wt                             0x08006e0f   Thumb Code   274  common.o(.text)
    str2Hex                                  0x08006f21   Thumb Code    80  common.o(.text)
    hex2Str                                  0x08006f71   Thumb Code    82  common.o(.text)
    gizByteOrderExchange                     0x08006fcd   Thumb Code    50  datapointtools.o(.text)
    gizY2X                                   0x08006fff   Thumb Code    14  datapointtools.o(.text)
    gizX2Y                                   0x0800700d   Thumb Code    12  datapointtools.o(.text)
    gizY2XFloat                              0x08007019   Thumb Code    42  datapointtools.o(.text)
    gizX2YFloat                              0x08007043   Thumb Code    42  datapointtools.o(.text)
    gizAcrossByteJudge                       0x0800706d   Thumb Code    42  datapointtools.o(.text)
    gizVarlenCompressValue                   0x08007097   Thumb Code   124  datapointtools.o(.text)
    gizVarlenDecompressionValue              0x08007113   Thumb Code   196  datapointtools.o(.text)
    gizStandardDecompressionValue            0x080071d7   Thumb Code   194  datapointtools.o(.text)
    gizStandardCompressValue                 0x08007299   Thumb Code   128  datapointtools.o(.text)
    rbCreate                                 0x08007319   Thumb Code    22  ringbuffer.o(.text)
    rbDelete                                 0x0800732f   Thumb Code    24  ringbuffer.o(.text)
    rbCapacity                               0x08007347   Thumb Code    14  ringbuffer.o(.text)
    rbCanRead                                0x08007355   Thumb Code    56  ringbuffer.o(.text)
    rbCanWrite                               0x0800738d   Thumb Code    30  ringbuffer.o(.text)
    rbRead                                   0x080073ab   Thumb Code   162  ringbuffer.o(.text)
    rbWrite                                  0x0800744d   Thumb Code   154  ringbuffer.o(.text)
    __aeabi_ldivmod                          0x080074e7   Thumb Code    98  ldiv.o(.text)
    toupper                                  0x08007549   Thumb Code    12  toupper.o(.text)
    __aeabi_memcpy                           0x08007555   Thumb Code    36  memcpya.o(.text)
    __aeabi_memcpy4                          0x08007555   Thumb Code     0  memcpya.o(.text)
    __aeabi_memcpy8                          0x08007555   Thumb Code     0  memcpya.o(.text)
    __aeabi_memset                           0x08007579   Thumb Code    14  memseta.o(.text)
    __aeabi_memset4                          0x08007579   Thumb Code     0  memseta.o(.text)
    __aeabi_memset8                          0x08007579   Thumb Code     0  memseta.o(.text)
    __aeabi_memclr                           0x08007587   Thumb Code     4  memseta.o(.text)
    __aeabi_memclr4                          0x08007587   Thumb Code     0  memseta.o(.text)
    __aeabi_memclr8                          0x08007587   Thumb Code     0  memseta.o(.text)
    _memset$wrapper                          0x0800758b   Thumb Code    18  memseta.o(.text)
    strlen                                   0x0800759d   Thumb Code    14  strlen.o(.text)
    __aeabi_fadd                             0x080075ab   Thumb Code   164  fadd.o(.text)
    __aeabi_fsub                             0x0800764f   Thumb Code     6  fadd.o(.text)
    __aeabi_frsub                            0x08007655   Thumb Code     6  fadd.o(.text)
    __aeabi_fmul                             0x0800765b   Thumb Code   100  fmul.o(.text)
    __aeabi_fdiv                             0x080076bf   Thumb Code   124  fdiv.o(.text)
    __aeabi_dadd                             0x0800773b   Thumb Code   322  dadd.o(.text)
    __aeabi_dsub                             0x0800787d   Thumb Code     6  dadd.o(.text)
    __aeabi_drsub                            0x08007883   Thumb Code     6  dadd.o(.text)
    __aeabi_dmul                             0x08007889   Thumb Code   228  dmul.o(.text)
    __aeabi_ddiv                             0x0800796d   Thumb Code   222  ddiv.o(.text)
    __aeabi_ui2f                             0x08007a4b   Thumb Code    10  ffltui.o(.text)
    __aeabi_i2d                              0x08007a55   Thumb Code    34  dflti.o(.text)
    __aeabi_ui2d                             0x08007a77   Thumb Code    26  dfltui.o(.text)
    __aeabi_f2uiz                            0x08007a91   Thumb Code    40  ffixui.o(.text)
    __aeabi_f2d                              0x08007ab9   Thumb Code    38  f2d.o(.text)
    __aeabi_cdcmpeq                          0x08007ae1   Thumb Code     0  cdcmple.o(.text)
    __aeabi_cdcmple                          0x08007ae1   Thumb Code    48  cdcmple.o(.text)
    __aeabi_d2f                              0x08007b11   Thumb Code    56  d2f.o(.text)
    __aeabi_cfcmpeq                          0x08007b49   Thumb Code     0  cfcmple.o(.text)
    __aeabi_cfcmple                          0x08007b49   Thumb Code    20  cfcmple.o(.text)
    __aeabi_cfrcmple                         0x08007b5d   Thumb Code    20  cfrcmple.o(.text)
    __aeabi_uidiv                            0x08007b71   Thumb Code     0  uidiv.o(.text)
    __aeabi_uidivmod                         0x08007b71   Thumb Code    44  uidiv.o(.text)
    __aeabi_uldivmod                         0x08007b9d   Thumb Code    98  uldiv.o(.text)
    __aeabi_llsl                             0x08007bff   Thumb Code    30  llshl.o(.text)
    _ll_shift_l                              0x08007bff   Thumb Code     0  llshl.o(.text)
    __aeabi_lasr                             0x08007c1d   Thumb Code    36  llsshr.o(.text)
    _ll_sshift_r                             0x08007c1d   Thumb Code     0  llsshr.o(.text)
    __I$use$fp                               0x08007c41   Thumb Code     0  iusefp.o(.text)
    _float_round                             0x08007c41   Thumb Code    18  fepilogue.o(.text)
    _float_epilogue                          0x08007c53   Thumb Code    92  fepilogue.o(.text)
    _double_round                            0x08007caf   Thumb Code    30  depilogue.o(.text)
    _double_epilogue                         0x08007ccd   Thumb Code   156  depilogue.o(.text)
    __ARM_scalbn                             0x08007d69   Thumb Code    46  dscalb.o(.text)
    scalbn                                   0x08007d69   Thumb Code     0  dscalb.o(.text)
    __aeabi_d2ulz                            0x08007d97   Thumb Code    48  dfixul.o(.text)
    __aeabi_cdrcmple                         0x08007dc9   Thumb Code    48  cdrcmple.o(.text)
    __scatterload                            0x08007df9   Thumb Code    28  init.o(.text)
    __scatterload_rt2                        0x08007df9   Thumb Code     0  init.o(.text)
    __aeabi_llsr                             0x08007e1d   Thumb Code    32  llushr.o(.text)
    _ll_ushift_r                             0x08007e1d   Thumb Code     0  llushr.o(.text)
    _dsqrt                                   0x08007e3d   Thumb Code   162  dsqrt.o(.text)
    __decompress                             0x08007edf   Thumb Code     0  __dclz77c.o(.text)
    __decompress2                            0x08007edf   Thumb Code    94  __dclz77c.o(.text)
    __0printf$8                              0x08007f3d   Thumb Code    22  printf8.o(i.__0printf$8)
    __1printf$8                              0x08007f3d   Thumb Code     0  printf8.o(i.__0printf$8)
    __2printf                                0x08007f3d   Thumb Code     0  printf8.o(i.__0printf$8)
    __0sprintf$8                             0x08007f5d   Thumb Code    34  printf8.o(i.__0sprintf$8)
    __1sprintf$8                             0x08007f5d   Thumb Code     0  printf8.o(i.__0sprintf$8)
    __2sprintf                               0x08007f5d   Thumb Code     0  printf8.o(i.__0sprintf$8)
    __0vsprintf                              0x08007f85   Thumb Code    30  printfa.o(i.__0vsprintf)
    __1vsprintf                              0x08007f85   Thumb Code     0  printfa.o(i.__0vsprintf)
    __2vsprintf                              0x08007f85   Thumb Code     0  printfa.o(i.__0vsprintf)
    __c89vsprintf                            0x08007f85   Thumb Code     0  printfa.o(i.__0vsprintf)
    vsprintf                                 0x08007f85   Thumb Code     0  printfa.o(i.__0vsprintf)
    __ARM_fpclassify                         0x08007fa9   Thumb Code    40  fpclassify.o(i.__ARM_fpclassify)
    __kernel_poly                            0x08007fd1   Thumb Code   170  poly.o(i.__kernel_poly)
    __mathlib_dbl_divzero                    0x0800807d   Thumb Code    12  dunder.o(i.__mathlib_dbl_divzero)
    __mathlib_dbl_infnan2                    0x0800808d   Thumb Code     4  dunder.o(i.__mathlib_dbl_infnan2)
    __mathlib_dbl_invalid                    0x08008091   Thumb Code    12  dunder.o(i.__mathlib_dbl_invalid)
    __mathlib_dbl_overflow                   0x0800809d   Thumb Code    14  dunder.o(i.__mathlib_dbl_overflow)
    __mathlib_dbl_underflow                  0x080080ad   Thumb Code    10  dunder.o(i.__mathlib_dbl_underflow)
    __scatterload_copy                       0x080080bd   Thumb Code    14  handlers.o(i.__scatterload_copy)
    __scatterload_null                       0x080080cb   Thumb Code     2  handlers.o(i.__scatterload_null)
    __scatterload_zeroinit                   0x080080cd   Thumb Code    14  handlers.o(i.__scatterload_zeroinit)
    __set_errno                              0x080080dd   Thumb Code     6  errno.o(i.__set_errno)
    pow                                      0x08008ddd   Thumb Code  2512  pow.o(i.pow)
    sqrt                                     0x080097b5   Thumb Code    76  sqrt.o(i.sqrt)
    F6x8                                     0x08009800   Data         552  oled.o(.constdata)
    F8X16                                    0x08009a28   Data        1536  oled.o(.constdata)
    __mathlib_zero                           0x0800a0e0   Data           8  qnan.o(.constdata)
    Region$$Table$$Base                      0x0800a0e8   Number         0  anon$$obj.o(Region$$Table)
    Region$$Table$$Limit                     0x0800a108   Number         0  anon$$obj.o(Region$$Table)
    SystemCoreClock                          0x20000000   Data           4  system_stm32f10x.o(.data)
    AHBPrescTable                            0x20000004   Data          16  system_stm32f10x.o(.data)
    count                                    0x20000028   Data           1  main.o(.data)
    wifi_sta                                 0x20000029   Data           1  main.o(.data)
    mode                                     0x2000002a   Data           1  main.o(.data)
    NTP_sta                                  0x2000002b   Data           1  main.o(.data)
    display_contrl                           0x2000002c   Data           1  main.o(.data)
    curtain_flag                             0x2000002d   Data           1  main.o(.data)
    last_curtain_flag                        0x2000002e   Data           1  main.o(.data)
    ctrl_comm                                0x2000002f   Data           1  main.o(.data)
    ctrl_comm_last                           0x20000030   Data           1  main.o(.data)
    Pre                                      0x20000032   Data           2  main.o(.data)
    gz_value                                 0x20000034   Data           2  main.o(.data)
    m2_value                                 0x20000036   Data           2  main.o(.data)
    m7_value                                 0x20000038   Data           2  main.o(.data)
    m135_value                               0x2000003a   Data           2  main.o(.data)
    A_flag                                   0x2000003c   Data           2  main.o(.data)
    A_DHT11_Temp                             0x2000003e   Data           2  main.o(.data)
    A_DHT11_Hum                              0x20000040   Data           2  main.o(.data)
    A_pre                                    0x20000042   Data           2  main.o(.data)
    A_gz_value                               0x20000044   Data           2  main.o(.data)
    A_m2_value                               0x20000046   Data           2  main.o(.data)
    A_m7_value                               0x20000048   Data           2  main.o(.data)
    A_m135_value                             0x2000004a   Data           2  main.o(.data)
    Rxdata                                   0x2000005c   Data           2  usart1.o(.data)
    rx_end                                   0x2000005e   Data           1  usart1.o(.data)
    __stdout                                 0x20000060   Data           4  usart1.o(.data)
    USART_RX_STA                             0x20000064   Data           2  usart1.o(.data)
    Hzk                                      0x20000066   Data        4480  oled.o(.data)
    DHT11_Temp                               0x200011f1   Data           1  dht11.o(.data)
    DHT11_Hum                                0x200011f2   Data           1  dht11.o(.data)
    buff                                     0x20001224   Data          30  main.o(.bss)
    USART2_RX_BUF                            0x20001242   Data         600  usart2.o(.bss)
    USART2_TX_BUF                            0x2000149a   Data         600  usart2.o(.bss)
    USART_RX_BUF                             0x200016f2   Data         200  usart1.o(.bss)
    bmp280Cal                                0x200017ec   Data          28  bmp280.o(.bss)
    STMFLASH_BUF                             0x2000181c   Data        1024  stmflash.o(.bss)
    currentDataPoint                         0x20001c1c   Data          30  gizwits_product.o(.bss)
    gizwitsProtocol                          0x20001c3c   Data         452  gizwits_protocol.o(.bss)
    pRb                                      0x20001e00   Data          16  gizwits_protocol.o(.bss)
    __initial_sp                             0x20002290   Data           0  startup_stm32f10x_hd.o(STACK)



==============================================================================

Memory Map of the image

  Image Entry point : 0x08000131

  Load Region LR_IROM1 (Base: 0x08000000, Size: 0x0000b32c, Max: 0x00010000, ABSOLUTE, COMPRESSED[0x0000a86c])

    Execution Region ER_IROM1 (Exec base: 0x08000000, Load base: 0x08000000, Size: 0x0000a108, Max: 0x00010000, ABSOLUTE)

    Exec Addr    Load Addr    Size         Type   Attr      Idx    E Section Name        Object

    0x08000000   0x08000000   0x00000130   Data   RO            3    RESET               startup_stm32f10x_hd.o
    0x08000130   0x08000130   0x00000000   Code   RO          821  * .ARM.Collect$$$$00000000  mc_w.l(entry.o)
    0x08000130   0x08000130   0x00000004   Code   RO         1154    .ARM.Collect$$$$00000001  mc_w.l(entry2.o)
    0x08000134   0x08000134   0x00000004   Code   RO         1157    .ARM.Collect$$$$00000004  mc_w.l(entry5.o)
    0x08000138   0x08000138   0x00000000   Code   RO         1159    .ARM.Collect$$$$00000008  mc_w.l(entry7b.o)
    0x08000138   0x08000138   0x00000000   Code   RO         1161    .ARM.Collect$$$$0000000A  mc_w.l(entry8b.o)
    0x08000138   0x08000138   0x00000008   Code   RO         1162    .ARM.Collect$$$$0000000B  mc_w.l(entry9a.o)
    0x08000140   0x08000140   0x00000004   Code   RO         1169    .ARM.Collect$$$$0000000E  mc_w.l(entry12b.o)
    0x08000144   0x08000144   0x00000000   Code   RO         1164    .ARM.Collect$$$$0000000F  mc_w.l(entry10a.o)
    0x08000144   0x08000144   0x00000000   Code   RO         1166    .ARM.Collect$$$$00000011  mc_w.l(entry11a.o)
    0x08000144   0x08000144   0x00000004   Code   RO         1155    .ARM.Collect$$$$00002712  mc_w.l(entry2.o)
    0x08000148   0x08000148   0x00000024   Code   RO            4    .text               startup_stm32f10x_hd.o
    0x0800016c   0x0800016c   0x000001e0   Code   RO           24    .text               system_stm32f10x.o
    0x0800034c   0x0800034c   0x000000dc   Code   RO          118    .text               misc.o
    0x08000428   0x08000428   0x0000044e   Code   RO          134    .text               stm32f10x_adc.o
    0x08000876   0x08000876   0x00000002   PAD
    0x08000878   0x08000878   0x000005bc   Code   RO          245    .text               stm32f10x_flash.o
    0x08000e34   0x08000e34   0x0000035c   Code   RO          269    .text               stm32f10x_gpio.o
    0x08001190   0x08001190   0x000003a4   Code   RO          317    .text               stm32f10x_rcc.o
    0x08001534   0x08001534   0x00000e1a   Code   RO          367    .text               stm32f10x_tim.o
    0x0800234e   0x0800234e   0x00000002   PAD
    0x08002350   0x08002350   0x00000408   Code   RO          379    .text               stm32f10x_usart.o
    0x08002758   0x08002758   0x00000ca8   Code   RO          403    .text               main.o
    0x08003400   0x08003400   0x00000018   Code   RO          497    .text               stm32f10x_it.o
    0x08003418   0x08003418   0x00000108   Code   RO          509    .text               sys.o
    0x08003520   0x08003520   0x0000016c   Code   RO          523    .text               usart2.o
    0x0800368c   0x0800368c   0x00000158   Code   RO          549    .text               usart1.o
    0x080037e4   0x080037e4   0x000004f8   Code   RO          573    .text               oled.o
    0x08003cdc   0x08003cdc   0x000001f8   Code   RO          595    .text               adc.o
    0x08003ed4   0x08003ed4   0x00000038   Code   RO          609    .text               beep.o
    0x08003f0c   0x08003f0c   0x000003a8   Code   RO          621    .text               iic.o
    0x080042b4   0x080042b4   0x000000f0   Code   RO          633    .text               key.o
    0x080043a4   0x080043a4   0x000001a0   Code   RO          646    .text               dht11.o
    0x08004544   0x08004544   0x0000004c   Code   RO          661    .text               led.o
    0x08004590   0x08004590   0x00000158   Code   RO          673    .text               motor.o
    0x080046e8   0x080046e8   0x00000078   Code   RO          685    .text               timer.o
    0x08004760   0x08004760   0x00000488   Code   RO          697    .text               bmp280.o
    0x08004be8   0x08004be8   0x00000144   Code   RO          717    .text               stmflash.o
    0x08004d2c   0x08004d2c   0x000002b0   Code   RO          732    .text               gizwits_product.o
    0x08004fdc   0x08004fdc   0x00001c58   Code   RO          752    .text               gizwits_protocol.o
    0x08006c34   0x08006c34   0x00000398   Code   RO          774    .text               common.o
    0x08006fcc   0x08006fcc   0x0000034c   Code   RO          787    .text               datapointtools.o
    0x08007318   0x08007318   0x000001ce   Code   RO          799    .text               ringbuffer.o
    0x080074e6   0x080074e6   0x00000062   Code   RO          824    .text               mc_w.l(ldiv.o)
    0x08007548   0x08007548   0x0000000c   Code   RO          826    .text               mc_w.l(toupper.o)
    0x08007554   0x08007554   0x00000024   Code   RO          828    .text               mc_w.l(memcpya.o)
    0x08007578   0x08007578   0x00000024   Code   RO          830    .text               mc_w.l(memseta.o)
    0x0800759c   0x0800759c   0x0000000e   Code   RO          832    .text               mc_w.l(strlen.o)
    0x080075aa   0x080075aa   0x000000b0   Code   RO         1097    .text               mf_w.l(fadd.o)
    0x0800765a   0x0800765a   0x00000064   Code   RO         1099    .text               mf_w.l(fmul.o)
    0x080076be   0x080076be   0x0000007c   Code   RO         1101    .text               mf_w.l(fdiv.o)
    0x0800773a   0x0800773a   0x0000014e   Code   RO         1103    .text               mf_w.l(dadd.o)
    0x08007888   0x08007888   0x000000e4   Code   RO         1105    .text               mf_w.l(dmul.o)
    0x0800796c   0x0800796c   0x000000de   Code   RO         1107    .text               mf_w.l(ddiv.o)
    0x08007a4a   0x08007a4a   0x0000000a   Code   RO         1109    .text               mf_w.l(ffltui.o)
    0x08007a54   0x08007a54   0x00000022   Code   RO         1111    .text               mf_w.l(dflti.o)
    0x08007a76   0x08007a76   0x0000001a   Code   RO         1113    .text               mf_w.l(dfltui.o)
    0x08007a90   0x08007a90   0x00000028   Code   RO         1115    .text               mf_w.l(ffixui.o)
    0x08007ab8   0x08007ab8   0x00000026   Code   RO         1117    .text               mf_w.l(f2d.o)
    0x08007ade   0x08007ade   0x00000002   PAD
    0x08007ae0   0x08007ae0   0x00000030   Code   RO         1119    .text               mf_w.l(cdcmple.o)
    0x08007b10   0x08007b10   0x00000038   Code   RO         1121    .text               mf_w.l(d2f.o)
    0x08007b48   0x08007b48   0x00000014   Code   RO         1123    .text               mf_w.l(cfcmple.o)
    0x08007b5c   0x08007b5c   0x00000014   Code   RO         1125    .text               mf_w.l(cfrcmple.o)
    0x08007b70   0x08007b70   0x0000002c   Code   RO         1170    .text               mc_w.l(uidiv.o)
    0x08007b9c   0x08007b9c   0x00000062   Code   RO         1172    .text               mc_w.l(uldiv.o)
    0x08007bfe   0x08007bfe   0x0000001e   Code   RO         1174    .text               mc_w.l(llshl.o)
    0x08007c1c   0x08007c1c   0x00000024   Code   RO         1176    .text               mc_w.l(llsshr.o)
    0x08007c40   0x08007c40   0x00000000   Code   RO         1185    .text               mc_w.l(iusefp.o)
    0x08007c40   0x08007c40   0x0000006e   Code   RO         1186    .text               mf_w.l(fepilogue.o)
    0x08007cae   0x08007cae   0x000000ba   Code   RO         1188    .text               mf_w.l(depilogue.o)
    0x08007d68   0x08007d68   0x0000002e   Code   RO         1190    .text               mf_w.l(dscalb.o)
    0x08007d96   0x08007d96   0x00000030   Code   RO         1192    .text               mf_w.l(dfixul.o)
    0x08007dc6   0x08007dc6   0x00000002   PAD
    0x08007dc8   0x08007dc8   0x00000030   Code   RO         1194    .text               mf_w.l(cdrcmple.o)
    0x08007df8   0x08007df8   0x00000024   Code   RO         1196    .text               mc_w.l(init.o)
    0x08007e1c   0x08007e1c   0x00000020   Code   RO         1198    .text               mc_w.l(llushr.o)
    0x08007e3c   0x08007e3c   0x000000a2   Code   RO         1200    .text               mf_w.l(dsqrt.o)
    0x08007ede   0x08007ede   0x0000005e   Code   RO         1210    .text               mc_w.l(__dclz77c.o)
    0x08007f3c   0x08007f3c   0x00000020   Code   RO         1043    i.__0printf$8       mc_w.l(printf8.o)
    0x08007f5c   0x08007f5c   0x00000028   Code   RO         1045    i.__0sprintf$8      mc_w.l(printf8.o)
    0x08007f84   0x08007f84   0x00000024   Code   RO         1075    i.__0vsprintf       mc_w.l(printfa.o)
    0x08007fa8   0x08007fa8   0x00000028   Code   RO         1141    i.__ARM_fpclassify  m_ws.l(fpclassify.o)
    0x08007fd0   0x08007fd0   0x000000aa   Code   RO         1143    i.__kernel_poly     m_ws.l(poly.o)
    0x0800807a   0x0800807a   0x00000002   PAD
    0x0800807c   0x0800807c   0x00000010   Code   RO         1127    i.__mathlib_dbl_divzero  m_ws.l(dunder.o)
    0x0800808c   0x0800808c   0x00000004   Code   RO         1129    i.__mathlib_dbl_infnan2  m_ws.l(dunder.o)
    0x08008090   0x08008090   0x0000000c   Code   RO         1130    i.__mathlib_dbl_invalid  m_ws.l(dunder.o)
    0x0800809c   0x0800809c   0x0000000e   Code   RO         1131    i.__mathlib_dbl_overflow  m_ws.l(dunder.o)
    0x080080aa   0x080080aa   0x00000002   PAD
    0x080080ac   0x080080ac   0x00000010   Code   RO         1133    i.__mathlib_dbl_underflow  m_ws.l(dunder.o)
    0x080080bc   0x080080bc   0x0000000e   Code   RO         1204    i.__scatterload_copy  mc_w.l(handlers.o)
    0x080080ca   0x080080ca   0x00000002   Code   RO         1205    i.__scatterload_null  mc_w.l(handlers.o)
    0x080080cc   0x080080cc   0x0000000e   Code   RO         1206    i.__scatterload_zeroinit  mc_w.l(handlers.o)
    0x080080da   0x080080da   0x00000002   PAD
    0x080080dc   0x080080dc   0x0000000c   Code   RO         1180    i.__set_errno       mc_w.l(errno.o)
    0x080080e8   0x080080e8   0x00000184   Code   RO         1076    i._fp_digits        mc_w.l(printfa.o)
    0x0800826c   0x0800826c   0x00000404   Code   RO         1050    i._printf_core      mc_w.l(printf8.o)
    0x08008670   0x08008670   0x000006b4   Code   RO         1077    i._printf_core      mc_w.l(printfa.o)
    0x08008d24   0x08008d24   0x00000024   Code   RO         1051    i._printf_post_padding  mc_w.l(printf8.o)
    0x08008d48   0x08008d48   0x00000024   Code   RO         1078    i._printf_post_padding  mc_w.l(printfa.o)
    0x08008d6c   0x08008d6c   0x0000002e   Code   RO         1052    i._printf_pre_padding  mc_w.l(printf8.o)
    0x08008d9a   0x08008d9a   0x0000002e   Code   RO         1079    i._printf_pre_padding  mc_w.l(printfa.o)
    0x08008dc8   0x08008dc8   0x0000000a   Code   RO         1054    i._sputc            mc_w.l(printf8.o)
    0x08008dd2   0x08008dd2   0x0000000a   Code   RO         1081    i._sputc            mc_w.l(printfa.o)
    0x08008ddc   0x08008ddc   0x000009d8   Code   RO          812    i.pow               m_ws.l(pow.o)
    0x080097b4   0x080097b4   0x0000004c   Code   RO         1147    i.sqrt              m_ws.l(sqrt.o)
    0x08009800   0x08009800   0x00000828   Data   RO          574    .constdata          oled.o
    0x0800a028   0x0800a028   0x00000030   Data   RO          775    .constdata          common.o
    0x0800a058   0x0800a058   0x00000088   Data   RO          813    .constdata          m_ws.l(pow.o)
    0x0800a0e0   0x0800a0e0   0x00000008   Data   RO         1145    .constdata          m_ws.l(qnan.o)
    0x0800a0e8   0x0800a0e8   0x00000020   Data   RO         1202    Region$$Table       anon$$obj.o


    Execution Region RW_IRAM1 (Exec base: 0x20000000, Load base: 0x0800a108, Size: 0x00002290, Max: 0x00005000, ABSOLUTE, COMPRESSED[0x00000764])

    Exec Addr    Load Addr    Size         Type   Attr      Idx    E Section Name        Object

    0x20000000   COMPRESSED   0x00000014   Data   RW           25    .data               system_stm32f10x.o
    0x20000014   COMPRESSED   0x00000014   Data   RW          318    .data               stm32f10x_rcc.o
    0x20000028   COMPRESSED   0x00000030   Data   RW          405    .data               main.o
    0x20000058   COMPRESSED   0x00000004   Data   RW          510    .data               sys.o
    0x2000005c   COMPRESSED   0x0000000a   Data   RW          551    .data               usart1.o
    0x20000066   COMPRESSED   0x00001180   Data   RW          575    .data               oled.o
    0x200011e6   COMPRESSED   0x00000002   PAD
    0x200011e8   COMPRESSED   0x00000008   Data   RW          597    .data               adc.o
    0x200011f0   COMPRESSED   0x00000001   Data   RW          634    .data               key.o
    0x200011f1   COMPRESSED   0x00000002   Data   RW          647    .data               dht11.o
    0x200011f3   COMPRESSED   0x00000001   PAD
    0x200011f4   COMPRESSED   0x00000018   Data   RW          699    .data               bmp280.o
    0x2000120c   COMPRESSED   0x00000004   Data   RW          734    .data               gizwits_product.o
    0x20001210   COMPRESSED   0x00000010   Data   RW          754    .data               gizwits_protocol.o
    0x20001220   COMPRESSED   0x00000004   Data   RW         1181    .data               mc_w.l(errno.o)
    0x20001224        -       0x0000001e   Zero   RW          404    .bss                main.o
    0x20001242        -       0x000004b0   Zero   RW          524    .bss                usart2.o
    0x200016f2        -       0x000000c8   Zero   RW          550    .bss                usart1.o
    0x200017ba        -       0x00000030   Zero   RW          596    .bss                adc.o
    0x200017ea   COMPRESSED   0x00000002   PAD
    0x200017ec        -       0x00000030   Zero   RW          698    .bss                bmp280.o
    0x2000181c        -       0x00000400   Zero   RW          718    .bss                stmflash.o
    0x20001c1c        -       0x0000001e   Zero   RW          733    .bss                gizwits_product.o
    0x20001c3a   COMPRESSED   0x00000002   PAD
    0x20001c3c        -       0x00000254   Zero   RW          753    .bss                gizwits_protocol.o
    0x20001e90        -       0x00000400   Zero   RW            1    STACK               startup_stm32f10x_hd.o


==============================================================================

Image component sizes


      Code (inc. data)   RO Data    RW Data    ZI Data      Debug   Object Name

       504         32          0          8         48       1643   adc.o
        56          6          0          0          0        492   beep.o
      1160         80          0         24         48       3663   bmp280.o
       920         10         48          0          0       4289   common.o
         0          0          0          0          0       4500   core_cm3.o
       844          0          0          0          0       5414   datapointtools.o
       416         12          0          2          0       2389   dht11.o
       688        242          0          4         30       3423   gizwits_product.o
      7256       2176          0         16        596      12410   gizwits_protocol.o
       936          6          0          0          0       3754   iic.o
       240          8          0          1          0        844   key.o
        76         10          0          0          0        495   led.o
      3240        382          0         48         30      14442   main.o
       220         22          0          0          0       1809   misc.o
       344         12          0          0          0       1023   motor.o
      1272         14       2088       4480          0       6182   oled.o
       462          0          0          0          0       2671   ringbuffer.o
        36          8        304          0       1024        856   startup_stm32f10x_hd.o
      1102         26          0          0          0      11049   stm32f10x_adc.o
      1468         34          0          0          0       8218   stm32f10x_flash.o
       860         38          0          0          0       5741   stm32f10x_gpio.o
        24          0          0          0          0       1118   stm32f10x_it.o
       932         36          0         20          0       8924   stm32f10x_rcc.o
      3610         88          0          0          0      22848   stm32f10x_tim.o
      1032         22          0          0          0       8468   stm32f10x_usart.o
       324          8          0          0       1024       2678   stmflash.o
       264         16          0          4          0       1480   sys.o
       480         38          0         20          0     264275   system_stm32f10x.o
       120          4          0          0          0        788   timer.o
       344         18          0         10        200       3281   usart1.o
       364         14          0          0       1200       2926   usart2.o

    ----------------------------------------------------------------------
     29598       3362       2472       4640       4204     412093   Object Totals
         0          0         32          0          0          0   (incl. Generated)
         4          0          0          3          4          0   (incl. Padding)

    ----------------------------------------------------------------------

      Code (inc. data)   RO Data    RW Data    ZI Data      Debug   Library Member Name

        62         10          0          0          0        340   dunder.o
        40          0          0          0          0         68   fpclassify.o
       170          0          0          0          0         96   poly.o
      2520        190        136          0          0        324   pow.o
         0          0          8          0          0          0   qnan.o
        76          0          0          0          0         84   sqrt.o
        94          0          0          0          0          0   __dclz77c.o
         0          0          0          0          0          0   entry.o
         0          0          0          0          0          0   entry10a.o
         0          0          0          0          0          0   entry11a.o
         4          0          0          0          0          0   entry12b.o
         8          4          0          0          0          0   entry2.o
         4          0          0          0          0          0   entry5.o
         0          0          0          0          0          0   entry7b.o
         0          0          0          0          0          0   entry8b.o
         8          4          0          0          0          0   entry9a.o
        12          6          0          4          0         68   errno.o
        30          0          0          0          0          0   handlers.o
        36          8          0          0          0         68   init.o
         0          0          0          0          0          0   iusefp.o
        98          0          0          0          0         84   ldiv.o
        30          0          0          0          0         68   llshl.o
        36          0          0          0          0         68   llsshr.o
        32          0          0          0          0         68   llushr.o
        36          0          0          0          0         68   memcpya.o
        36          0          0          0          0        108   memseta.o
      1192         60          0          0          0        504   printf8.o
      2232         86          0          0          0        528   printfa.o
        14          0          0          0          0         68   strlen.o
        12          0          0          0          0         68   toupper.o
        44          0          0          0          0         80   uidiv.o
        98          0          0          0          0         92   uldiv.o
        48          0          0          0          0         68   cdcmple.o
        48          0          0          0          0         68   cdrcmple.o
        20          0          0          0          0         68   cfcmple.o
        20          0          0          0          0         68   cfrcmple.o
        56          0          0          0          0         88   d2f.o
       334          0          0          0          0        148   dadd.o
       222          0          0          0          0        100   ddiv.o
       186          0          0          0          0        176   depilogue.o
        48          0          0          0          0         68   dfixul.o
        34          0          0          0          0         76   dflti.o
        26          0          0          0          0         76   dfltui.o
       228          0          0          0          0         96   dmul.o
        46          0          0          0          0         80   dscalb.o
       162          0          0          0          0        100   dsqrt.o
        38          0          0          0          0         68   f2d.o
       176          0          0          0          0        140   fadd.o
       124          0          0          0          0         88   fdiv.o
       110          0          0          0          0        168   fepilogue.o
        40          0          0          0          0         68   ffixui.o
        10          0          0          0          0         68   ffltui.o
       100          0          0          0          0         76   fmul.o

    ----------------------------------------------------------------------
      9010        368        144          4          0       4808   Library Totals
        10          0          0          0          0          0   (incl. Padding)

    ----------------------------------------------------------------------

      Code (inc. data)   RO Data    RW Data    ZI Data      Debug   Library Name

      2868        200        144          0          0        912   m_ws.l
      4056        168          0          4          0       1940   mc_w.l
      2076          0          0          0          0       1956   mf_w.l

    ----------------------------------------------------------------------
      9010        368        144          4          0       4808   Library Totals

    ----------------------------------------------------------------------

==============================================================================


      Code (inc. data)   RO Data    RW Data    ZI Data      Debug   

     38608       3730       2616       4644       4204     411829   Grand Totals
     38608       3730       2616       1892       4204     411829   ELF Image Totals (compressed)
     38608       3730       2616       1892          0          0   ROM Totals

==============================================================================

    Total RO  Size (Code + RO Data)                41224 (  40.26kB)
    Total RW  Size (RW Data + ZI Data)              8848 (   8.64kB)
    Total ROM Size (Code + RO Data + RW Data)      43116 (  42.11kB)

==============================================================================

