Component: ARM Compiler 5.06 update 3 (build 300) Tool: armlink [4d35c9]

==============================================================================

Section Cross References

    main.o(i.BUJING_Cotrol) refers to sys.o(i.delay_ms) for delay_ms
    main.o(i.Canshu_Change) refers to _printf_pad.o(.text) for _printf_pre_padding
    main.o(i.Canshu_Change) refers to _printf_percent.o(.ARM.Collect$$_printf_percent$$00000000) for _printf_percent
    main.o(i.Canshu_Change) refers to _printf_d.o(.ARM.Collect$$_printf_percent$$00000009) for _printf_d
    main.o(i.Canshu_Change) refers to _printf_dec.o(.text) for _printf_int_dec
    main.o(i.Canshu_Change) refers to oled.o(i.OLED_Clear) for OLED_Clear
    main.o(i.Canshu_Change) refers to key.o(i.KEY_Scan) for KEY_Scan
    main.o(i.Canshu_Change) refers to noretval__2sprintf.o(.text) for __2sprintf
    main.o(i.Canshu_Change) refers to oled.o(i.OLED_ShowString) for OLED_ShowString
    main.o(i.Canshu_Change) refers to main.o(.data) for mode
    main.o(i.Canshu_Change) refers to main.o(.bss) for buff
    main.o(i.Get_Data) refers to dht11.o(i.DHT11_Read_Data) for DHT11_Read_Data
    main.o(i.Get_Data) refers to bmp280.o(i.bmp280GetData) for bmp280GetData
    main.o(i.Get_Data) refers to ffixu.o(x$fpl$ffixu) for __aeabi_f2uiz
    main.o(i.Get_Data) refers to adc.o(i.get_Adc_Value) for get_Adc_Value
    main.o(i.Get_Data) refers to dht11.o(.data) for DHT11_Hum
    main.o(i.Get_Data) refers to main.o(.data) for bmp280
    main.o(i.Gizwits_Init) refers to timer.o(i.TIM3_Int_Init) for TIM3_Int_Init
    main.o(i.Gizwits_Init) refers to usart3.o(i.usart3_init) for usart3_init
    main.o(i.Gizwits_Init) refers to rt_memclr.o(.text) for __aeabi_memclr
    main.o(i.Gizwits_Init) refers to gizwits_protocol.o(i.gizwitsInit) for gizwitsInit
    main.o(i.Gizwits_Init) refers to main.o(.bss) for currentDataPoint
    main.o(i.WIFI_Contection) refers to noretval__2printf.o(.text) for __2printf
    main.o(i.WIFI_Contection) refers to gizwits_protocol.o(i.gizwitsSetMode) for gizwitsSetMode
    main.o(i.main) refers to _printf_pad.o(.text) for _printf_pre_padding
    main.o(i.main) refers to _printf_percent.o(.ARM.Collect$$_printf_percent$$00000000) for _printf_percent
    main.o(i.main) refers to _printf_d.o(.ARM.Collect$$_printf_percent$$00000009) for _printf_d
    main.o(i.main) refers to _printf_dec.o(.text) for _printf_int_dec
    main.o(i.main) refers to usart.o(i.uart_init) for uart_init
    main.o(i.main) refers to sys.o(i.delay_init) for delay_init
    main.o(i.main) refers to misc.o(i.NVIC_PriorityGroupConfig) for NVIC_PriorityGroupConfig
    main.o(i.main) refers to adc.o(i.Adc1_Channe_Init) for Adc1_Channe_Init
    main.o(i.main) refers to key.o(i.KEY_Init) for KEY_Init
    main.o(i.main) refers to bmp280.o(i.bmp280Init) for bmp280Init
    main.o(i.main) refers to led.o(i.LED_Init) for LED_Init
    main.o(i.main) refers to oled.o(i.OLED_Init) for OLED_Init
    main.o(i.main) refers to oled.o(i.OLED_Clear) for OLED_Clear
    main.o(i.main) refers to main.o(i.Gizwits_Init) for Gizwits_Init
    main.o(i.main) refers to main.o(i.Get_Data) for Get_Data
    main.o(i.main) refers to main.o(i.BUJING_Cotrol) for BUJING_Cotrol
    main.o(i.main) refers to key.o(i.KEY_Scan) for KEY_Scan
    main.o(i.main) refers to oled.o(i.OLED_ShowCHinese) for OLED_ShowCHinese
    main.o(i.main) refers to noretval__2sprintf.o(.text) for __2sprintf
    main.o(i.main) refers to oled.o(i.OLED_ShowString) for OLED_ShowString
    main.o(i.main) refers to main.o(i.userHandle) for userHandle
    main.o(i.main) refers to main.o(i.WIFI_Contection) for WIFI_Contection
    main.o(i.main) refers to gizwits_protocol.o(i.gizwitsHandle) for gizwitsHandle
    main.o(i.main) refers to main.o(i.Canshu_Change) for Canshu_Change
    main.o(i.main) refers to sys.o(i.delay_ms) for delay_ms
    main.o(i.main) refers to main.o(.data) for gz_value
    main.o(i.main) refers to main.o(.bss) for currentDataPoint
    main.o(i.main) refers to dht11.o(.data) for DHT11_Temp
    main.o(i.userHandle) refers to main.o(.bss) for currentDataPoint
    main.o(i.userHandle) refers to main.o(.data) for curtain_flag
    main.o(i.userHandle) refers to dht11.o(.data) for DHT11_Temp
    system_stm32f10x.o(i.SetSysClock) refers to system_stm32f10x.o(i.SetSysClockTo72) for SetSysClockTo72
    system_stm32f10x.o(i.SystemCoreClockUpdate) refers to system_stm32f10x.o(.data) for SystemCoreClock
    system_stm32f10x.o(i.SystemInit) refers to system_stm32f10x.o(i.SetSysClock) for SetSysClock
    led.o(i.LED_Init) refers to stm32f10x_rcc.o(i.RCC_APB2PeriphClockCmd) for RCC_APB2PeriphClockCmd
    led.o(i.LED_Init) refers to stm32f10x_gpio.o(i.GPIO_Init) for GPIO_Init
    led.o(i.LED_Init) refers to stm32f10x_gpio.o(i.GPIO_ResetBits) for GPIO_ResetBits
    key.o(i.KEY_Init) refers to stm32f10x_rcc.o(i.RCC_APB2PeriphClockCmd) for RCC_APB2PeriphClockCmd
    key.o(i.KEY_Init) refers to stm32f10x_gpio.o(i.GPIO_Init) for GPIO_Init
[...]
    i.gizwitsInit                            0x08004b58   Section        0  gizwits_protocol.o(i.gizwitsInit)
    i.gizwitsSetMode                         0x08004bbc   Section        0  gizwits_protocol.o(i.gizwitsSetMode)
    i.iicDevRead                             0x08004e44   Section        0  myiic.o(i.iicDevRead)
    i.iicDevReadByte                         0x08004ea4   Section        0  myiic.o(i.iicDevReadByte)
    i.iicDevWriteByte                        0x08004ee4   Section        0  myiic.o(i.iicDevWriteByte)
    i.main                                   0x08004f14   Section        0  main.o(i.main)
    i.mcuRestart                             0x08005348   Section        0  gizwits_product.o(i.mcuRestart)
    i.pow                                    0x08005378   Section        0  pow.o(i.pow)
    i.presssureFilter                        0x08005d50   Section        0  bmp280.o(i.presssureFilter)
    presssureFilter                          0x08005d51   Thumb Code   240  bmp280.o(i.presssureFilter)
    i.rbCanRead                              0x08005e50   Section        0  ringbuffer.o(i.rbCanRead)
    i.rbCanWrite                             0x08005e88   Section        0  ringbuffer.o(i.rbCanWrite)
    i.rbCapacity                             0x08005ea6   Section        0  ringbuffer.o(i.rbCapacity)
    i.rbCreate                               0x08005eb4   Section        0  ringbuffer.o(i.rbCreate)
    i.rbRead                                 0x08005eca   Section        0  ringbuffer.o(i.rbRead)
    i.rbWrite                                0x08005f6c   Section        0  ringbuffer.o(i.rbWrite)
    i.sqrt                                   0x08006006   Section        0  sqrt.o(i.sqrt)
    i.uartWrite                              0x08006054   Section        0  gizwits_product.o(i.uartWrite)
    i.uart_init                              0x080060b4   Section        0  usart.o(i.uart_init)
    i.usart3_init                            0x08006154   Section        0  usart3.o(i.usart3_init)
    i.userHandle                             0x08006204   Section        0  main.o(i.userHandle)
    x$fpl$d2f                                0x08006288   Section       98  d2f.o(x$fpl$d2f)
    x$fpl$dadd                               0x080062ec   Section      336  daddsub_clz.o(x$fpl$dadd)
    _dadd1                                   0x080062fd   Thumb Code     0  daddsub_clz.o(x$fpl$dadd)
    x$fpl$dcheck1                            0x0800643c   Section       16  dcheck1.o(x$fpl$dcheck1)
    x$fpl$dcmpinf                            0x0800644c   Section       24  dcmpi.o(x$fpl$dcmpinf)
    x$fpl$ddiv                               0x08006464   Section      688  ddiv.o(x$fpl$ddiv)
    ddiv_entry                               0x0800646b   Thumb Code     0  ddiv.o(x$fpl$ddiv)
    x$fpl$dflt                               0x08006714   Section       46  dflt_clz.o(x$fpl$dflt)
    x$fpl$dfltu                              0x08006742   Section       38  dflt_clz.o(x$fpl$dfltu)
    x$fpl$dleqf                              0x08006768   Section      120  dleqf.o(x$fpl$dleqf)
    x$fpl$dmul                               0x080067e0   Section      340  dmul.o(x$fpl$dmul)
    x$fpl$dnaninf                            0x08006934   Section      156  dnaninf.o(x$fpl$dnaninf)
    x$fpl$dretinf                            0x080069d0   Section       12  dretinf.o(x$fpl$dretinf)
    x$fpl$drleqf                             0x080069dc   Section      108  drleqf.o(x$fpl$drleqf)
    x$fpl$drsb                               0x08006a48   Section       22  daddsub_clz.o(x$fpl$drsb)
    x$fpl$dsqrt                              0x08006a60   Section      460  dsqrt_noumaal.o(x$fpl$dsqrt)
    x$fpl$dsub                               0x08006c2c   Section      468  daddsub_clz.o(x$fpl$dsub)
    _dsub1                                   0x08006c3d   Thumb Code     0  daddsub_clz.o(x$fpl$dsub)
    x$fpl$f2d                                0x08006e00   Section       86  f2d.o(x$fpl$f2d)
    x$fpl$fadd                               0x08006e58   Section      196  faddsub_clz.o(x$fpl$fadd)
    _fadd1                                   0x08006e67   Thumb Code     0  faddsub_clz.o(x$fpl$fadd)
    x$fpl$fcmpinf                            0x08006f1c   Section       24  fcmpi.o(x$fpl$fcmpinf)
    x$fpl$fdiv                               0x08006f34   Section      388  fdiv.o(x$fpl$fdiv)
    _fdiv1                                   0x08006f35   Thumb Code     0  fdiv.o(x$fpl$fdiv)
    x$fpl$feqf                               0x080070b8   Section      104  feqf.o(x$fpl$feqf)
    x$fpl$ffixu                              0x08007120   Section       62  ffixu.o(x$fpl$ffixu)
    x$fpl$fleqf                              0x08007160   Section      104  fleqf.o(x$fpl$fleqf)
    x$fpl$fnaninf                            0x080071c8   Section      140  fnaninf.o(x$fpl$fnaninf)
    x$fpl$fretinf                            0x08007254   Section       10  fretinf.o(x$fpl$fretinf)
    x$fpl$frleqf                             0x0800725e   Section       98  frleqf.o(x$fpl$frleqf)
    x$fpl$fsub                               0x080072c0   Section      234  faddsub_clz.o(x$fpl$fsub)
    _fsub1                                   0x080072cf   Thumb Code     0  faddsub_clz.o(x$fpl$fsub)
    x$fpl$retnan                             0x080073aa   Section      100  retnan.o(x$fpl$retnan)
    x$fpl$scalbn                             0x0800740e   Section       92  scalbn.o(x$fpl$scalbn)
    x$fpl$trapveneer                         0x0800746a   Section       48  trapv.o(x$fpl$trapveneer)
    .constdata                               0x0800749a   Section     2088  oled.o(.constdata)
    x$fpl$usenofp                            0x0800749a   Section        0  usenofp.o(x$fpl$usenofp)
    .constdata                               0x08007cc2   Section       40  _printf_hex_int.o(.constdata)
    uc_hextab                                0x08007cc2   Data          20  _printf_hex_int.o(.constdata)
    lc_hextab                                0x08007cd6   Data          20  _printf_hex_int.o(.constdata)
    .constdata                               0x08007cea   Section       17  __printf_flags_wp.o(.constdata)
    maptable                                 0x08007cea   Data          17  __printf_flags_wp.o(.constdata)
    .constdata                               0x08007d00   Section      136  pow.o(.constdata)
    bp                                       0x08007d00   Data          16  pow.o(.constdata)
    dp_h                                     0x08007d10   Data          16  pow.o(.constdata)
    dp_l                                     0x08007d20   Data          16  pow.o(.constdata)
    L                                        0x08007d30   Data          48  pow.o(.constdata)
    P                                        0x08007d60   Data          40  pow.o(.constdata)
    .constdata                               0x08007d88   Section        8  qnan.o(.constdata)
    .data                                    0x20000000   Section       52  main.o(.data)
    bmp280_press                             0x2000002c   Data           4  main.o(.data)
    bmp280                                   0x20000030   Data           4  main.o(.data)
    .data                                    0x20000034   Section       20  system_stm32f10x.o(.data)
    .data                                    0x20000048   Section        1  key.o(.data)
    key_up                                   0x20000048   Data           1  key.o(.data)
    .data                                    0x20000049   Section     1344  oled.o(.data)
    .data                                    0x2000058c   Section       24  bmp280.o(.data)
    bmp280ID                                 0x2000058c   Data           1  bmp280.o(.data)
    isInit                                   0x2000058d   Data           1  bmp280.o(.data)
    bmp280RawPressure                        0x20000590   Data           4  bmp280.o(.data)
    bmp280RawTemperature                     0x20000594   Data           4  bmp280.o(.data)
    i                                        0x20000598   Data           1  bmp280.o(.data)
    t                                        0x2000059c   Data           4  bmp280.o(.data)
    p                                        0x200005a0   Data           4  bmp280.o(.data)
    .data                                    0x200005a4   Section        2  dht11.o(.data)
    .data                                    0x200005a6   Section        4  sys.o(.data)
    fac_us                                   0x200005a6   Data           1  sys.o(.data)
    fac_ms                                   0x200005a8   Data           2  sys.o(.data)
    .data                                    0x200005ac   Section        6  usart.o(.data)
    .data                                    0x200005b2   Section       20  stm32f10x_rcc.o(.data)
    APBAHBPrescTable                         0x200005b2   Data          16  stm32f10x_rcc.o(.data)
    ADCPrescTable                            0x200005c2   Data           4  stm32f10x_rcc.o(.data)
    .data                                    0x200005c8   Section        4  gizwits_product.o(.data)
    timerMsCount                             0x200005c8   Data           4  gizwits_product.o(.data)
    .data                                    0x200005cc   Section       16  gizwits_protocol.o(.data)
    lastReportTime                           0x200005cc   Data           4  gizwits_protocol.o(.data)
    lastRepTime                              0x200005d0   Data           4  gizwits_protocol.o(.data)
    protocolFlag                             0x200005d4   Data           1  gizwits_protocol.o(.data)
    protocolCount                            0x200005d6   Data           2  gizwits_protocol.o(.data)
    lastData                                 0x200005d8   Data           1  gizwits_protocol.o(.data)
    debugCount                               0x200005d9   Data           1  gizwits_protocol.o(.data)
    lastStatus                               0x200005da   Data           2  gizwits_protocol.o(.data)
    .bss                                     0x200005dc   Section       60  main.o(.bss)
    .bss                                     0x20000618   Section       48  bmp280.o(.bss)
    filter_buf                               0x20000634   Data          20  bmp280.o(.bss)
    .bss                                     0x20000648   Section      200  usart.o(.bss)
    .bss                                     0x20000710   Section      471  gizwits_protocol.o(.bss)
    rbBuf                                    0x200008a1   Data          70  gizwits_protocol.o(.bss)
    .bss                                     0x200008e8   Section       96  libspace.o(.bss)
    HEAP                                     0x20000948   Section      512  startup_stm32f10x_hd.o(HEAP)
    Heap_Mem                                 0x20000948   Data         512  startup_stm32f10x_hd.o(HEAP)
    STACK                                    0x20000b48   Section     1024  startup_stm32f10x_hd.o(STACK)
    Stack_Mem                                0x20000b48   Data        1024  startup_stm32f10x_hd.o(STACK)
    __initial_sp                             0x20000f48   Data           0  startup_stm32f10x_hd.o(STACK)

    Global Symbols

    Symbol Name                              Value     Ov Type        Size  Object(Section)

    BuildAttributes$$THM_ISAv4$P$D$K$B$S$PE$A:L22UL41UL21$X:L11$S22US41US21$IEEE1$IW$USESV6$~STKCKD$USESV7$~SHL$OTIME$ROPI$IEEEX$EBA8$UX$STANDARDLIB$REQ8$PRES8$EABIv2 0x00000000   Number         0  anon$$obj.o ABSOLUTE
    __ARM_use_no_argv                        0x00000000   Number         0  main.o ABSOLUTE
    _printf_flags                            0x00000000   Number         0  printf_stubs.o ABSOLUTE
    _printf_return_value                     0x00000000   Number         0  printf_stubs.o ABSOLUTE
    _printf_sizespec                         0x00000000   Number         0  printf_stubs.o ABSOLUTE
    _printf_widthprec                        0x00000000   Number         0  printf_stubs.o ABSOLUTE
    __ARM_exceptions_init                     - Undefined Weak Reference
    __alloca_initialize                       - Undefined Weak Reference
    __arm_preinit_                            - Undefined Weak Reference
    __cpp_initialize__aeabi_                  - Undefined Weak Reference
    __cxa_finalize                            - Undefined Weak Reference
    __sigvec_lookup                           - Undefined Weak Reference
    _atexit_init                              - Undefined Weak Reference
    _call_atexit_fns                          - Undefined Weak Reference
    _clock_init                               - Undefined Weak Reference
    _fp_trap_init                             - Undefined Weak Reference
    _fp_trap_shutdown                         - Undefined Weak Reference
    _get_lc_collate                           - Undefined Weak Reference
    _get_lc_monetary                          - Undefined Weak Reference
    _get_lc_numeric                           - Undefined Weak Reference
    _get_lc_time                              - Undefined Weak Reference
    _getenv_init                              - Undefined Weak Reference
    _handle_redirection                       - Undefined Weak Reference
    _init_alloc                               - Undefined Weak Reference
    _init_user_alloc                          - Undefined Weak Reference
    _initio                                   - Undefined Weak Reference
    _mutex_acquire                            - Undefined Weak Reference
    _mutex_release                            - Undefined Weak Reference
    _printf_truncate_signed                   - Undefined Weak Reference
    _printf_truncate_unsigned                 - Undefined Weak Reference
    _rand_init                                - Undefined Weak Reference
    _signal_finish                            - Undefined Weak Reference
    _signal_init                              - Undefined Weak Reference
    _terminate_alloc                          - Undefined Weak Reference
    _terminate_user_alloc                     - Undefined Weak Reference
    _terminateio                              - Undefined Weak Reference
    __Vectors_Size                           0x00000130   Number         0  startup_stm32f10x_hd.o ABSOLUTE
    __Vectors                                0x08000000   Data           4  startup_stm32f10x_hd.o(RESET)
    __Vectors_End                            0x08000130   Data           0  startup_stm32f10x_hd.o(RESET)
    __main                                   0x08000131   Thumb Code     8  __main.o(!!!main)
    __scatterload                            0x08000139   Thumb Code     0  __scatter.o(!!!scatter)
    __scatterload_rt2                        0x08000139   Thumb Code    44  __scatter.o(!!!scatter)
    __scatterload_rt2_thumb_only             0x08000139   Thumb Code     0  __scatter.o(!!!scatter)
    __scatterload_null                       0x08000147   Thumb Code     0  __scatter.o(!!!scatter)
    __decompress                             0x0800016d   Thumb Code   100  __dclz77c.o(!!dclz77c)
    __decompress2                            0x0800016d   Thumb Code     0  __dclz77c.o(!!dclz77c)
    __scatterload_zeroinit                   0x080001d1   Thumb Code    28  __scatter_zi.o(!!handler_zi)
    _printf_d                                0x080001ed   Thumb Code     0  _printf_d.o(.ARM.Collect$$_printf_percent$$00000009)
    _printf_percent                          0x080001ed   Thumb Code     0  _printf_percent.o(.ARM.Collect$$_printf_percent$$00000000)
    _printf_x                                0x080001f3   Thumb Code     0  _printf_x.o(.ARM.Collect$$_printf_percent$$0000000C)
    _printf_percent_end                      0x080001f9   Thumb Code     0  _printf_percent_end.o(.ARM.Collect$$_printf_percent$$00000017)
    __rt_lib_init                            0x080001fd   Thumb Code     0  libinit.o(.ARM.Collect$$libinit$$00000000)
    __rt_lib_init_alloca_1                   0x080001ff   Thumb Code     0  libinit2.o(.ARM.Collect$$libinit$$0000002E)
    __rt_lib_init_argv_1                     0x080001ff   Thumb Code     0  libinit2.o(.ARM.Collect$$libinit$$0000002C)
    __rt_lib_init_atexit_1                   0x080001ff   Thumb Code     0  libinit2.o(.ARM.Collect$$libinit$$0000001B)
    __rt_lib_init_clock_1                    0x080001ff   Thumb Code     0  libinit2.o(.ARM.Collect$$libinit$$00000021)
    __rt_lib_init_cpp_1                      0x080001ff   Thumb Code     0  libinit2.o(.ARM.Collect$$libinit$$00000032)
    __rt_lib_init_exceptions_1               0x080001ff   Thumb Code     0  libinit2.o(.ARM.Collect$$libinit$$00000030)
    __rt_lib_init_fp_1                       0x080001ff   Thumb Code     0  libinit2.o(.ARM.Collect$$libinit$$00000002)
    __rt_lib_init_fp_trap_1                  0x080001ff   Thumb Code     0  libinit2.o(.ARM.Collect$$libinit$$0000001F)
    __rt_lib_init_getenv_1                   0x080001ff   Thumb Code     0  libinit2.o(.ARM.Collect$$libinit$$00000023)
    __rt_lib_init_heap_1                     0x080001ff   Thumb Code     0  libinit2.o(.ARM.Collect$$libinit$$0000000A)
    __rt_lib_init_lc_collate_1               0x080001ff   Thumb Code     0  libinit2.o(.ARM.Collect$$libinit$$00000011)
    __rt_lib_init_lc_ctype_1                 0x080001ff   Thumb Code     0  libinit2.o(.ARM.Collect$$libinit$$00000013)
    __rt_lib_init_lc_monetary_1              0x080001ff   Thumb Code     0  libinit2.o(.ARM.Collect$$libinit$$00000015)
    __rt_lib_init_lc_numeric_1               0x080001ff   Thumb Code     0  libinit2.o(.ARM.Collect$$libinit$$00000017)
    __rt_lib_init_lc_time_1                  0x080001ff   Thumb Code     0  libinit2.o(.ARM.Collect$$libinit$$00000019)
    __rt_lib_init_preinit_1                  0x080001ff   Thumb Code     0  libinit2.o(.ARM.Collect$$libinit$$00000004)
    __rt_lib_init_rand_1                     0x080001ff   Thumb Code     0  libinit2.o(.ARM.Collect$$libinit$$0000000E)
    __rt_lib_init_return                     0x080001ff   Thumb Code     0  libinit2.o(.ARM.Collect$$libinit$$00000033)
    __rt_lib_init_signal_1                   0x080001ff   Thumb Code     0  libinit2.o(.ARM.Collect$$libinit$$0000001D)
    __rt_lib_init_stdio_1                    0x080001ff   Thumb Code     0  libinit2.o(.ARM.Collect$$libinit$$00000025)
    __rt_lib_init_user_alloc_1               0x080001ff   Thumb Code     0  libinit2.o(.ARM.Collect$$libinit$$0000000C)
    __rt_lib_shutdown                        0x08000201   Thumb Code     0  libshutdown.o(.ARM.Collect$$libshutdown$$00000000)
    __rt_lib_shutdown_cpp_1                  0x08000203   Thumb Code     0  libshutdown2.o(.ARM.Collect$$libshutdown$$00000002)
    __rt_lib_shutdown_fp_trap_1              0x08000203   Thumb Code     0  libshutdown2.o(.ARM.Collect$$libshutdown$$00000007)
    __rt_lib_shutdown_heap_1                 0x08000203   Thumb Code     0  libshutdown2.o(.ARM.Collect$$libshutdown$$0000000F)
    __rt_lib_shutdown_return                 0x08000203   Thumb Code     0  libshutdown2.o(.ARM.Collect$$libshutdown$$00000010)
    __rt_lib_shutdown_signal_1               0x08000203   Thumb Code     0  libshutdown2.o(.ARM.Collect$$libshutdown$$0000000A)
    __rt_lib_shutdown_stdio_1                0x08000203   Thumb Code     0  libshutdown2.o(.ARM.Collect$$libshutdown$$00000004)
    __rt_lib_shutdown_user_alloc_1           0x08000203   Thumb Code     0  libshutdown2.o(.ARM.Collect$$libshutdown$$0000000C)
    __rt_entry                               0x08000205   Thumb Code     0  __rtentry.o(.ARM.Collect$$rtentry$$00000000)
    __rt_entry_presh_1                       0x08000205   Thumb Code     0  __rtentry2.o(.ARM.Collect$$rtentry$$00000002)
    __rt_entry_sh                            0x08000205   Thumb Code     0  __rtentry4.o(.ARM.Collect$$rtentry$$00000004)
    __rt_entry_li                            0x0800020b   Thumb Code     0  __rtentry2.o(.ARM.Collect$$rtentry$$0000000A)
    __rt_entry_postsh_1                      0x0800020b   Thumb Code     0  __rtentry2.o(.ARM.Collect$$rtentry$$00000009)
    __rt_entry_main                          0x0800020f   Thumb Code     0  __rtentry2.o(.ARM.Collect$$rtentry$$0000000D)
    __rt_entry_postli_1                      0x0800020f   Thumb Code     0  __rtentry2.o(.ARM.Collect$$rtentry$$0000000C)
    __rt_exit                                0x08000217   Thumb Code     0  rtexit.o(.ARM.Collect$$rtexit$$00000000)
    __rt_exit_ls                             0x08000219   Thumb Code     0  rtexit2.o(.ARM.Collect$$rtexit$$00000003)
    __rt_exit_prels_1                        0x08000219   Thumb Code     0  rtexit2.o(.ARM.Collect$$rtexit$$00000002)
    __rt_exit_exit                           0x0800021d   Thumb Code     0  rtexit2.o(.ARM.Collect$$rtexit$$00000004)
    Reset_Handler                            0x08000225   Thumb Code     8  startup_stm32f10x_hd.o(.text)
    ADC1_2_IRQHandler                        0x0800023f   Thumb Code     0  startup_stm32f10x_hd.o(.text)
    ADC3_IRQHandler                          0x0800023f   Thumb Code     0  startup_stm32f10x_hd.o(.text)
    CAN1_RX1_IRQHandler                      0x0800023f   Thumb Code     0  startup_stm32f10x_hd.o(.text)
    CAN1_SCE_IRQHandler                      0x0800023f   Thumb Code     0  startup_stm32f10x_hd.o(.text)
    DMA1_Channel1_IRQHandler                 0x0800023f   Thumb Code     0  startup_stm32f10x_hd.o(.text)
    DMA1_Channel2_IRQHandler                 0x0800023f   Thumb Code     0  startup_stm32f10x_hd.o(.text)
    DMA1_Channel3_IRQHandler                 0x0800023f   Thumb Code     0  startup_stm32f10x_hd.o(.text)
    DMA1_Channel4_IRQHandler                 0x0800023f   Thumb Code     0  startup_stm32f10x_hd.o(.text)
    DMA1_Channel5_IRQHandler                 0x0800023f   Thumb Code     0  startup_stm32f10x_hd.o(.text)
    DMA1_Channel6_IRQHandler                 0x0800023f   Thumb Code     0  startup_stm32f10x_hd.o(.text)
    DMA1_Channel7_IRQHandler                 0x0800023f   Thumb Code     0  startup_stm32f10x_hd.o(.text)
    DMA2_Channel1_IRQHandler                 0x0800023f   Thumb Code     0  startup_stm32f10x_hd.o(.text)
    DMA2_Channel2_IRQHandler                 0x0800023f   Thumb Code     0  startup_stm32f10x_hd.o(.text)
    DMA2_Channel3_IRQHandler                 0x0800023f   Thumb Code     0  startup_stm32f10x_hd.o(.text)
    DMA2_Channel4_5_IRQHandler               0x0800023f   Thumb Code     0  startup_stm32f10x_hd.o(.text)
    EXTI0_IRQHandler                         0x0800023f   Thumb Code     0  startup_stm32f10x_hd.o(.text)
    EXTI15_10_IRQHandler                     0x0800023f   Thumb Code     0  startup_stm32f10x_hd.o(.text)
    EXTI1_IRQHandler                         0x0800023f   Thumb Code     0  startup_stm32f10x_hd.o(.text)
    EXTI2_IRQHandler                         0x0800023f   Thumb Code     0  startup_stm32f10x_hd.o(.text)
    EXTI3_IRQHandler                         0x0800023f   Thumb Code     0  startup_stm32f10x_hd.o(.text)
    EXTI4_IRQHandler                         0x0800023f   Thumb Code     0  startup_stm32f10x_hd.o(.text)
    EXTI9_5_IRQHandler                       0x0800023f   Thumb Code     0  startup_stm32f10x_hd.o(.text)
    FLASH_IRQHandler                         0x0800023f   Thumb Code     0  startup_stm32f10x_hd.o(.text)
    FSMC_IRQHandler                          0x0800023f   Thumb Code     0  startup_stm32f10x_hd.o(.text)
    I2C1_ER_IRQHandler                       0x0800023f   Thumb Code     0  startup_stm32f10x_hd.o(.text)
    I2C1_EV_IRQHandler                       0x0800023f   Thumb Code     0  startup_stm32f10x_hd.o(.text)
    I2C2_ER_IRQHandler                       0x0800023f   Thumb Code     0  startup_stm32f10x_hd.o(.text)
    I2C2_EV_IRQHandler                       0x0800023f   Thumb Code     0  startup_stm32f10x_hd.o(.text)
    PVD_IRQHandler                           0x0800023f   Thumb Code     0  startup_stm32f10x_hd.o(.text)
    RCC_IRQHandler                           0x0800023f   Thumb Code     0  startup_stm32f10x_hd.o(.text)
    RTCAlarm_IRQHandler                      0x0800023f   Thumb Code     0  startup_stm32f10x_hd.o(.text)
    RTC_IRQHandler                           0x0800023f   Thumb Code     0  startup_stm32f10x_hd.o(.text)
    SDIO_IRQHandler                          0x0800023f   Thumb Code     0  startup_stm32f10x_hd.o(.text)
    SPI1_IRQHandler                          0x0800023f   Thumb Code     0  startup_stm32f10x_hd.o(.text)
    SPI2_IRQHandler                          0x0800023f   Thumb Code     0  startup_stm32f10x_hd.o(.text)
    SPI3_IRQHandler                          0x0800023f   Thumb Code     0  startup_stm32f10x_hd.o(.text)
    TAMPER_IRQHandler                        0x0800023f   Thumb Code     0  startup_stm32f10x_hd.o(.text)
    TIM1_BRK_IRQHandler                      0x0800023f   Thumb Code     0  startup_stm32f10x_hd.o(.text)
    TIM1_CC_IRQHandler                       0x0800023f   Thumb Code     0  startup_stm32f10x_hd.o(.text)
    TIM1_TRG_COM_IRQHandler                  0x0800023f   Thumb Code     0  startup_stm32f10x_hd.o(.text)
    TIM1_UP_IRQHandler                       0x0800023f   Thumb Code     0  startup_stm32f10x_hd.o(.text)
    TIM5_IRQHandler                          0x0800023f   Thumb Code     0  startup_stm32f10x_hd.o(.text)
    TIM6_IRQHandler                          0x0800023f   Thumb Code     0  startup_stm32f10x_hd.o(.text)
    TIM7_IRQHandler                          0x0800023f   Thumb Code     0  startup_stm32f10x_hd.o(.text)
    TIM8_BRK_IRQHandler                      0x0800023f   Thumb Code     0  startup_stm32f10x_hd.o(.text)
    TIM8_CC_IRQHandler                       0x0800023f   Thumb Code     0  startup_stm32f10x_hd.o(.text)
    TIM8_TRG_COM_IRQHandler                  0x0800023f   Thumb Code     0  startup_stm32f10x_hd.o(.text)
    TIM8_UP_IRQHandler                       0x0800023f   Thumb Code     0  startup_stm32f10x_hd.o(.text)
    UART4_IRQHandler                         0x0800023f   Thumb Code     0  startup_stm32f10x_hd.o(.text)
    UART5_IRQHandler                         0x0800023f   Thumb Code     0  startup_stm32f10x_hd.o(.text)
    USART2_IRQHandler                        0x0800023f   Thumb Code     0  startup_stm32f10x_hd.o(.text)
    USBWakeUp_IRQHandler                     0x0800023f   Thumb Code     0  startup_stm32f10x_hd.o(.text)
    USB_HP_CAN1_TX_IRQHandler                0x0800023f   Thumb Code     0  startup_stm32f10x_hd.o(.text)
    USB_LP_CAN1_RX0_IRQHandler               0x0800023f   Thumb Code     0  startup_stm32f10x_hd.o(.text)
    WWDG_IRQHandler                          0x0800023f   Thumb Code     0  startup_stm32f10x_hd.o(.text)
    __user_initial_stackheap                 0x08000241   Thumb Code     0  startup_stm32f10x_hd.o(.text)
    __use_no_semihosting                     0x08000265   Thumb Code     2  use_no_semi_2.o(.text)
    __aeabi_ldivmod                          0x08000267   Thumb Code     0  llsdiv.o(.text)
    _ll_sdiv                                 0x08000267   Thumb Code    72  llsdiv.o(.text)
    __2printf                                0x080002b1   Thumb Code    20  noretval__2printf.o(.text)
    __2sprintf                               0x080002c9   Thumb Code    34  noretval__2sprintf.o(.text)
    _printf_pre_padding                      0x080002f1   Thumb Code    44  _printf_pad.o(.text)
    _printf_post_padding                     0x0800031d   Thumb Code    34  _printf_pad.o(.text)
    _printf_int_dec                          0x08000341   Thumb Code   104  _printf_dec.o(.text)
    _printf_int_hex                          0x080003b9   Thumb Code    84  _printf_hex_int.o(.text)
    _printf_longlong_hex                     0x080003b9   Thumb Code     0  _printf_hex_int.o(.text)
    __printf                                 0x08000411   Thumb Code   308  __printf_flags_wp.o(.text)
    __aeabi_memcpy                           0x08000549   Thumb Code     0  rt_memcpy_v6.o(.text)
    __rt_memcpy                              0x08000549   Thumb Code   138  rt_memcpy_v6.o(.text)
    _memcpy_lastbytes                        0x080005af   Thumb Code     0  rt_memcpy_v6.o(.text)
    __aeabi_memcpy4                          0x080005d3   Thumb Code     0  rt_memcpy_w.o(.text)
    __aeabi_memcpy8                          0x080005d3   Thumb Code     0  rt_memcpy_w.o(.text)
    __rt_memcpy_w                            0x080005d3   Thumb Code   100  rt_memcpy_w.o(.text)
    _memcpy_lastbytes_aligned                0x0800061b   Thumb Code     0  rt_memcpy_w.o(.text)
    __aeabi_memclr                           0x08000637   Thumb Code     0  rt_memclr.o(.text)
    __rt_memclr                              0x08000637   Thumb Code    68  rt_memclr.o(.text)
    _memset                                  0x0800063b   Thumb Code     0  rt_memclr.o(.text)
    __use_two_region_memory                  0x0800067b   Thumb Code     2  heapauxi.o(.text)
    __rt_heap_escrow$2region                 0x0800067d   Thumb Code     2  heapauxi.o(.text)
    __rt_heap_expand$2region                 0x0800067f   Thumb Code     2  heapauxi.o(.text)
    __I$use$semihosting                      0x08000681   Thumb Code     0  use_no_semi.o(.text)
    __use_no_semihosting_swi                 0x08000681   Thumb Code     2  use_no_semi.o(.text)
    __aeabi_uldivmod                         0x08000683   Thumb Code     0  lludivv7m.o(.text)
    _ll_udiv                                 0x08000683   Thumb Code   238  lludivv7m.o(.text)
    __read_errno                             0x08000771   Thumb Code    10  _rserrno.o(.text)
    __set_errno                              0x0800077b   Thumb Code    12  _rserrno.o(.text)
    _printf_int_common                       0x08000787   Thumb Code   178  _printf_intcommon.o(.text)
    _printf_char_common                      0x08000843   Thumb Code    32  _printf_char_common.o(.text)
    _sputc                                   0x08000869   Thumb Code    10  _sputc.o(.text)
    _printf_char_file                        0x08000875   Thumb Code    32  _printf_char_file.o(.text)
    __aeabi_memclr4                          0x08000899   Thumb Code     0  rt_memclr_w.o(.text)
    __aeabi_memclr8                          0x08000899   Thumb Code     0  rt_memclr_w.o(.text)
    __rt_memclr_w                            0x08000899   Thumb Code    78  rt_memclr_w.o(.text)
    _memset_w                                0x0800089d   Thumb Code     0  rt_memclr_w.o(.text)
    __aeabi_errno_addr                       0x080008e9   Thumb Code     8  rt_errno_addr_intlibspace.o(.text)
    __errno$intlibspace                      0x080008e9   Thumb Code     0  rt_errno_addr_intlibspace.o(.text)
    __rt_errno_addr$intlibspace              0x080008e9   Thumb Code     0  rt_errno_addr_intlibspace.o(.text)
    ferror                                   0x080008f1   Thumb Code     8  ferror.o(.text)
    __user_libspace                          0x080008f9   Thumb Code     8  libspace.o(.text)
    __user_perproc_libspace                  0x080008f9   Thumb Code     0  libspace.o(.text)
    __user_perthread_libspace                0x080008f9   Thumb Code     0  libspace.o(.text)
    __user_setup_stackheap                   0x08000901   Thumb Code    74  sys_stackheap_outer.o(.text)
    exit                                     0x0800094b   Thumb Code    18  exit.o(.text)
    ADC_Cmd                                  0x0800095d   Thumb Code    22  stm32f10x_adc.o(i.ADC_Cmd)
    ADC_DeInit                               0x08000975   Thumb Code    78  stm32f10x_adc.o(i.ADC_DeInit)
    ADC_GetCalibrationStatus                 0x080009d1   Thumb Code    20  stm32f10x_adc.o(i.ADC_GetCalibrationStatus)
    ADC_GetConversionValue                   0x080009e5   Thumb Code     8  stm32f10x_adc.o(i.ADC_GetConversionValue)
    ADC_GetFlagStatus                        0x080009ed   Thumb Code    18  stm32f10x_adc.o(i.ADC_GetFlagStatus)
    ADC_GetResetCalibrationStatus            0x080009ff   Thumb Code    20  stm32f10x_adc.o(i.ADC_GetResetCalibrationStatus)
    ADC_Init                                 0x08000a15   Thumb Code    70  stm32f10x_adc.o(i.ADC_Init)
    ADC_RegularChannelConfig                 0x08000a65   Thumb Code   184  stm32f10x_adc.o(i.ADC_RegularChannelConfig)
    ADC_ResetCalibration                     0x08000b1d   Thumb Code    10  stm32f10x_adc.o(i.ADC_ResetCalibration)
    ADC_SoftwareStartConvCmd                 0x08000b27   Thumb Code    22  stm32f10x_adc.o(i.ADC_SoftwareStartConvCmd)
    ADC_StartCalibration                     0x08000b3d   Thumb Code    10  stm32f10x_adc.o(i.ADC_StartCalibration)
    Adc1_Channe_Init                         0x08000b49   Thumb Code   126  adc.o(i.Adc1_Channe_Init)
    BMP_IIC_Ack                              0x08000bd1   Thumb Code    66  myiic.o(i.BMP_IIC_Ack)
    BMP_IIC_Init                             0x08000c21   Thumb Code    50  myiic.o(i.BMP_IIC_Init)
    BMP_IIC_NAck                             0x08000c61   Thumb Code    66  myiic.o(i.BMP_IIC_NAck)
    BMP_IIC_Read_Byte                        0x08000cb1   Thumb Code    98  myiic.o(i.BMP_IIC_Read_Byte)
    BMP_IIC_Send_Byte                        0x08000d21   Thumb Code    90  myiic.o(i.BMP_IIC_Send_Byte)
    BMP_IIC_Start                            0x08000d89   Thumb Code    64  myiic.o(i.BMP_IIC_Start)
    BMP_IIC_Stop                             0x08000dd5   Thumb Code    62  myiic.o(i.BMP_IIC_Stop)
    BMP_IIC_Wait_Ack                         0x08000e21   Thumb Code    86  myiic.o(i.BMP_IIC_Wait_Ack)
    BUJING_Cotrol                            0x08000e85   Thumb Code   294  main.o(i.BUJING_Cotrol)
    BusFault_Handler                         0x08000fb9   Thumb Code     4  stm32f10x_it.o(i.BusFault_Handler)
    Canshu_Change                            0x08000fbd   Thumb Code  1506  main.o(i.Canshu_Change)
    DHT11_Check                              0x080015c1   Thumb Code    92  dht11.o(i.DHT11_Check)
    DHT11_Read_Bit                           0x08001625   Thumb Code    70  dht11.o(i.DHT11_Read_Bit)
    DHT11_Read_Byte                          0x08001671   Thumb Code    30  dht11.o(i.DHT11_Read_Byte)
    DHT11_Read_Data                          0x0800168f   Thumb Code    88  dht11.o(i.DHT11_Read_Data)
    DHT11_Rst                                0x080016e9   Thumb Code    52  dht11.o(i.DHT11_Rst)
    DebugMon_Handler                         0x08001729   Thumb Code     2  stm32f10x_it.o(i.DebugMon_Handler)
    GPIO_Init                                0x0800172b   Thumb Code   278  stm32f10x_gpio.o(i.GPIO_Init)
    GPIO_PinRemapConfig                      0x08001841   Thumb Code   138  stm32f10x_gpio.o(i.GPIO_PinRemapConfig)
    GPIO_ReadInputDataBit                    0x080018d1   Thumb Code    18  stm32f10x_gpio.o(i.GPIO_ReadInputDataBit)
    GPIO_ResetBits                           0x080018e3   Thumb Code     4  stm32f10x_gpio.o(i.GPIO_ResetBits)
    GPIO_SetBits                             0x080018e7   Thumb Code     4  stm32f10x_gpio.o(i.GPIO_SetBits)
    Get_Data                                 0x080018ed   Thumb Code    84  main.o(i.Get_Data)
    Gizwits_Init                             0x08001965   Thumb Code    34  main.o(i.Gizwits_Init)
    HardFault_Handler                        0x0800198d   Thumb Code     4  stm32f10x_it.o(i.HardFault_Handler)
    KEY_Init                                 0x08001991   Thumb Code    54  key.o(i.KEY_Init)
    KEY_Scan                                 0x080019d1   Thumb Code   192  key.o(i.KEY_Scan)
    LED_Init                                 0x08001a9d   Thumb Code    78  led.o(i.LED_Init)
    MemManage_Handler                        0x08001af9   Thumb Code     4  stm32f10x_it.o(i.MemManage_Handler)
    NMI_Handler                              0x08001afd   Thumb Code     2  stm32f10x_it.o(i.NMI_Handler)
    NVIC_Init                                0x08001b01   Thumb Code   100  misc.o(i.NVIC_Init)
    NVIC_PriorityGroupConfig                 0x08001b71   Thumb Code    10  misc.o(i.NVIC_PriorityGroupConfig)
    OLED_Clear                               0x08001b85   Thumb Code    62  oled.o(i.OLED_Clear)
    OLED_IIC_Start                           0x08001bc5   Thumb Code    44  oled.o(i.OLED_IIC_Start)
    OLED_IIC_Stop                            0x08001bf5   Thumb Code    34  oled.o(i.OLED_IIC_Stop)
    OLED_IIC_Wait_Ack                        0x08001c1d   Thumb Code    24  oled.o(i.OLED_IIC_Wait_Ack)
    OLED_Init                                0x08001c39   Thumb Code   282  oled.o(i.OLED_Init)
    OLED_Set_Pos                             0x08001d5d   Thumb Code    40  oled.o(i.OLED_Set_Pos)
    OLED_ShowCHinese                         0x08001d85   Thumb Code    98  oled.o(i.OLED_ShowCHinese)
    OLED_ShowChar                            0x08001ded   Thumb Code   154  oled.o(i.OLED_ShowChar)
    OLED_ShowString                          0x08001e91   Thumb Code    54  oled.o(i.OLED_ShowString)
    OLED_WR_Byte                             0x08001ec7   Thumb Code    24  oled.o(i.OLED_WR_Byte)
    OLED_Write_IIC_Byte                      0x08001ee1   Thumb Code    88  oled.o(i.OLED_Write_IIC_Byte)
    OLED_Write_IIC_Command                   0x08001f3d   Thumb Code    44  oled.o(i.OLED_Write_IIC_Command)
    OLED_Write_IIC_Data                      0x08001f69   Thumb Code    44  oled.o(i.OLED_Write_IIC_Data)
    PendSV_Handler                           0x08001f95   Thumb Code     2  stm32f10x_it.o(i.PendSV_Handler)
    RCC_APB1PeriphClockCmd                   0x08001f99   Thumb Code    26  stm32f10x_rcc.o(i.RCC_APB1PeriphClockCmd)
    RCC_APB1PeriphResetCmd                   0x08001fb9   Thumb Code    26  stm32f10x_rcc.o(i.RCC_APB1PeriphResetCmd)
    RCC_APB2PeriphClockCmd                   0x08001fd9   Thumb Code    26  stm32f10x_rcc.o(i.RCC_APB2PeriphClockCmd)
    RCC_APB2PeriphResetCmd                   0x08001ff9   Thumb Code    26  stm32f10x_rcc.o(i.RCC_APB2PeriphResetCmd)
    RCC_GetClocksFreq                        0x08002019   Thumb Code   192  stm32f10x_rcc.o(i.RCC_GetClocksFreq)
    SVC_Handler                              0x080020ed   Thumb Code     2  stm32f10x_it.o(i.SVC_Handler)
    SysTick_CLKSourceConfig                  0x080021d9   Thumb Code    40  misc.o(i.SysTick_CLKSourceConfig)
    SysTick_Handler                          0x08002201   Thumb Code     2  stm32f10x_it.o(i.SysTick_Handler)
    SystemInit                               0x08002205   Thumb Code    78  system_stm32f10x.o(i.SystemInit)
    TIM2_IRQHandler                          0x08002265   Thumb Code    22  timer.o(i.TIM2_IRQHandler)
    TIM3_IRQHandler                          0x0800227d   Thumb Code    26  timer.o(i.TIM3_IRQHandler)
    TIM3_Int_Init                            0x0800229d   Thumb Code    80  timer.o(i.TIM3_Int_Init)
    TIM4_IRQHandler                          0x080022f1   Thumb Code    20  timer.o(i.TIM4_IRQHandler)
    TIM_ClearITPendingBit                    0x08002309   Thumb Code     6  stm32f10x_tim.o(i.TIM_ClearITPendingBit)
    TIM_Cmd                                  0x0800230f   Thumb Code    24  stm32f10x_tim.o(i.TIM_Cmd)
    TIM_GetITStatus                          0x08002327   Thumb Code    34  stm32f10x_tim.o(i.TIM_GetITStatus)
    TIM_TimeBaseInit                         0x08002349   Thumb Code   122  stm32f10x_tim.o(i.TIM_TimeBaseInit)
    USART1_IRQHandler                        0x080023ed   Thumb Code   122  usart.o(i.USART1_IRQHandler)
    USART3_IRQHandler                        0x08002475   Thumb Code    34  usart3.o(i.USART3_IRQHandler)
    USART_Cmd                                0x0800249d   Thumb Code    24  stm32f10x_usart.o(i.USART_Cmd)
    USART_DeInit                             0x080024b5   Thumb Code   134  stm32f10x_usart.o(i.USART_DeInit)
    USART_GetFlagStatus                      0x08002551   Thumb Code    26  stm32f10x_usart.o(i.USART_GetFlagStatus)
    USART_GetITStatus                        0x0800256b   Thumb Code    84  stm32f10x_usart.o(i.USART_GetITStatus)
    USART_ITConfig                           0x080025bf   Thumb Code    74  stm32f10x_usart.o(i.USART_ITConfig)
    USART_Init                               0x08002609   Thumb Code   210  stm32f10x_usart.o(i.USART_Init)
    USART_ReceiveData                        0x080026e1   Thumb Code    10  stm32f10x_usart.o(i.USART_ReceiveData)
    USART_SendData                           0x080026eb   Thumb Code     8  stm32f10x_usart.o(i.USART_SendData)
    UsageFault_Handler                       0x080026f3   Thumb Code     4  stm32f10x_it.o(i.UsageFault_Handler)
    WIFI_Contection                          0x080026f9   Thumb Code    38  main.o(i.WIFI_Contection)
    __ARM_fpclassify                         0x08002759   Thumb Code    40  fpclassify.o(i.__ARM_fpclassify)
    __kernel_poly                            0x08002781   Thumb Code   170  poly.o(i.__kernel_poly)
    __mathlib_dbl_divzero                    0x0800282d   Thumb Code    12  dunder.o(i.__mathlib_dbl_divzero)
    __mathlib_dbl_infnan2                    0x0800283d   Thumb Code     4  dunder.o(i.__mathlib_dbl_infnan2)
    __mathlib_dbl_invalid                    0x08002841   Thumb Code    12  dunder.o(i.__mathlib_dbl_invalid)
    __mathlib_dbl_overflow                   0x0800284d   Thumb Code    14  dunder.o(i.__mathlib_dbl_overflow)
    __mathlib_dbl_underflow                  0x0800285d   Thumb Code    10  dunder.o(i.__mathlib_dbl_underflow)
    _is_digit                                0x0800286d   Thumb Code    14  __printf_wp.o(i._is_digit)
    _sys_exit                                0x0800287b   Thumb Code     4  usart.o(i._sys_exit)
    bmp280GetData                            0x08002a79   Thumb Code   118  bmp280.o(i.bmp280GetData)
    bmp280Init                               0x08002b55   Thumb Code   100  bmp280.o(i.bmp280Init)
    delay_init                               0x08002c55   Thumb Code    50  sys.o(i.delay_init)
    delay_ms                                 0x08002c99   Thumb Code    72  sys.o(i.delay_ms)
    delay_us                                 0x08002ce5   Thumb Code    72  sys.o(i.delay_us)
    exchangeBytes                            0x08002d31   Thumb Code    26  common.o(i.exchangeBytes)
    exchangeWord                             0x08002d4b   Thumb Code    26  common.o(i.exchangeWord)
    fputc                                    0x08002d65   Thumb Code    24  usart.o(i.fputc)
    get_Adc_Value                            0x08002d81   Thumb Code    46  adc.o(i.get_Adc_Value)
    gizAcrossByteJudge                       0x08002db5   Thumb Code    42  datapointtools.o(i.gizAcrossByteJudge)
    gizByteOrderExchange                     0x08002ddf   Thumb Code    50  datapointtools.o(i.gizByteOrderExchange)
    gizGetTimerCount                         0x080033b5   Thumb Code     6  gizwits_product.o(i.gizGetTimerCount)
    gizProtocolSum                           0x080041cd   Thumb Code    38  common.o(i.gizProtocolSum)
    gizPutData                               0x080042a1   Thumb Code    52  gizwits_protocol.o(i.gizPutData)
    gizStandardCompressValue                 0x080043e9   Thumb Code   128  datapointtools.o(i.gizStandardCompressValue)
    gizStandardDecompressionValue            0x08004469   Thumb Code   194  datapointtools.o(i.gizStandardDecompressionValue)
    gizTimerMs                               0x0800452d   Thumb Code    12  gizwits_product.o(i.gizTimerMs)
    gizX2Y                                   0x0800453d   Thumb Code    12  datapointtools.o(i.gizX2Y)
    gizY2X                                   0x08004549   Thumb Code    14  datapointtools.o(i.gizY2X)
    gizwitsEventProcess                      0x08004559   Thumb Code   400  gizwits_product.o(i.gizwitsEventProcess)
    gizwitsHandle                            0x0800483d   Thumb Code   548  gizwits_protocol.o(i.gizwitsHandle)
    gizwitsInit                              0x08004b59   Thumb Code    46  gizwits_protocol.o(i.gizwitsInit)
    gizwitsSetMode                           0x08004bbd   Thumb Code   590  gizwits_protocol.o(i.gizwitsSetMode)
    iicDevRead                               0x08004e45   Thumb Code    96  myiic.o(i.iicDevRead)
    iicDevReadByte                           0x08004ea5   Thumb Code    64  myiic.o(i.iicDevReadByte)
    iicDevWriteByte                          0x08004ee5   Thumb Code    48  myiic.o(i.iicDevWriteByte)
    main                                     0x08004f15   Thumb Code   948  main.o(i.main)
    mcuRestart                               0x08005349   Thumb Code    38  gizwits_product.o(i.mcuRestart)
    pow                                      0x08005379   Thumb Code  2512  pow.o(i.pow)
    rbCanRead                                0x08005e51   Thumb Code    56  ringbuffer.o(i.rbCanRead)
    rbCanWrite                               0x08005e89   Thumb Code    30  ringbuffer.o(i.rbCanWrite)
    rbCapacity                               0x08005ea7   Thumb Code    14  ringbuffer.o(i.rbCapacity)
    rbCreate                                 0x08005eb5   Thumb Code    22  ringbuffer.o(i.rbCreate)
    rbRead                                   0x08005ecb   Thumb Code   162  ringbuffer.o(i.rbRead)
    rbWrite                                  0x08005f6d   Thumb Code   154  ringbuffer.o(i.rbWrite)
    sqrt                                     0x08006007   Thumb Code    76  sqrt.o(i.sqrt)
    uartWrite                                0x08006055   Thumb Code    88  gizwits_product.o(i.uartWrite)
    uart_init                                0x080060b5   Thumb Code   152  usart.o(i.uart_init)
    usart3_init                              0x08006155   Thumb Code   166  usart3.o(i.usart3_init)
    userHandle                               0x08006205   Thumb Code    90  main.o(i.userHandle)
    __aeabi_d2f                              0x08006289   Thumb Code     0  d2f.o(x$fpl$d2f)
    _d2f                                     0x08006289   Thumb Code    98  d2f.o(x$fpl$d2f)
    __aeabi_dadd                             0x080062ed   Thumb Code     0  daddsub_clz.o(x$fpl$dadd)
    _dadd                                    0x080062ed   Thumb Code   332  daddsub_clz.o(x$fpl$dadd)
    __fpl_dcheck_NaN1                        0x0800643d   Thumb Code    10  dcheck1.o(x$fpl$dcheck1)
    __fpl_dcmp_Inf                           0x0800644d   Thumb Code    24  dcmpi.o(x$fpl$dcmpinf)
    __aeabi_ddiv                             0x08006465   Thumb Code     0  ddiv.o(x$fpl$ddiv)
    _ddiv                                    0x08006465   Thumb Code   552  ddiv.o(x$fpl$ddiv)
    __aeabi_i2d                              0x08006715   Thumb Code     0  dflt_clz.o(x$fpl$dflt)
    _dflt                                    0x08006715   Thumb Code    46  dflt_clz.o(x$fpl$dflt)
    __aeabi_ui2d                             0x08006743   Thumb Code     0  dflt_clz.o(x$fpl$dfltu)
    _dfltu                                   0x08006743   Thumb Code    38  dflt_clz.o(x$fpl$dfltu)
    __aeabi_cdcmple                          0x08006769   Thumb Code     0  dleqf.o(x$fpl$dleqf)
    _dcmple                                  0x08006769   Thumb Code   120  dleqf.o(x$fpl$dleqf)
    __fpl_dcmple_InfNaN                      0x080067cb   Thumb Code     0  dleqf.o(x$fpl$dleqf)
    __aeabi_dmul                             0x080067e1   Thumb Code     0  dmul.o(x$fpl$dmul)
    _dmul                                    0x080067e1   Thumb Code   332  dmul.o(x$fpl$dmul)
    __fpl_dnaninf                            0x08006935   Thumb Code   156  dnaninf.o(x$fpl$dnaninf)
    __fpl_dretinf                            0x080069d1   Thumb Code    12  dretinf.o(x$fpl$dretinf)
    __aeabi_cdrcmple                         0x080069dd   Thumb Code     0  drleqf.o(x$fpl$drleqf)
    _drcmple                                 0x080069dd   Thumb Code   108  drleqf.o(x$fpl$drleqf)
    __aeabi_drsub                            0x08006a49   Thumb Code     0  daddsub_clz.o(x$fpl$drsb)
    _drsb                                    0x08006a49   Thumb Code    22  daddsub_clz.o(x$fpl$drsb)
    _dsqrt                                   0x08006a61   Thumb Code   456  dsqrt_noumaal.o(x$fpl$dsqrt)
    __aeabi_dsub                             0x08006c2d   Thumb Code     0  daddsub_clz.o(x$fpl$dsub)
    _dsub                                    0x08006c2d   Thumb Code   464  daddsub_clz.o(x$fpl$dsub)
    __aeabi_f2d                              0x08006e01   Thumb Code     0  f2d.o(x$fpl$f2d)
    _f2d                                     0x08006e01   Thumb Code    86  f2d.o(x$fpl$f2d)
    __aeabi_fadd                             0x08006e59   Thumb Code     0  faddsub_clz.o(x$fpl$fadd)
    _fadd                                    0x08006e59   Thumb Code   196  faddsub_clz.o(x$fpl$fadd)
    __fpl_fcmp_Inf                           0x08006f1d   Thumb Code    24  fcmpi.o(x$fpl$fcmpinf)
    __aeabi_fdiv                             0x08006f35   Thumb Code     0  fdiv.o(x$fpl$fdiv)
    _fdiv                                    0x08006f35   Thumb Code   384  fdiv.o(x$fpl$fdiv)
    __aeabi_cfcmpeq                          0x080070b9   Thumb Code     0  feqf.o(x$fpl$feqf)
    _fcmpeq                                  0x080070b9   Thumb Code   104  feqf.o(x$fpl$feqf)
    __aeabi_f2uiz                            0x08007121   Thumb Code     0  ffixu.o(x$fpl$ffixu)
    _ffixu                                   0x08007121   Thumb Code    62  ffixu.o(x$fpl$ffixu)
    __aeabi_cfcmple                          0x08007161   Thumb Code     0  fleqf.o(x$fpl$fleqf)
    _fcmple                                  0x08007161   Thumb Code   104  fleqf.o(x$fpl$fleqf)
    __fpl_fcmple_InfNaN                      0x080071b3   Thumb Code     0  fleqf.o(x$fpl$fleqf)
    __fpl_fnaninf                            0x080071c9   Thumb Code   140  fnaninf.o(x$fpl$fnaninf)
    __fpl_fretinf                            0x08007255   Thumb Code    10  fretinf.o(x$fpl$fretinf)
    __aeabi_cfrcmple                         0x0800725f   Thumb Code     0  frleqf.o(x$fpl$frleqf)
    _frcmple                                 0x0800725f   Thumb Code    98  frleqf.o(x$fpl$frleqf)
    __aeabi_fsub                             0x080072c1   Thumb Code     0  faddsub_clz.o(x$fpl$fsub)
    _fsub                                    0x080072c1   Thumb Code   234  faddsub_clz.o(x$fpl$fsub)
    __fpl_return_NaN                         0x080073ab   Thumb Code   100  retnan.o(x$fpl$retnan)
    __ARM_scalbn                             0x0800740f   Thumb Code    92  scalbn.o(x$fpl$scalbn)
    __fpl_cmpreturn                          0x0800746b   Thumb Code    48  trapv.o(x$fpl$trapveneer)
    F6x8                                     0x0800749a   Data         552  oled.o(.constdata)
    __I$use$fp                               0x0800749a   Number         0  usenofp.o(x$fpl$usenofp)
    F8X16                                    0x080076c2   Data        1536  oled.o(.constdata)
    __mathlib_zero                           0x08007d88   Data           8  qnan.o(.constdata)
    Region$$Table$$Base                      0x08007d90   Number         0  anon$$obj.o(Region$$Table)
    Region$$Table$$Limit                     0x08007db0   Number         0  anon$$obj.o(Region$$Table)
    STM32_xx0                                0x20000000   Data           4  main.o(.data)
    STM32_xx1                                0x20000004   Data           4  main.o(.data)
    STM32_xx2                                0x20000008   Data           4  main.o(.data)
    count                                    0x2000000c   Data           1  main.o(.data)
    wifi_sta                                 0x2000000d   Data           1  main.o(.data)
    mode                                     0x2000000e   Data           1  main.o(.data)
    NTP_sta                                  0x2000000f   Data           1  main.o(.data)
    display_contrl                           0x20000010   Data           1  main.o(.data)
    curtain_flag                             0x20000011   Data           1  main.o(.data)
    last_curtain_flag                        0x20000012   Data           1  main.o(.data)
    Pre                                      0x20000014   Data           2  main.o(.data)
    gz_value                                 0x20000016   Data           2  main.o(.data)
    m2_value                                 0x20000018   Data           2  main.o(.data)
    m7_value                                 0x2000001a   Data           2  main.o(.data)
    m135_value                               0x2000001c   Data           2  main.o(.data)
    A_DHT11_Temp                             0x2000001e   Data           2  main.o(.data)
    A_DHT11_Hum                              0x20000020   Data           2  main.o(.data)
    A_pre                                    0x20000022   Data           2  main.o(.data)
    A_gz_value                               0x20000024   Data           2  main.o(.data)
    A_m2_value                               0x20000026   Data           2  main.o(.data)
    A_m7_value                               0x20000028   Data           2  main.o(.data)
    A_m135_value                             0x2000002a   Data           2  main.o(.data)
    SystemCoreClock                          0x20000034   Data           4  system_stm32f10x.o(.data)
    AHBPrescTable                            0x20000038   Data          16  system_stm32f10x.o(.data)
    Hzk                                      0x20000049   Data        1344  oled.o(.data)
    DHT11_Temp                               0x200005a4   Data           1  dht11.o(.data)
    DHT11_Hum                                0x200005a5   Data           1  dht11.o(.data)
    __stdout                                 0x200005ac   Data           4  usart.o(.data)
    USART_RX_STA                             0x200005b0   Data           2  usart.o(.data)
    buff                                     0x200005dc   Data          30  main.o(.bss)
    currentDataPoint                         0x200005fa   Data          30  main.o(.bss)
    bmp280Cal                                0x20000618   Data          28  bmp280.o(.bss)
    USART_RX_BUF                             0x20000648   Data         200  usart.o(.bss)
    gizwitsProtocol                          0x20000710   Data         385  gizwits_protocol.o(.bss)
    pRb                                      0x20000891   Data          16  gizwits_protocol.o(.bss)
    __libspace_start                         0x200008e8   Data          96  libspace.o(.bss)
    __temporary_stack_top$libspace           0x20000948   Data           0  libspace.o(.bss)



==============================================================================

Memory Map of the image

  Image Entry point : 0x08000225

  Load Region LR_1 (Base: 0x08000000, Size: 0x0000838c, Max: 0xffffffff, ABSOLUTE, COMPRESSED[0x00008000])

    Execution Region ER_RO (Base: 0x08000000, Size: 0x00007db0, Max: 0xffffffff, ABSOLUTE)

    Base Addr    Size         Type   Attr      Idx    E Section Name        Object

    0x08000000   0x00000130   Data   RO          918    RESET               startup_stm32f10x_hd.o
    0x08000130   0x00000008   Code   RO         3182  * !!!main             c_w.l(__main.o)
    0x08000138   0x00000034   Code   RO         3509    !!!scatter          c_w.l(__scatter.o)
    0x0800016c   0x00000064   Code   RO         3507    !!dclz77c           c_w.l(__dclz77c.o)
    0x080001d0   0x0000001c   Code   RO         3511    !!handler_zi        c_w.l(__scatter_zi.o)
    0x080001ec   0x00000000   Code   RO         3171    .ARM.Collect$$_printf_percent$$00000000  c_w.l(_printf_percent.o)
    0x080001ec   0x00000006   Code   RO         3170    .ARM.Collect$$_printf_percent$$00000009  c_w.l(_printf_d.o)
    0x080001f2   0x00000006   Code   RO         3169    .ARM.Collect$$_printf_percent$$0000000C  c_w.l(_printf_x.o)
    0x080001f8   0x00000004   Code   RO         3269    .ARM.Collect$$_printf_percent$$00000017  c_w.l(_printf_percent_end.o)
    0x080001fc   0x00000002   Code   RO         3376    .ARM.Collect$$libinit$$00000000  c_w.l(libinit.o)
    0x080001fe   0x00000000   Code   RO         3378    .ARM.Collect$$libinit$$00000002  c_w.l(libinit2.o)
    0x080001fe   0x00000000   Code   RO         3380    .ARM.Collect$$libinit$$00000004  c_w.l(libinit2.o)
    0x080001fe   0x00000000   Code   RO         3383    .ARM.Collect$$libinit$$0000000A  c_w.l(libinit2.o)
    0x080001fe   0x00000000   Code   RO         3385    .ARM.Collect$$libinit$$0000000C  c_w.l(libinit2.o)
    0x080001fe   0x00000000   Code   RO         3387    .ARM.Collect$$libinit$$0000000E  c_w.l(libinit2.o)
    0x080001fe   0x00000000   Code   RO         3390    .ARM.Collect$$libinit$$00000011  c_w.l(libinit2.o)
    0x080001fe   0x00000000   Code   RO         3392    .ARM.Collect$$libinit$$00000013  c_w.l(libinit2.o)
    0x080001fe   0x00000000   Code   RO         3394    .ARM.Collect$$libinit$$00000015  c_w.l(libinit2.o)
    0x080001fe   0x00000000   Code   RO         3396    .ARM.Collect$$libinit$$00000017  c_w.l(libinit2.o)
    0x080001fe   0x00000000   Code   RO         3398    .ARM.Collect$$libinit$$00000019  c_w.l(libinit2.o)
    0x080001fe   0x00000000   Code   RO         3400    .ARM.Collect$$libinit$$0000001B  c_w.l(libinit2.o)
    0x080001fe   0x00000000   Code   RO         3402    .ARM.Collect$$libinit$$0000001D  c_w.l(libinit2.o)
    0x080001fe   0x00000000   Code   RO         3404    .ARM.Collect$$libinit$$0000001F  c_w.l(libinit2.o)
    0x080001fe   0x00000000   Code   RO         3406    .ARM.Collect$$libinit$$00000021  c_w.l(libinit2.o)
    0x080001fe   0x00000000   Code   RO         3408    .ARM.Collect$$libinit$$00000023  c_w.l(libinit2.o)
    0x080001fe   0x00000000   Code   RO         3410    .ARM.Collect$$libinit$$00000025  c_w.l(libinit2.o)
    0x080001fe   0x00000000   Code   RO         3414    .ARM.Collect$$libinit$$0000002C  c_w.l(libinit2.o)
    0x080001fe   0x00000000   Code   RO         3416    .ARM.Collect$$libinit$$0000002E  c_w.l(libinit2.o)
    0x080001fe   0x00000000   Code   RO         3418    .ARM.Collect$$libinit$$00000030  c_w.l(libinit2.o)
    0x080001fe   0x00000000   Code   RO         3420    .ARM.Collect$$libinit$$00000032  c_w.l(libinit2.o)
    0x080001fe   0x00000002   Code   RO         3421    .ARM.Collect$$libinit$$00000033  c_w.l(libinit2.o)
    0x08000200   0x00000002   Code   RO         3467    .ARM.Collect$$libshutdown$$00000000  c_w.l(libshutdown.o)
    0x08000202   0x00000000   Code   RO         3476    .ARM.Collect$$libshutdown$$00000002  c_w.l(libshutdown2.o)
    0x08000202   0x00000000   Code   RO         3478    .ARM.Collect$$libshutdown$$00000004  c_w.l(libshutdown2.o)
    0x08000202   0x00000000   Code   RO         3481    .ARM.Collect$$libshutdown$$00000007  c_w.l(libshutdown2.o)
    0x08000202   0x00000000   Code   RO         3484    .ARM.Collect$$libshutdown$$0000000A  c_w.l(libshutdown2.o)
    0x08000202   0x00000000   Code   RO         3486    .ARM.Collect$$libshutdown$$0000000C  c_w.l(libshutdown2.o)
    0x08000202   0x00000000   Code   RO         3489    .ARM.Collect$$libshutdown$$0000000F  c_w.l(libshutdown2.o)
    0x08000202   0x00000002   Code   RO         3490    .ARM.Collect$$libshutdown$$00000010  c_w.l(libshutdown2.o)
    0x08000204   0x00000000   Code   RO         3254    .ARM.Collect$$rtentry$$00000000  c_w.l(__rtentry.o)
    0x08000204   0x00000000   Code   RO         3319    .ARM.Collect$$rtentry$$00000002  c_w.l(__rtentry2.o)
    0x08000204   0x00000006   Code   RO         3331    .ARM.Collect$$rtentry$$00000004  c_w.l(__rtentry4.o)
    0x0800020a   0x00000000   Code   RO         3321    .ARM.Collect$$rtentry$$00000009  c_w.l(__rtentry2.o)
    0x0800020a   0x00000004   Code   RO         3322    .ARM.Collect$$rtentry$$0000000A  c_w.l(__rtentry2.o)
    0x0800020e   0x00000000   Code   RO         3324    .ARM.Collect$$rtentry$$0000000C  c_w.l(__rtentry2.o)
    0x0800020e   0x00000008   Code   RO         3325    .ARM.Collect$$rtentry$$0000000D  c_w.l(__rtentry2.o)
    0x08000216   0x00000002   Code   RO         3424    .ARM.Collect$$rtexit$$00000000  c_w.l(rtexit.o)
    0x08000218   0x00000000   Code   RO         3437    .ARM.Collect$$rtexit$$00000002  c_w.l(rtexit2.o)
    0x08000218   0x00000004   Code   RO         3438    .ARM.Collect$$rtexit$$00000003  c_w.l(rtexit2.o)
    0x0800021c   0x00000006   Code   RO         3439    .ARM.Collect$$rtexit$$00000004  c_w.l(rtexit2.o)
    0x08000222   0x00000002   PAD
    0x08000224   0x00000040   Code   RO          919  * .text               startup_stm32f10x_hd.o
    0x08000264   0x00000002   Code   RO         3108    .text               c_w.l(use_no_semi_2.o)
    0x08000266   0x00000048   Code   RO         3110    .text               c_w.l(llsdiv.o)
    0x080002ae   0x00000002   PAD
    0x080002b0   0x00000018   Code   RO         3118    .text               c_w.l(noretval__2printf.o)
    0x080002c8   0x00000028   Code   RO         3120    .text               c_w.l(noretval__2sprintf.o)
    0x080002f0   0x0000004e   Code   RO         3124    .text               c_w.l(_printf_pad.o)
    0x0800033e   0x00000002   PAD
    0x08000340   0x00000078   Code   RO         3126    .text               c_w.l(_printf_dec.o)
    0x080003b8   0x00000058   Code   RO         3131    .text               c_w.l(_printf_hex_int.o)
    0x08000410   0x00000138   Code   RO         3161    .text               c_w.l(__printf_flags_wp.o)
    0x08000548   0x0000008a   Code   RO         3174    .text               c_w.l(rt_memcpy_v6.o)
    0x080005d2   0x00000064   Code   RO         3176    .text               c_w.l(rt_memcpy_w.o)
    0x08000636   0x00000044   Code   RO         3178    .text               c_w.l(rt_memclr.o)
    0x0800067a   0x00000006   Code   RO         3180    .text               c_w.l(heapauxi.o)
    0x08000680   0x00000002   Code   RO         3252    .text               c_w.l(use_no_semi.o)
    0x08000682   0x000000ee   Code   RO         3257    .text               c_w.l(lludivv7m.o)
    0x08000770   0x00000016   Code   RO         3259    .text               c_w.l(_rserrno.o)
    0x08000786   0x000000b2   Code   RO         3261    .text               c_w.l(_printf_intcommon.o)
    0x08000838   0x00000030   Code   RO         3263    .text               c_w.l(_printf_char_common.o)
    0x08000868   0x0000000a   Code   RO         3265    .text               c_w.l(_sputc.o)
    0x08000872   0x00000002   PAD
    0x08000874   0x00000024   Code   RO         3267    .text               c_w.l(_printf_char_file.o)
    0x08000898   0x0000004e   Code   RO         3270    .text               c_w.l(rt_memclr_w.o)
    0x080008e6   0x00000002   PAD
    0x080008e8   0x00000008   Code   RO         3345    .text               c_w.l(rt_errno_addr_intlibspace.o)
    0x080008f0   0x00000008   Code   RO         3349    .text               c_w.l(ferror.o)
    0x080008f8   0x00000008   Code   RO         3360    .text               c_w.l(libspace.o)
    0x08000900   0x0000004a   Code   RO         3363    .text               c_w.l(sys_stackheap_outer.o)
    0x0800094a   0x00000012   Code   RO         3367    .text               c_w.l(exit.o)
    0x0800095c   0x00000016   Code   RO         2031    i.ADC_Cmd           stm32f10x_adc.o
    0x08000972   0x00000002   PAD
    0x08000974   0x0000005c   Code   RO         2033    i.ADC_DeInit        stm32f10x_adc.o
    0x080009d0   0x00000014   Code   RO         2039    i.ADC_GetCalibrationStatus  stm32f10x_adc.o
    0x080009e4   0x00000008   Code   RO         2040    i.ADC_GetConversionValue  stm32f10x_adc.o
    0x080009ec   0x00000012   Code   RO         2042    i.ADC_GetFlagStatus  stm32f10x_adc.o
    0x080009fe   0x00000014   Code   RO         2045    i.ADC_GetResetCalibrationStatus  stm32f10x_adc.o
    0x08000a12   0x00000002   PAD
    0x08000a14   0x00000050   Code   RO         2049    i.ADC_Init          stm32f10x_adc.o
    0x08000a64   0x000000b8   Code   RO         2053    i.ADC_RegularChannelConfig  stm32f10x_adc.o
    0x08000b1c   0x0000000a   Code   RO         2054    i.ADC_ResetCalibration  stm32f10x_adc.o
    0x08000b26   0x00000016   Code   RO         2056    i.ADC_SoftwareStartConvCmd  stm32f10x_adc.o
    0x08000b3c   0x0000000a   Code   RO         2058    i.ADC_StartCalibration  stm32f10x_adc.o
    0x08000b46   0x00000002   PAD
    0x08000b48   0x00000088   Code   RO          618    i.Adc1_Channe_Init  adc.o
    0x08000bd0   0x00000050   Code   RO          690    i.BMP_IIC_Ack       myiic.o
    0x08000c20   0x00000040   Code   RO          691    i.BMP_IIC_Init      myiic.o
    0x08000c60   0x00000050   Code   RO          692    i.BMP_IIC_NAck      myiic.o
    0x08000cb0   0x00000070   Code   RO          693    i.BMP_IIC_Read_Byte  myiic.o
    0x08000d20   0x00000068   Code   RO          694    i.BMP_IIC_Send_Byte  myiic.o
    0x08000d88   0x0000004c   Code   RO          695    i.BMP_IIC_Start     myiic.o
    0x08000dd4   0x0000004c   Code   RO          696    i.BMP_IIC_Stop      myiic.o
    0x08000e20   0x00000064   Code   RO          697    i.BMP_IIC_Wait_Ack  myiic.o
    0x08000e84   0x00000134   Code   RO            1    i.BUJING_Cotrol     main.o
    0x08000fb8   0x00000004   Code   RO          203    i.BusFault_Handler  stm32f10x_it.o
    0x08000fbc   0x00000604   Code   RO            2    i.Canshu_Change     main.o
    0x080015c0   0x00000064   Code   RO          771    i.DHT11_Check       dht11.o
    0x08001624   0x0000004c   Code   RO          773    i.DHT11_Read_Bit    dht11.o
    0x08001670   0x0000001e   Code   RO          774    i.DHT11_Read_Byte   dht11.o
    0x0800168e   0x00000058   Code   RO          775    i.DHT11_Read_Data   dht11.o
    0x080016e6   0x00000002   PAD
    0x080016e8   0x00000040   Code   RO          776    i.DHT11_Rst         dht11.o
    0x08001728   0x00000002   Code   RO          204    i.DebugMon_Handler  stm32f10x_it.o
    0x0800172a   0x00000116   Code   RO          965    i.GPIO_Init         stm32f10x_gpio.o
    0x08001840   0x00000090   Code   RO          967    i.GPIO_PinRemapConfig  stm32f10x_gpio.o
    0x080018d0   0x00000012   Code   RO          969    i.GPIO_ReadInputDataBit  stm32f10x_gpio.o
    0x080018e2   0x00000004   Code   RO          972    i.GPIO_ResetBits    stm32f10x_gpio.o
    0x080018e6   0x00000004   Code   RO          973    i.GPIO_SetBits      stm32f10x_gpio.o
    0x080018ea   0x00000002   PAD
    0x080018ec   0x00000078   Code   RO            3    i.Get_Data          main.o
    0x08001964   0x00000028   Code   RO            4    i.Gizwits_Init      main.o
    0x0800198c   0x00000004   Code   RO          205    i.HardFault_Handler  stm32f10x_it.o
    0x08001990   0x00000040   Code   RO          338    i.KEY_Init          key.o
    0x080019d0   0x000000cc   Code   RO          339    i.KEY_Scan          key.o
    0x08001a9c   0x0000005c   Code   RO          326    i.LED_Init          led.o
    0x08001af8   0x00000004   Code   RO          206    i.MemManage_Handler  stm32f10x_it.o
    0x08001afc   0x00000002   Code   RO          207    i.NMI_Handler       stm32f10x_it.o
    0x08001afe   0x00000002   PAD
    0x08001b00   0x00000070   Code   RO          923    i.NVIC_Init         misc.o
    0x08001b70   0x00000014   Code   RO          924    i.NVIC_PriorityGroupConfig  misc.o
    0x08001b84   0x0000003e   Code   RO          423    i.OLED_Clear        oled.o
    0x08001bc2   0x00000002   PAD
    0x08001bc4   0x00000030   Code   RO          429    i.OLED_IIC_Start    oled.o
    0x08001bf4   0x00000028   Code   RO          430    i.OLED_IIC_Stop     oled.o
    0x08001c1c   0x0000001c   Code   RO          431    i.OLED_IIC_Wait_Ack  oled.o
    0x08001c38   0x00000124   Code   RO          432    i.OLED_Init         oled.o
    0x08001d5c   0x00000028   Code   RO          439    i.OLED_Set_Pos      oled.o
    0x08001d84   0x00000068   Code   RO          440    i.OLED_ShowCHinese  oled.o
    0x08001dec   0x000000a4   Code   RO          441    i.OLED_ShowChar     oled.o
    0x08001e90   0x00000036   Code   RO          443    i.OLED_ShowString   oled.o
    0x08001ec6   0x00000018   Code   RO          444    i.OLED_WR_Byte      oled.o
    0x08001ede   0x00000002   PAD
    0x08001ee0   0x0000005c   Code   RO          445    i.OLED_Write_IIC_Byte  oled.o
    0x08001f3c   0x0000002c   Code   RO          446    i.OLED_Write_IIC_Command  oled.o
    0x08001f68   0x0000002c   Code   RO          447    i.OLED_Write_IIC_Data  oled.o
    0x08001f94   0x00000002   Code   RO          208    i.PendSV_Handler    stm32f10x_it.o
    0x08001f96   0x00000002   PAD
    0x08001f98   0x00000020   Code   RO         1099    i.RCC_APB1PeriphClockCmd  stm32f10x_rcc.o
    0x08001fb8   0x00000020   Code   RO         1100    i.RCC_APB1PeriphResetCmd  stm32f10x_rcc.o
    0x08001fd8   0x00000020   Code   RO         1101    i.RCC_APB2PeriphClockCmd  stm32f10x_rcc.o
    0x08001ff8   0x00000020   Code   RO         1102    i.RCC_APB2PeriphResetCmd  stm32f10x_rcc.o
    0x08002018   0x000000d4   Code   RO         1109    i.RCC_GetClocksFreq  stm32f10x_rcc.o
    0x080020ec   0x00000002   Code   RO          209    i.SVC_Handler       stm32f10x_it.o
    0x080020ee   0x00000008   Code   RO          292    i.SetSysClock       system_stm32f10x.o
    0x080020f6   0x00000002   PAD
    0x080020f8   0x000000e0   Code   RO          293    i.SetSysClockTo72   system_stm32f10x.o
    0x080021d8   0x00000028   Code   RO          927    i.SysTick_CLKSourceConfig  misc.o
    0x08002200   0x00000002   Code   RO          210    i.SysTick_Handler   stm32f10x_it.o
    0x08002202   0x00000002   PAD
    0x08002204   0x00000060   Code   RO          295    i.SystemInit        system_stm32f10x.o
    0x08002264   0x00000016   Code   RO          357    i.TIM2_IRQHandler   timer.o
    0x0800227a   0x00000002   PAD
    0x0800227c   0x00000020   Code   RO          359    i.TIM3_IRQHandler   timer.o
    0x0800229c   0x00000054   Code   RO          360    i.TIM3_Int_Init     timer.o
    0x080022f0   0x00000018   Code   RO          361    i.TIM4_IRQHandler   timer.o
    0x08002308   0x00000006   Code   RO         1488    i.TIM_ClearITPendingBit  stm32f10x_tim.o
    0x0800230e   0x00000018   Code   RO         1493    i.TIM_Cmd           stm32f10x_tim.o
    0x08002326   0x00000022   Code   RO         1514    i.TIM_GetITStatus   stm32f10x_tim.o
    0x08002348   0x000000a4   Code   RO         1564    i.TIM_TimeBaseInit  stm32f10x_tim.o
    0x080023ec   0x00000088   Code   RO          865    i.USART1_IRQHandler  usart.o
    0x08002474   0x00000028   Code   RO          403    i.USART3_IRQHandler  usart3.o
    0x0800249c   0x00000018   Code   RO         1301    i.USART_Cmd         stm32f10x_usart.o
    0x080024b4   0x0000009c   Code   RO         1303    i.USART_DeInit      stm32f10x_usart.o
    0x08002550   0x0000001a   Code   RO         1304    i.USART_GetFlagStatus  stm32f10x_usart.o
    0x0800256a   0x00000054   Code   RO         1305    i.USART_GetITStatus  stm32f10x_usart.o
    0x080025be   0x0000004a   Code   RO         1307    i.USART_ITConfig    stm32f10x_usart.o
    0x08002608   0x000000d8   Code   RO         1308    i.USART_Init        stm32f10x_usart.o
    0x080026e0   0x0000000a   Code   RO         1315    i.USART_ReceiveData  stm32f10x_usart.o
    0x080026ea   0x00000008   Code   RO         1318    i.USART_SendData    stm32f10x_usart.o
    0x080026f2   0x00000004   Code   RO          211    i.UsageFault_Handler  stm32f10x_it.o
    0x080026f6   0x00000002   PAD
    0x080026f8   0x00000060   Code   RO            5    i.WIFI_Contection   main.o
    0x08002758   0x00000028   Code   RO         3305    i.__ARM_fpclassify  m_ws.l(fpclassify.o)
    0x08002780   0x000000aa   Code   RO         3307    i.__kernel_poly     m_ws.l(poly.o)
    0x0800282a   0x00000002   PAD
    0x0800282c   0x00000010   Code   RO         3291    i.__mathlib_dbl_divzero  m_ws.l(dunder.o)
    0x0800283c   0x00000004   Code   RO         3293    i.__mathlib_dbl_infnan2  m_ws.l(dunder.o)
    0x08002840   0x0000000c   Code   RO         3294    i.__mathlib_dbl_invalid  m_ws.l(dunder.o)
    0x0800284c   0x0000000e   Code   RO         3295    i.__mathlib_dbl_overflow  m_ws.l(dunder.o)
    0x0800285a   0x00000002   PAD
    0x0800285c   0x00000010   Code   RO         3297    i.__mathlib_dbl_underflow  m_ws.l(dunder.o)
    0x0800286c   0x0000000e   Code   RO         3159    i._is_digit         c_w.l(__printf_wp.o)
    0x0800287a   0x00000004   Code   RO          866    i._sys_exit         usart.o
    0x0800287e   0x00000002   PAD
    0x08002880   0x000001b0   Code   RO          643    i.bmp280CompensateP  bmp280.o
    0x08002a30   0x00000048   Code   RO          644    i.bmp280CompensateT  bmp280.o
    0x08002a78   0x00000090   Code   RO          645    i.bmp280GetData     bmp280.o
    0x08002b08   0x0000004c   Code   RO          646    i.bmp280GetPressure  bmp280.o
    0x08002b54   0x00000084   Code   RO          647    i.bmp280Init        bmp280.o
    0x08002bd8   0x0000007c   Code   RO          648    i.bmp280PressureToAltitude  bmp280.o
    0x08002c54   0x00000044   Code   RO          820    i.delay_init        sys.o
    0x08002c98   0x0000004c   Code   RO          821    i.delay_ms          sys.o
    0x08002ce4   0x0000004c   Code   RO          822    i.delay_us          sys.o
    0x08002d30   0x0000001a   Code   RO         2923    i.exchangeBytes     common.o
    0x08002d4a   0x0000001a   Code   RO         2924    i.exchangeWord      common.o
    0x08002d64   0x0000001c   Code   RO          867    i.fputc             usart.o
    0x08002d80   0x00000034   Code   RO          619    i.get_Adc_Value     adc.o
    0x08002db4   0x0000002a   Code   RO         2992    i.gizAcrossByteJudge  datapointtools.o
    0x08002dde   0x00000032   Code   RO         2993    i.gizByteOrderExchange  datapointtools.o
    0x08002e10   0x000001d8   Code   RO         2763    i.gizCheckReport    gizwits_protocol.o
    0x08002fe8   0x00000210   Code   RO         2764    i.gizDataPoint2Event  gizwits_protocol.o
    0x080031f8   0x00000100   Code   RO         2765    i.gizDataPoints2ReportData  gizwits_protocol.o
    0x080032f8   0x000000bc   Code   RO         2766    i.gizDevReportPolicy  gizwits_protocol.o
    0x080033b4   0x0000000c   Code   RO         2705    i.gizGetTimerCount  gizwits_product.o
    0x080033c0   0x0000008c   Code   RO         2767    i.gizProtocolAckHandle  gizwits_protocol.o
    0x0800344c   0x000000a0   Code   RO         2768    i.gizProtocolCommonAck  gizwits_protocol.o
    0x080034ec   0x000000a4   Code   RO         2769    i.gizProtocolErrorCmd  gizwits_protocol.o
    0x08003590   0x0000017c   Code   RO         2770    i.gizProtocolGetDeviceInfo  gizwits_protocol.o
    0x0800370c   0x000001a8   Code   RO         2771    i.gizProtocolGetOnePacket  gizwits_protocol.o
    0x080038b4   0x00000050   Code   RO         2772    i.gizProtocolHeadInit  gizwits_protocol.o
    0x08003904   0x0000013c   Code   RO         2773    i.gizProtocolIssuedDataAck  gizwits_protocol.o
    0x08003a40   0x0000010c   Code   RO         2774    i.gizProtocolIssuedProcess  gizwits_protocol.o
    0x08003b4c   0x0000005c   Code   RO         2775    i.gizProtocolModuleInfoHandle  gizwits_protocol.o
    0x08003ba8   0x00000504   Code   RO         2776    i.gizProtocolModuleStatus  gizwits_protocol.o
    0x080040ac   0x00000088   Code   RO         2777    i.gizProtocolNTP    gizwits_protocol.o
    0x08004134   0x0000001c   Code   RO         2778    i.gizProtocolReboot  gizwits_protocol.o
    0x08004150   0x0000007c   Code   RO         2779    i.gizProtocolResendData  gizwits_protocol.o
    0x080041cc   0x00000026   Code   RO         2926    i.gizProtocolSum    common.o
    0x080041f2   0x00000002   PAD
    0x080041f4   0x00000064   Code   RO         2780    i.gizProtocolWaitAck  gizwits_protocol.o
    0x08004258   0x00000048   Code   RO         2781    i.gizProtocolWaitAckCheck  gizwits_protocol.o
    0x080042a0   0x00000074   Code   RO         2782    i.gizPutData        gizwits_protocol.o
    0x08004314   0x000000d4   Code   RO         2783    i.gizReportData     gizwits_protocol.o
    0x080043e8   0x00000080   Code   RO         2994    i.gizStandardCompressValue  datapointtools.o
    0x08004468   0x000000c2   Code   RO         2995    i.gizStandardDecompressionValue  datapointtools.o
    0x0800452a   0x00000002   PAD
    0x0800452c   0x00000010   Code   RO         2706    i.gizTimerMs        gizwits_product.o
    0x0800453c   0x0000000c   Code   RO         2998    i.gizX2Y            datapointtools.o
    0x08004548   0x0000000e   Code   RO         3000    i.gizY2X            datapointtools.o
    0x08004556   0x00000002   PAD
    0x08004558   0x000002e4   Code   RO         2707    i.gizwitsEventProcess  gizwits_product.o
    0x0800483c   0x0000031c   Code   RO         2786    i.gizwitsHandle     gizwits_protocol.o
    0x08004b58   0x00000064   Code   RO         2787    i.gizwitsInit       gizwits_protocol.o
    0x08004bbc   0x00000288   Code   RO         2789    i.gizwitsSetMode    gizwits_protocol.o
    0x08004e44   0x00000060   Code   RO          698    i.iicDevRead        myiic.o
    0x08004ea4   0x00000040   Code   RO          699    i.iicDevReadByte    myiic.o
    0x08004ee4   0x00000030   Code   RO          701    i.iicDevWriteByte   myiic.o
    0x08004f14   0x00000434   Code   RO            6    i.main              main.o
    0x08005348   0x00000030   Code   RO         2708    i.mcuRestart        gizwits_product.o
    0x08005378   0x000009d8   Code   RO         3243    i.pow               m_ws.l(pow.o)
    0x08005d50   0x00000100   Code   RO          649    i.presssureFilter   bmp280.o
    0x08005e50   0x00000038   Code   RO         3058    i.rbCanRead         ringbuffer.o
    0x08005e88   0x0000001e   Code   RO         3059    i.rbCanWrite        ringbuffer.o
    0x08005ea6   0x0000000e   Code   RO         3060    i.rbCapacity        ringbuffer.o
    0x08005eb4   0x00000016   Code   RO         3061    i.rbCreate          ringbuffer.o
    0x08005eca   0x000000a2   Code   RO         3063    i.rbRead            ringbuffer.o
    0x08005f6c   0x0000009a   Code   RO         3064    i.rbWrite           ringbuffer.o
    0x08006006   0x0000004c   Code   RO         3311    i.sqrt              m_ws.l(sqrt.o)
    0x08006052   0x00000002   PAD
    0x08006054   0x00000060   Code   RO         2709    i.uartWrite         gizwits_product.o
    0x080060b4   0x000000a0   Code   RO          868    i.uart_init         usart.o
    0x08006154   0x000000b0   Code   RO          404    i.usart3_init       usart3.o
    0x08006204   0x00000084   Code   RO            7    i.userHandle        main.o
    0x08006288   0x00000062   Code   RO         3184    x$fpl$d2f           fz_ws.l(d2f.o)
    0x080062ea   0x00000002   PAD
    0x080062ec   0x00000150   Code   RO         3186    x$fpl$dadd          fz_ws.l(daddsub_clz.o)
    0x0800643c   0x00000010   Code   RO         3356    x$fpl$dcheck1       fz_ws.l(dcheck1.o)
    0x0800644c   0x00000018   Code   RO         3272    x$fpl$dcmpinf       fz_ws.l(dcmpi.o)
    0x08006464   0x000002b0   Code   RO         3193    x$fpl$ddiv          fz_ws.l(ddiv.o)
    0x08006714   0x0000002e   Code   RO         3205    x$fpl$dflt          fz_ws.l(dflt_clz.o)
    0x08006742   0x00000026   Code   RO         3204    x$fpl$dfltu         fz_ws.l(dflt_clz.o)
    0x08006768   0x00000078   Code   RO         3210    x$fpl$dleqf         fz_ws.l(dleqf.o)
    0x080067e0   0x00000154   Code   RO         3212    x$fpl$dmul          fz_ws.l(dmul.o)
    0x08006934   0x0000009c   Code   RO         3274    x$fpl$dnaninf       fz_ws.l(dnaninf.o)
    0x080069d0   0x0000000c   Code   RO         3276    x$fpl$dretinf       fz_ws.l(dretinf.o)
    0x080069dc   0x0000006c   Code   RO         3278    x$fpl$drleqf        fz_ws.l(drleqf.o)
    0x08006a48   0x00000016   Code   RO         3187    x$fpl$drsb          fz_ws.l(daddsub_clz.o)
    0x08006a5e   0x00000002   PAD
    0x08006a60   0x000001cc   Code   RO         3358    x$fpl$dsqrt         fz_ws.l(dsqrt_noumaal.o)
    0x08006c2c   0x000001d4   Code   RO         3188    x$fpl$dsub          fz_ws.l(daddsub_clz.o)
    0x08006e00   0x00000056   Code   RO         3214    x$fpl$f2d           fz_ws.l(f2d.o)
    0x08006e56   0x00000002   PAD
    0x08006e58   0x000000c4   Code   RO         3216    x$fpl$fadd          fz_ws.l(faddsub_clz.o)
    0x08006f1c   0x00000018   Code   RO         3280    x$fpl$fcmpinf       fz_ws.l(fcmpi.o)
    0x08006f34   0x00000184   Code   RO         3223    x$fpl$fdiv          fz_ws.l(fdiv.o)
    0x080070b8   0x00000068   Code   RO         3226    x$fpl$feqf          fz_ws.l(feqf.o)
    0x08007120   0x0000003e   Code   RO         3228    x$fpl$ffixu         fz_ws.l(ffixu.o)
    0x0800715e   0x00000002   PAD
    0x08007160   0x00000068   Code   RO         3282    x$fpl$fleqf         fz_ws.l(fleqf.o)
    0x080071c8   0x0000008c   Code   RO         3284    x$fpl$fnaninf       fz_ws.l(fnaninf.o)
    0x08007254   0x0000000a   Code   RO         3286    x$fpl$fretinf       fz_ws.l(fretinf.o)
    0x0800725e   0x00000062   Code   RO         3240    x$fpl$frleqf        fz_ws.l(frleqf.o)
    0x080072c0   0x000000ea   Code   RO         3218    x$fpl$fsub          fz_ws.l(faddsub_clz.o)
    0x080073aa   0x00000064   Code   RO         3422    x$fpl$retnan        fz_ws.l(retnan.o)
    0x0800740e   0x0000005c   Code   RO         3288    x$fpl$scalbn        fz_ws.l(scalbn.o)
    0x0800746a   0x00000030   Code   RO         3434    x$fpl$trapveneer    fz_ws.l(trapv.o)
    0x0800749a   0x00000000   Code   RO         3290    x$fpl$usenofp       fz_ws.l(usenofp.o)
    0x0800749a   0x00000828   Data   RO          451    .constdata          oled.o
    0x08007cc2   0x00000028   Data   RO         3132    .constdata          c_w.l(_printf_hex_int.o)
    0x08007cea   0x00000011   Data   RO         3162    .constdata          c_w.l(__printf_flags_wp.o)
    0x08007cfb   0x00000005   PAD
    0x08007d00   0x00000088   Data   RO         3244    .constdata          m_ws.l(pow.o)
    0x08007d88   0x00000008   Data   RO         3309    .constdata          m_ws.l(qnan.o)
    0x08007d90   0x00000020   Data   RO         3505    Region$$Table       anon$$obj.o


    Execution Region ER_RW (Base: 0x20000000, Size: 0x000005dc, Max: 0xffffffff, ABSOLUTE, COMPRESSED[0x00000250])

    Base Addr    Size         Type   Attr      Idx    E Section Name        Object

    0x20000000   0x00000034   Data   RW            9    .data               main.o
    0x20000034   0x00000014   Data   RW          296    .data               system_stm32f10x.o
    0x20000048   0x00000001   Data   RW          340    .data               key.o
    0x20000049   0x00000540   Data   RW          452    .data               oled.o
    0x20000589   0x00000003   PAD
    0x2000058c   0x00000018   Data   RW          651    .data               bmp280.o
    0x200005a4   0x00000002   Data   RW          777    .data               dht11.o
    0x200005a6   0x00000004   Data   RW          823    .data               sys.o
    0x200005aa   0x00000002   PAD
    0x200005ac   0x00000006   Data   RW          870    .data               usart.o
    0x200005b2   0x00000014   Data   RW         1129    .data               stm32f10x_rcc.o
    0x200005c6   0x00000002   PAD
    0x200005c8   0x00000004   Data   RW         2711    .data               gizwits_product.o
    0x200005cc   0x00000010   Data   RW         2791    .data               gizwits_protocol.o


    Execution Region ER_ZI (Base: 0x200005dc, Size: 0x0000096c, Max: 0xffffffff, ABSOLUTE)

    Base Addr    Size         Type   Attr      Idx    E Section Name        Object

    0x200005dc   0x0000003c   Zero   RW            8    .bss                main.o
    0x20000618   0x00000030   Zero   RW          650    .bss                bmp280.o
    0x20000648   0x000000c8   Zero   RW          869    .bss                usart.o
    0x20000710   0x000001d7   Zero   RW         2790    .bss                gizwits_protocol.o
    0x200008e7   0x00000001   PAD
    0x200008e8   0x00000060   Zero   RW         3361    .bss                c_w.l(libspace.o)
    0x20000948   0x00000200   Zero   RW          917    HEAP                startup_stm32f10x_hd.o
    0x20000b48   0x00000400   Zero   RW          916    STACK               startup_stm32f10x_hd.o


==============================================================================

Image component sizes


      Code (inc. data)   RO Data    RW Data    ZI Data      Debug   Object Name

       188         16          0          0          0       1175   adc.o
      1236        118          0         24         48       5765   bmp280.o
        90          0          0          0          0       2116   common.o
       440          0          0          0          0       5073   datapointtools.o
       358         26          0          2          0       3638   dht11.o
       912        394          0          4          0      19174   gizwits_product.o
      7084       2240          0         16        471      19282   gizwits_protocol.o
       268         22          0          1          0       1206   key.o
        92         14          0          0          0        519   led.o
      3312        494          0         52         60     277582   main.o
       172         22          0          0          0       2109   misc.o
       900        110          0          0          0       6842   myiic.o
      1036         44       2088       1344          0       8943   oled.o
       438          0          0          0          0       4120   ringbuffer.o
        64         26        304          0       1536        804   startup_stm32f10x_hd.o
       486         24          0          0          0       8758   stm32f10x_adc.o
       448          6          0          0          0       4574   stm32f10x_gpio.o
        26          0          0          0          0       3822   stm32f10x_it.o
       340         44          0         20          0       5676   stm32f10x_rcc.o
       228         42          0          0          0       3035   stm32f10x_tim.o
       598         28          0          0          0       6900   stm32f10x_usart.o
       220         26          0          4          0       1775   sys.o
       328         28          0         20          0       2157   system_stm32f10x.o
       162         14          0          0          0       2118   timer.o
       328         26          0          6        200       4216   usart.o
       216         16          0          0          0       1246   usart3.o

    ----------------------------------------------------------------------
     20004       3780       2424       1500       2316     402625   Object Totals
         0          0         32          0          0          0   (incl. Generated)
        34          0          0          7          1          0   (incl. Padding)

    ----------------------------------------------------------------------

      Code (inc. data)   RO Data    RW Data    ZI Data      Debug   Library Member Name

       100          0          0          0          0          0   __dclz77c.o
         8          0          0          0          0         68   __main.o
       312          4         17          0          0         92   __printf_flags_wp.o
        14          0          0          0          0         68   __printf_wp.o
         0          0          0          0          0          0   __rtentry.o
        12          0          0          0          0          0   __rtentry2.o
         6          0          0          0          0          0   __rtentry4.o
        52          8          0          0          0          0   __scatter.o
        28          0          0          0          0          0   __scatter_zi.o
        48          6          0          0          0         96   _printf_char_common.o
        36          4          0          0          0         80   _printf_char_file.o
         6          0          0          0          0          0   _printf_d.o
       120         16          0          0          0         92   _printf_dec.o
        88          4         40          0          0         88   _printf_hex_int.o
       178          0          0          0          0         88   _printf_intcommon.o
        78          0          0          0          0        108   _printf_pad.o
         0          0          0          0          0          0   _printf_percent.o
         4          0          0          0          0          0   _printf_percent_end.o
         6          0          0          0          0          0   _printf_x.o
        22          0          0          0          0        100   _rserrno.o
        10          0          0          0          0         68   _sputc.o
        18          0          0          0          0         80   exit.o
         8          0          0          0          0         68   ferror.o
         6          0          0          0          0        152   heapauxi.o
         2          0          0          0          0          0   libinit.o
         2          0          0          0          0          0   libinit2.o
         2          0          0          0          0          0   libshutdown.o
         2          0          0          0          0          0   libshutdown2.o
         8          4          0          0         96         68   libspace.o
        72          0          0          0          0         76   llsdiv.o
       238          0          0          0          0        100   lludivv7m.o
        24          4          0          0          0         84   noretval__2printf.o
        40          6          0          0          0         84   noretval__2sprintf.o
         8          4          0          0          0         68   rt_errno_addr_intlibspace.o
        68          0          0          0          0         68   rt_memclr.o
        78          0          0          0          0         80   rt_memclr_w.o
       138          0          0          0          0         68   rt_memcpy_v6.o
       100          0          0          0          0         80   rt_memcpy_w.o
         2          0          0          0          0          0   rtexit.o
        10          0          0          0          0          0   rtexit2.o
        74          0          0          0          0         80   sys_stackheap_outer.o
         2          0          0          0          0         68   use_no_semi.o
         2          0          0          0          0         68   use_no_semi_2.o
        98          4          0          0          0         92   d2f.o
       826         16          0          0          0        348   daddsub_clz.o
        16          4          0          0          0         68   dcheck1.o
        24          0          0          0          0         68   dcmpi.o
       688        140          0          0          0        208   ddiv.o
        84          0          0          0          0        136   dflt_clz.o
       120          4          0          0          0         92   dleqf.o
       340         12          0          0          0        104   dmul.o
       156          4          0          0          0         92   dnaninf.o
        12          0          0          0          0         68   dretinf.o
       108          0          0          0          0         80   drleqf.o
       460         56          0          0          0        120   dsqrt_noumaal.o
        86          4          0          0          0         84   f2d.o
       430          8          0          0          0        168   faddsub_clz.o
        24          0          0          0          0         68   fcmpi.o
       388         76          0          0          0         96   fdiv.o
       104          4          0          0          0         84   feqf.o
        62          4          0          0          0         84   ffixu.o
       104          4          0          0          0         84   fleqf.o
       140          4          0          0          0         84   fnaninf.o
        10          0          0          0          0         68   fretinf.o
        98          0          0          0          0         68   frleqf.o
       100          0          0          0          0         68   retnan.o
        92          0          0          0          0         68   scalbn.o
        48          0          0          0          0         68   trapv.o
         0          0          0          0          0          0   usenofp.o
        62         10          0          0          0        340   dunder.o
        40          0          0          0          0         68   fpclassify.o
       170          0          0          0          0         96   poly.o
      2520        190        136          0          0        324   pow.o
         0          0          8          0          0          0   qnan.o
        76          0          0          0          0         84   sqrt.o

    ----------------------------------------------------------------------
      9542        604        206          0         96       5720   Library Totals
        24          0          5          0          0          0   (incl. Padding)

    ----------------------------------------------------------------------

      Code (inc. data)   RO Data    RW Data    ZI Data      Debug   Library Name

      2032         60         57          0         96       2240   c_w.l
      4618        344          0          0          0       2568   fz_ws.l
      2868        200        144          0          0        912   m_ws.l

    ----------------------------------------------------------------------
      9542        604        206          0         96       5720   Library Totals

    ----------------------------------------------------------------------

==============================================================================


      Code (inc. data)   RO Data    RW Data    ZI Data      Debug   

     29546       4384       2630       1500       2412     397473   Grand Totals
     29546       4384       2630        592       2412     397473   ELF Image Totals (compressed)
     29546       4384       2630        592          0          0   ROM Totals

==============================================================================

    Total RO  Size (Code + RO Data)                32176 (  31.42kB)
    Total RW  Size (RW Data + ZI Data)              3912 (   3.82kB)
    Total ROM Size (Code + RO Data + RW Data)      32768 (  32.00kB)

==============================================================================

